<?xml version="1.0" encoding="ISO-8859-1" ?>
<link_info>
   <banner>TMS320C2000 Linker PC v18.1.4.LTS</banner>
   <copyright>Copyright (c) 1996-2018 Texas Instruments Incorporated</copyright>
   <link_time>0x5de5c711</link_time>
   <link_errors>0x0</link_errors>
   <output_file>screen_w_BIOS.out</output_file>
   <entry_point>
      <name>_c_int00</name>
      <address>0x3f1583</address>
   </entry_point>
   <input_file_list>
      <input_file id="fl-2">
         <path>.\</path>
         <kind>object</kind>
         <file>CodeStartBranch.obj</file>
         <name>CodeStartBranch.obj</name>
      </input_file>
      <input_file id="fl-3">
         <path>.\</path>
         <kind>object</kind>
         <file>DeviceInit_18Nov2018.obj</file>
         <name>DeviceInit_18Nov2018.obj</name>
      </input_file>
      <input_file id="fl-4">
         <path>.\</path>
         <kind>object</kind>
         <file>F2802x_GlobalVariableDefs.obj</file>
         <name>F2802x_GlobalVariableDefs.obj</name>
      </input_file>
      <input_file id="fl-5">
         <path>.\</path>
         <kind>object</kind>
         <file>main_file.obj</file>
         <name>main_file.obj</name>
      </input_file>
      <input_file id="fl-6">
         <path>.\</path>
         <kind>object</kind>
         <file>spi_screen.obj</file>
         <name>spi_screen.obj</name>
      </input_file>
      <input_file id="fl-a">
         <path>C:\Users\Joseph\Desktop\Romalo_project\screen_w_BIOS\Debug\configPkg\package\cfg\</path>
         <kind>object</kind>
         <file>main_file_p28L.o28L</file>
         <name>main_file_p28L.o28L</name>
      </input_file>
      <input_file id="fl-11">
         <kind>object</kind>
         <file>&lt;internal&gt;</file>
         <name>&lt;internal&gt;</name>
      </input_file>
      <input_file id="fl-12">
         <path>C:\Users\Joseph\Desktop\Romalo_project\screen_w_BIOS\src\sysbios\</path>
         <kind>archive</kind>
         <file>sysbios.a28L</file>
         <name>BIOS.obj</name>
      </input_file>
      <input_file id="fl-13">
         <path>C:\Users\Joseph\Desktop\Romalo_project\screen_w_BIOS\src\sysbios\</path>
         <kind>archive</kind>
         <file>sysbios.a28L</file>
         <name>c28_Hwi_asm.obj</name>
      </input_file>
      <input_file id="fl-14">
         <path>C:\Users\Joseph\Desktop\Romalo_project\screen_w_BIOS\src\sysbios\</path>
         <kind>archive</kind>
         <file>sysbios.a28L</file>
         <name>c28_Hwi_disp_asm.obj</name>
      </input_file>
      <input_file id="fl-15">
         <path>C:\Users\Joseph\Desktop\Romalo_project\screen_w_BIOS\src\sysbios\</path>
         <kind>archive</kind>
         <file>sysbios.a28L</file>
         <name>c28_IntrinsicsSupport_asm.obj</name>
      </input_file>
      <input_file id="fl-16">
         <path>C:\Users\Joseph\Desktop\Romalo_project\screen_w_BIOS\src\sysbios\</path>
         <kind>archive</kind>
         <file>sysbios.a28L</file>
         <name>c28_TaskSupport_asm.obj</name>
      </input_file>
      <input_file id="fl-17">
         <path>C:\ti_v8\bios_6_76_03_01\packages\ti\catalog\c2800\init\lib\</path>
         <kind>archive</kind>
         <file>Boot.a28L</file>
         <name>Boot.o28L</name>
      </input_file>
      <input_file id="fl-18">
         <path>C:\ti_v8\bios_6_76_03_01\packages\ti\targets\rts2800\lib\</path>
         <kind>archive</kind>
         <file>ti.targets.rts2800.a28L</file>
         <name>Assert.o28L</name>
      </input_file>
      <input_file id="fl-19">
         <path>C:\ti_v8\bios_6_76_03_01\packages\ti\targets\rts2800\lib\</path>
         <kind>archive</kind>
         <file>ti.targets.rts2800.a28L</file>
         <name>Core-mem.o28L</name>
      </input_file>
      <input_file id="fl-1a">
         <path>C:\ti_v8\bios_6_76_03_01\packages\ti\targets\rts2800\lib\</path>
         <kind>archive</kind>
         <file>ti.targets.rts2800.a28L</file>
         <name>Core-smem.o28L</name>
      </input_file>
      <input_file id="fl-1b">
         <path>C:\ti_v8\bios_6_76_03_01\packages\ti\targets\rts2800\lib\</path>
         <kind>archive</kind>
         <file>ti.targets.rts2800.a28L</file>
         <name>Core-label.o28L</name>
      </input_file>
      <input_file id="fl-1c">
         <path>C:\ti_v8\bios_6_76_03_01\packages\ti\targets\rts2800\lib\</path>
         <kind>archive</kind>
         <file>ti.targets.rts2800.a28L</file>
         <name>Core-params.o28L</name>
      </input_file>
      <input_file id="fl-1d">
         <path>C:\ti_v8\bios_6_76_03_01\packages\ti\targets\rts2800\lib\</path>
         <kind>archive</kind>
         <file>ti.targets.rts2800.a28L</file>
         <name>Error.o28L</name>
      </input_file>
      <input_file id="fl-1e">
         <path>C:\ti_v8\bios_6_76_03_01\packages\ti\targets\rts2800\lib\</path>
         <kind>archive</kind>
         <file>ti.targets.rts2800.a28L</file>
         <name>Gate.o28L</name>
      </input_file>
      <input_file id="fl-1f">
         <path>C:\ti_v8\bios_6_76_03_01\packages\ti\targets\rts2800\lib\</path>
         <kind>archive</kind>
         <file>ti.targets.rts2800.a28L</file>
         <name>GateNull.o28L</name>
      </input_file>
      <input_file id="fl-20">
         <path>C:\ti_v8\bios_6_76_03_01\packages\ti\targets\rts2800\lib\</path>
         <kind>archive</kind>
         <file>ti.targets.rts2800.a28L</file>
         <name>HeapStd.o28L</name>
      </input_file>
      <input_file id="fl-21">
         <path>C:\ti_v8\bios_6_76_03_01\packages\ti\targets\rts2800\lib\</path>
         <kind>archive</kind>
         <file>ti.targets.rts2800.a28L</file>
         <name>LoggerBuf.o28L</name>
      </input_file>
      <input_file id="fl-22">
         <path>C:\ti_v8\bios_6_76_03_01\packages\ti\targets\rts2800\lib\</path>
         <kind>archive</kind>
         <file>ti.targets.rts2800.a28L</file>
         <name>Memory.o28L</name>
      </input_file>
      <input_file id="fl-23">
         <path>C:\ti_v8\bios_6_76_03_01\packages\ti\targets\rts2800\lib\</path>
         <kind>archive</kind>
         <file>ti.targets.rts2800.a28L</file>
         <name>Startup.o28L</name>
      </input_file>
      <input_file id="fl-24">
         <path>C:\ti_v8\bios_6_76_03_01\packages\ti\targets\rts2800\lib\</path>
         <kind>archive</kind>
         <file>ti.targets.rts2800.a28L</file>
         <name>System.o28L</name>
      </input_file>
      <input_file id="fl-25">
         <path>C:\ti_v8\bios_6_76_03_01\packages\ti\targets\rts2800\lib\</path>
         <kind>archive</kind>
         <file>ti.targets.rts2800.a28L</file>
         <name>SysMin.o28L</name>
      </input_file>
      <input_file id="fl-26">
         <path>C:\ti_v8\bios_6_76_03_01\packages\ti\targets\rts2800\lib\</path>
         <kind>archive</kind>
         <file>ti.targets.rts2800.a28L</file>
         <name>Text.o28L</name>
      </input_file>
      <input_file id="fl-27">
         <path>C:\ti_v8\bios_6_76_03_01\packages\ti\targets\rts2800\lib\</path>
         <kind>archive</kind>
         <file>ti.targets.rts2800.a28L</file>
         <name>Timestamp.o28L</name>
      </input_file>
      <input_file id="fl-28">
         <path>C:\ti_v8\bios_6_76_03_01\packages\ti\targets\rts2800\lib\</path>
         <kind>archive</kind>
         <file>ti.targets.rts2800.a28L</file>
         <name>xdc_noinit.o28L</name>
      </input_file>
      <input_file id="fl-29">
         <path>C:\ti_v8\bios_6_76_03_01\packages\ti\targets\rts2800\lib\</path>
         <kind>archive</kind>
         <file>ti.targets.rts2800.a28L</file>
         <name>Log.o28L</name>
      </input_file>
      <input_file id="fl-2a">
         <path>C:\ti_v8\bios_6_76_03_01\packages\ti\targets\rts2800\lib\</path>
         <kind>archive</kind>
         <file>ti.targets.rts2800.a28L</file>
         <name>Registry.o28L</name>
      </input_file>
      <input_file id="fl-2b">
         <path>C:\ti_v8\bios_6_76_03_01\packages\ti\targets\rts2800\lib\</path>
         <kind>archive</kind>
         <file>boot.a28L</file>
         <name>boot_cg.o28L</name>
      </input_file>
      <input_file id="fl-37">
         <path>C:\ti_v8\ccsv8\tools\compiler\ti-cgt-c2000_18.1.4.LTS\lib\</path>
         <kind>archive</kind>
         <file>rts2800_ml.lib</file>
         <name>ll_div28.asm.obj</name>
      </input_file>
      <input_file id="fl-38">
         <path>C:\ti_v8\ccsv8\tools\compiler\ti-cgt-c2000_18.1.4.LTS\lib\</path>
         <kind>archive</kind>
         <file>rts2800_ml.lib</file>
         <name>i_div28.asm.obj</name>
      </input_file>
      <input_file id="fl-39">
         <path>C:\ti_v8\ccsv8\tools\compiler\ti-cgt-c2000_18.1.4.LTS\lib\</path>
         <kind>archive</kind>
         <file>rts2800_ml.lib</file>
         <name>l_div28.asm.obj</name>
      </input_file>
      <input_file id="fl-3a">
         <path>C:\ti_v8\ccsv8\tools\compiler\ti-cgt-c2000_18.1.4.LTS\lib\</path>
         <kind>archive</kind>
         <file>rts2800_ml.lib</file>
         <name>cpy_tbl.c.obj</name>
      </input_file>
      <input_file id="fl-3b">
         <path>C:\ti_v8\ccsv8\tools\compiler\ti-cgt-c2000_18.1.4.LTS\lib\</path>
         <kind>archive</kind>
         <file>rts2800_ml.lib</file>
         <name>memcpy.c.obj</name>
      </input_file>
      <input_file id="fl-3c">
         <path>C:\ti_v8\ccsv8\tools\compiler\ti-cgt-c2000_18.1.4.LTS\lib\</path>
         <kind>archive</kind>
         <file>rts2800_ml.lib</file>
         <name>pre_init.c.obj</name>
      </input_file>
      <input_file id="fl-3d">
         <path>C:\ti_v8\ccsv8\tools\compiler\ti-cgt-c2000_18.1.4.LTS\lib\</path>
         <kind>archive</kind>
         <file>rts2800_ml.lib</file>
         <name>startup.c.obj</name>
      </input_file>
      <input_file id="fl-3e">
         <path>C:\ti_v8\ccsv8\tools\compiler\ti-cgt-c2000_18.1.4.LTS\lib\</path>
         <kind>archive</kind>
         <file>rts2800_ml.lib</file>
         <name>exit.c.obj</name>
      </input_file>
      <input_file id="fl-3f">
         <path>C:\ti_v8\ccsv8\tools\compiler\ti-cgt-c2000_18.1.4.LTS\lib\</path>
         <kind>archive</kind>
         <file>rts2800_ml.lib</file>
         <name>_lock.c.obj</name>
      </input_file>
      <input_file id="fl-40">
         <path>C:\ti_v8\ccsv8\tools\compiler\ti-cgt-c2000_18.1.4.LTS\lib\</path>
         <kind>archive</kind>
         <file>rts2800_ml.lib</file>
         <name>args_main.c.obj</name>
      </input_file>
      <input_file id="fl-41">
         <path>C:\ti_v8\ccsv8\tools\compiler\ti-cgt-c2000_18.1.4.LTS\lib\</path>
         <kind>archive</kind>
         <file>rts2800_ml.lib</file>
         <name>memset.c.obj</name>
      </input_file>
      <input_file id="fl-42">
         <path>C:\ti_v8\ccsv8\tools\compiler\ti-cgt-c2000_18.1.4.LTS\lib\</path>
         <kind>archive</kind>
         <file>rts2800_ml.lib</file>
         <name>strcmp.c.obj</name>
      </input_file>
      <input_file id="fl-43">
         <path>C:\ti_v8\ccsv8\tools\compiler\ti-cgt-c2000_18.1.4.LTS\lib\</path>
         <kind>archive</kind>
         <file>rts2800_ml.lib</file>
         <name>strlen.c.obj</name>
      </input_file>
      <input_file id="fl-44">
         <path>C:\ti_v8\ccsv8\tools\compiler\ti-cgt-c2000_18.1.4.LTS\lib\</path>
         <kind>archive</kind>
         <file>rts2800_ml.lib</file>
         <name>hostwrite.c.obj</name>
      </input_file>
      <input_file id="fl-45">
         <path>C:\ti_v8\ccsv8\tools\compiler\ti-cgt-c2000_18.1.4.LTS\lib\</path>
         <kind>archive</kind>
         <file>rts2800_ml.lib</file>
         <name>trgmsg.c.obj</name>
      </input_file>
      <input_file id="fl-46">
         <path>C:\ti_v8\ccsv8\tools\compiler\ti-cgt-c2000_18.1.4.LTS\lib\</path>
         <kind>archive</kind>
         <file>rts2800_ml.lib</file>
         <name>hostopen.c.obj</name>
      </input_file>
   </input_file_list>
   <object_component_list>
      <object_component id="oc-64">
         <name>PieVectTableFile</name>
         <uninitialized>true</uninitialized>
         <run_address>0xd00</run_address>
         <size>0x100</size>
         <input_file_ref idref="fl-4"/>
      </object_component>
      <object_component id="oc-44">
         <name>EmuKeyVar</name>
         <uninitialized>true</uninitialized>
         <run_address>0xd00</run_address>
         <size>0x1</size>
         <input_file_ref idref="fl-4"/>
      </object_component>
      <object_component id="oc-46">
         <name>EmuBModeVar</name>
         <uninitialized>true</uninitialized>
         <run_address>0xd01</run_address>
         <size>0x1</size>
         <input_file_ref idref="fl-4"/>
      </object_component>
      <object_component id="oc-47">
         <name>FlashCallbackVar</name>
         <uninitialized>true</uninitialized>
         <run_address>0xd02</run_address>
         <size>0x2</size>
         <input_file_ref idref="fl-4"/>
      </object_component>
      <object_component id="oc-48">
         <name>FlashScalingVar</name>
         <uninitialized>true</uninitialized>
         <run_address>0xd04</run_address>
         <size>0x2</size>
         <input_file_ref idref="fl-4"/>
      </object_component>
      <object_component id="oc-4a">
         <name>DevEmuRegsFile</name>
         <uninitialized>true</uninitialized>
         <run_address>0x880</run_address>
         <size>0x4</size>
         <input_file_ref idref="fl-4"/>
      </object_component>
      <object_component id="oc-49">
         <name>SysPwrCtrlRegsFile</name>
         <uninitialized>true</uninitialized>
         <run_address>0x985</run_address>
         <size>0x3</size>
         <input_file_ref idref="fl-4"/>
      </object_component>
      <object_component id="oc-4b">
         <name>FlashRegsFile</name>
         <uninitialized>true</uninitialized>
         <run_address>0xa80</run_address>
         <size>0x8</size>
         <input_file_ref idref="fl-4"/>
      </object_component>
      <object_component id="oc-53">
         <name>CsmRegsFile</name>
         <uninitialized>true</uninitialized>
         <run_address>0xae0</run_address>
         <size>0x10</size>
         <input_file_ref idref="fl-4"/>
      </object_component>
      <object_component id="oc-5c">
         <name>AdcResultFile</name>
         <uninitialized>true</uninitialized>
         <run_address>0xb00</run_address>
         <size>0x20</size>
         <input_file_ref idref="fl-4"/>
      </object_component>
      <object_component id="oc-4d">
         <name>CpuTimer0RegsFile</name>
         <uninitialized>true</uninitialized>
         <run_address>0xc00</run_address>
         <size>0x8</size>
         <input_file_ref idref="fl-4"/>
      </object_component>
      <object_component id="oc-4c">
         <name>CpuTimer1RegsFile</name>
         <uninitialized>true</uninitialized>
         <run_address>0xc08</run_address>
         <size>0x8</size>
         <input_file_ref idref="fl-4"/>
      </object_component>
      <object_component id="oc-4f">
         <name>CpuTimer2RegsFile</name>
         <uninitialized>true</uninitialized>
         <run_address>0xc10</run_address>
         <size>0x8</size>
         <input_file_ref idref="fl-4"/>
      </object_component>
      <object_component id="oc-56">
         <name>PieCtrlRegsFile</name>
         <uninitialized>true</uninitialized>
         <run_address>0xce0</run_address>
         <size>0x1a</size>
         <input_file_ref idref="fl-4"/>
      </object_component>
      <object_component id="oc-58">
         <name>ECap1RegsFile</name>
         <uninitialized>true</uninitialized>
         <run_address>0x6a00</run_address>
         <size>0x20</size>
         <input_file_ref idref="fl-4"/>
      </object_component>
      <object_component id="oc-60">
         <name>GpioCtrlRegsFile</name>
         <uninitialized>true</uninitialized>
         <run_address>0x6f80</run_address>
         <size>0x40</size>
         <input_file_ref idref="fl-4"/>
      </object_component>
      <object_component id="oc-5b">
         <name>GpioDataRegsFile</name>
         <uninitialized>true</uninitialized>
         <run_address>0x6fc0</run_address>
         <size>0x20</size>
         <input_file_ref idref="fl-4"/>
      </object_component>
      <object_component id="oc-50">
         <name>GpioIntRegsFile</name>
         <uninitialized>true</uninitialized>
         <run_address>0x6fe0</run_address>
         <size>0xa</size>
         <input_file_ref idref="fl-4"/>
      </object_component>
      <object_component id="oc-57">
         <name>SysCtrlRegsFile</name>
         <uninitialized>true</uninitialized>
         <run_address>0x7010</run_address>
         <size>0x1f</size>
         <input_file_ref idref="fl-4"/>
      </object_component>
      <object_component id="oc-55">
         <name>SpiaRegsFile</name>
         <uninitialized>true</uninitialized>
         <run_address>0x7040</run_address>
         <size>0x10</size>
         <input_file_ref idref="fl-4"/>
      </object_component>
      <object_component id="oc-52">
         <name>SciaRegsFile</name>
         <uninitialized>true</uninitialized>
         <run_address>0x7050</run_address>
         <size>0x10</size>
         <input_file_ref idref="fl-4"/>
      </object_component>
      <object_component id="oc-51">
         <name>NmiIntruptRegsFile</name>
         <uninitialized>true</uninitialized>
         <run_address>0x7060</run_address>
         <size>0x10</size>
         <input_file_ref idref="fl-4"/>
      </object_component>
      <object_component id="oc-54">
         <name>XIntruptRegsFile</name>
         <uninitialized>true</uninitialized>
         <run_address>0x7070</run_address>
         <size>0x10</size>
         <input_file_ref idref="fl-4"/>
      </object_component>
      <object_component id="oc-63">
         <name>AdcRegsFile</name>
         <uninitialized>true</uninitialized>
         <run_address>0x7100</run_address>
         <size>0x51</size>
         <input_file_ref idref="fl-4"/>
      </object_component>
      <object_component id="oc-5d">
         <name>I2caRegsFile</name>
         <uninitialized>true</uninitialized>
         <run_address>0x7900</run_address>
         <size>0x22</size>
         <input_file_ref idref="fl-4"/>
      </object_component>
      <object_component id="oc-5a">
         <name>Comp1RegsFile</name>
         <uninitialized>true</uninitialized>
         <run_address>0x6400</run_address>
         <size>0x20</size>
         <input_file_ref idref="fl-4"/>
      </object_component>
      <object_component id="oc-59">
         <name>Comp2RegsFile</name>
         <uninitialized>true</uninitialized>
         <run_address>0x6420</run_address>
         <size>0x20</size>
         <input_file_ref idref="fl-4"/>
      </object_component>
      <object_component id="oc-61">
         <name>EPwm1RegsFile</name>
         <uninitialized>true</uninitialized>
         <run_address>0x6800</run_address>
         <size>0x40</size>
         <input_file_ref idref="fl-4"/>
      </object_component>
      <object_component id="oc-5e">
         <name>EPwm2RegsFile</name>
         <uninitialized>true</uninitialized>
         <run_address>0x6840</run_address>
         <size>0x40</size>
         <input_file_ref idref="fl-4"/>
      </object_component>
      <object_component id="oc-62">
         <name>EPwm3RegsFile</name>
         <uninitialized>true</uninitialized>
         <run_address>0x6880</run_address>
         <size>0x40</size>
         <input_file_ref idref="fl-4"/>
      </object_component>
      <object_component id="oc-5f">
         <name>EPwm4RegsFile</name>
         <uninitialized>true</uninitialized>
         <run_address>0x68c0</run_address>
         <size>0x40</size>
         <input_file_ref idref="fl-4"/>
      </object_component>
      <object_component id="oc-4e">
         <name>CsmPwlFile</name>
         <uninitialized>true</uninitialized>
         <run_address>0x3f7ff8</run_address>
         <size>0x8</size>
         <input_file_ref idref="fl-4"/>
      </object_component>
      <object_component id="oc-45">
         <name>PartIdRegsFile</name>
         <uninitialized>true</uninitialized>
         <run_address>0x3d7fff</run_address>
         <size>0x1</size>
         <input_file_ref idref="fl-4"/>
      </object_component>
      <object_component id="oc-73">
         <name>.cinit</name>
         <load_address>0x3f430e</load_address>
         <run_address>0x3f430e</run_address>
         <size>0x490</size>
         <input_file_ref idref="fl-a"/>
      </object_component>
      <object_component id="oc-67">
         <name>.cinit</name>
         <load_address>0x3f479e</load_address>
         <run_address>0x3f479e</run_address>
         <size>0x42</size>
         <input_file_ref idref="fl-5"/>
      </object_component>
      <object_component id="oc-126">
         <name>.cinit</name>
         <load_address>0x3f47e0</load_address>
         <run_address>0x3f47e0</run_address>
         <size>0xe</size>
         <input_file_ref idref="fl-3e"/>
      </object_component>
      <object_component id="oc-1c0">
         <name>.cinit:__lock</name>
         <load_address>0x3f47ee</load_address>
         <run_address>0x3f47ee</run_address>
         <size>0x5</size>
         <input_file_ref idref="fl-3f"/>
      </object_component>
      <object_component id="oc-1c1">
         <name>.cinit:__unlock</name>
         <load_address>0x3f47f3</load_address>
         <run_address>0x3f47f3</run_address>
         <size>0x5</size>
         <input_file_ref idref="fl-3f"/>
      </object_component>
      <object_component id="oc-2b1">
         <name>.text:_xdc_runtime_System_doPrint__I</name>
         <load_address>0x3f0000</load_address>
         <run_address>0x3f0000</run_address>
         <size>0x223</size>
         <input_file_ref idref="fl-24"/>
      </object_component>
      <object_component id="oc-165">
         <name>.text</name>
         <load_address>0x3f0223</load_address>
         <run_address>0x3f0223</run_address>
         <size>0x1cb</size>
         <input_file_ref idref="fl-5"/>
      </object_component>
      <object_component id="oc-19a">
         <name>.text</name>
         <load_address>0x3f03ee</load_address>
         <run_address>0x3f03ee</run_address>
         <size>0x17d</size>
         <input_file_ref idref="fl-6"/>
      </object_component>
      <object_component id="oc-19f">
         <name>.text:_ti_sysbios_knl_Semaphore_pend__E</name>
         <load_address>0x3f056b</load_address>
         <run_address>0x3f056b</run_address>
         <size>0x164</size>
         <input_file_ref idref="fl-12"/>
      </object_component>
      <object_component id="oc-102">
         <name>.text</name>
         <load_address>0x3f06cf</load_address>
         <run_address>0x3f06cf</run_address>
         <size>0x107</size>
         <input_file_ref idref="fl-37"/>
      </object_component>
      <object_component id="oc-17b">
         <name>.text:_xdc_runtime_HeapStd_alloc__E</name>
         <load_address>0x3f07d6</load_address>
         <run_address>0x3f07d6</run_address>
         <size>0xee</size>
         <input_file_ref idref="fl-20"/>
      </object_component>
      <object_component id="oc-199">
         <name>.text</name>
         <load_address>0x3f08c4</load_address>
         <run_address>0x3f08c4</run_address>
         <size>0xec</size>
         <input_file_ref idref="fl-3"/>
      </object_component>
      <object_component id="oc-209">
         <name>.text:_ti_sysbios_family_c28_Hwi_clearInterrupt__E</name>
         <load_address>0x3f09b0</load_address>
         <run_address>0x3f09b0</run_address>
         <size>0xe1</size>
         <input_file_ref idref="fl-12"/>
      </object_component>
      <object_component id="oc-193">
         <name>.text:_xdc_runtime_LoggerBuf_write8__E</name>
         <load_address>0x3f0a91</load_address>
         <run_address>0x3f0a91</run_address>
         <size>0xb5</size>
         <input_file_ref idref="fl-21"/>
      </object_component>
      <object_component id="oc-2ce">
         <name>.text:_xdc_runtime_System_printfExtend__I</name>
         <load_address>0x3f0b46</load_address>
         <run_address>0x3f0b46</run_address>
         <size>0xb0</size>
         <input_file_ref idref="fl-a"/>
      </object_component>
      <object_component id="oc-295">
         <name>.text:_ti_sysbios_utils_Load_updateThreadContexts__E</name>
         <load_address>0x3f0bf6</load_address>
         <run_address>0x3f0bf6</run_address>
         <size>0xa3</size>
         <input_file_ref idref="fl-12"/>
      </object_component>
      <object_component id="oc-1ab">
         <name>.text:_xdc_runtime_Core_createObject__I</name>
         <load_address>0x3f0c99</load_address>
         <run_address>0x3f0c99</run_address>
         <size>0x9f</size>
         <input_file_ref idref="fl-19"/>
      </object_component>
      <object_component id="oc-2a7">
         <name>.text</name>
         <load_address>0x3f0d38</load_address>
         <run_address>0x3f0d38</run_address>
         <size>0x94</size>
         <input_file_ref idref="fl-45"/>
      </object_component>
      <object_component id="oc-20a">
         <name>.text:_ti_sysbios_family_c28_Hwi_enableInterrupt__E</name>
         <load_address>0x3f0dcc</load_address>
         <run_address>0x3f0dcc</run_address>
         <size>0x8e</size>
         <input_file_ref idref="fl-12"/>
      </object_component>
      <object_component id="oc-1eb">
         <name>.text:_xdc_runtime_Error_policyDefault__E</name>
         <load_address>0x3f0e5a</load_address>
         <run_address>0x3f0e5a</run_address>
         <size>0x8c</size>
         <input_file_ref idref="fl-1d"/>
      </object_component>
      <object_component id="oc-29c">
         <name>.text:_ti_sysbios_family_c28_Hwi_dispatch</name>
         <load_address>0x3f0ee6</load_address>
         <run_address>0x3f0ee6</run_address>
         <size>0x85</size>
         <input_file_ref idref="fl-14"/>
      </object_component>
      <object_component id="oc-1bc">
         <name>.text:_xdc_runtime_HeapStd_Instance_init__E</name>
         <load_address>0x3f0f6b</load_address>
         <run_address>0x3f0f6b</run_address>
         <size>0x82</size>
         <input_file_ref idref="fl-20"/>
      </object_component>
      <object_component id="oc-2b5">
         <name>.text:_ti_sysbios_family_c28_Hwi_disableInterrupt__E</name>
         <load_address>0x3f0fed</load_address>
         <run_address>0x3f0fed</run_address>
         <size>0x81</size>
         <input_file_ref idref="fl-12"/>
      </object_component>
      <object_component id="oc-23b">
         <name>.text:_ti_sysbios_family_c28_Hwi_disablePIEIER__E</name>
         <load_address>0x3f106e</load_address>
         <run_address>0x3f106e</run_address>
         <size>0x80</size>
         <input_file_ref idref="fl-12"/>
      </object_component>
      <object_component id="oc-23a">
         <name>.text:_ti_sysbios_family_c28_Hwi_enablePIEIER__E</name>
         <load_address>0x3f10ee</load_address>
         <run_address>0x3f10ee</run_address>
         <size>0x7f</size>
         <input_file_ref idref="fl-12"/>
      </object_component>
      <object_component id="oc-19e">
         <name>.text:_ti_sysbios_knl_Semaphore_post__E</name>
         <load_address>0x3f116d</load_address>
         <run_address>0x3f116d</run_address>
         <size>0x7d</size>
         <input_file_ref idref="fl-12"/>
      </object_component>
      <object_component id="oc-28e">
         <name>.text:_ti_sysbios_knl_Task_postInit__I</name>
         <load_address>0x3f11ea</load_address>
         <run_address>0x3f11ea</run_address>
         <size>0x7c</size>
         <input_file_ref idref="fl-12"/>
      </object_component>
      <object_component id="oc-192">
         <name>.text:_xdc_runtime_LoggerBuf_write4__E</name>
         <load_address>0x3f1266</load_address>
         <run_address>0x3f1266</run_address>
         <size>0x79</size>
         <input_file_ref idref="fl-21"/>
      </object_component>
      <object_component id="oc-2d0">
         <name>.text:_ti_sysbios_family_c28_Hwi_dispatchCore__I</name>
         <load_address>0x3f12df</load_address>
         <run_address>0x3f12df</run_address>
         <size>0x77</size>
         <input_file_ref idref="fl-12"/>
      </object_component>
      <object_component id="oc-20e">
         <name>.text:_ti_sysbios_knl_Task_checkStacks__E</name>
         <load_address>0x3f1356</load_address>
         <run_address>0x3f1356</run_address>
         <size>0x73</size>
         <input_file_ref idref="fl-12"/>
      </object_component>
      <object_component id="oc-26d">
         <name>.text:_ti_sysbios_family_c28_Hwi_Module_startup__E</name>
         <load_address>0x3f13c9</load_address>
         <run_address>0x3f13c9</run_address>
         <size>0x71</size>
         <input_file_ref idref="fl-12"/>
      </object_component>
      <object_component id="oc-1ef">
         <name>.text:_xdc_runtime_Startup_startMods__I</name>
         <load_address>0x3f143a</load_address>
         <run_address>0x3f143a</run_address>
         <size>0x71</size>
         <input_file_ref idref="fl-23"/>
      </object_component>
      <object_component id="oc-24f">
         <name>.text:_ti_sysbios_knl_Swi_run__I</name>
         <load_address>0x3f14ab</load_address>
         <run_address>0x3f14ab</run_address>
         <size>0x6c</size>
         <input_file_ref idref="fl-12"/>
      </object_component>
      <object_component id="oc-17c">
         <name>.text:_xdc_runtime_HeapStd_free__E</name>
         <load_address>0x3f1517</load_address>
         <run_address>0x3f1517</run_address>
         <size>0x6c</size>
         <input_file_ref idref="fl-20"/>
      </object_component>
      <object_component id="oc-38">
         <name>.text</name>
         <load_address>0x3f1583</load_address>
         <run_address>0x3f1583</run_address>
         <size>0x67</size>
         <input_file_ref idref="fl-2b"/>
      </object_component>
      <object_component id="oc-29d">
         <name>.text:_ti_sysbios_family_c28_Timer_stopAndClear__I</name>
         <load_address>0x3f15ea</load_address>
         <run_address>0x3f15ea</run_address>
         <size>0x66</size>
         <input_file_ref idref="fl-12"/>
      </object_component>
      <object_component id="oc-250">
         <name>.text:_ti_sysbios_utils_Load_idleFxn__E</name>
         <load_address>0x3f1650</load_address>
         <run_address>0x3f1650</run_address>
         <size>0x66</size>
         <input_file_ref idref="fl-12"/>
      </object_component>
      <object_component id="oc-279">
         <name>.text:_ti_sysbios_utils_Load_updateLoads__E</name>
         <load_address>0x3f16b6</load_address>
         <run_address>0x3f16b6</run_address>
         <size>0x60</size>
         <input_file_ref idref="fl-12"/>
      </object_component>
      <object_component id="oc-27b">
         <name>.text:_xdc_runtime_Text_putSite__E</name>
         <load_address>0x3f1716</load_address>
         <run_address>0x3f1716</run_address>
         <size>0x5d</size>
         <input_file_ref idref="fl-26"/>
      </object_component>
      <object_component id="oc-1cd">
         <name>.text:_ti_sysbios_knl_Task_startCore__E</name>
         <load_address>0x3f1773</load_address>
         <run_address>0x3f1773</run_address>
         <size>0x53</size>
         <input_file_ref idref="fl-12"/>
      </object_component>
      <object_component id="oc-294">
         <name>.text:_ti_sysbios_utils_Load_updateCurrentThreadTime__E</name>
         <load_address>0x3f17c6</load_address>
         <run_address>0x3f17c6</run_address>
         <size>0x51</size>
         <input_file_ref idref="fl-12"/>
      </object_component>
      <object_component id="oc-219">
         <name>.text:_ti_sysbios_knl_Task_schedule__I</name>
         <load_address>0x3f1817</load_address>
         <run_address>0x3f1817</run_address>
         <size>0x4c</size>
         <input_file_ref idref="fl-12"/>
      </object_component>
      <object_component id="oc-189">
         <name>.text:_ti_sysbios_utils_Load_startup__E</name>
         <load_address>0x3f1863</load_address>
         <run_address>0x3f1863</run_address>
         <size>0x4c</size>
         <input_file_ref idref="fl-12"/>
      </object_component>
      <object_component id="oc-270">
         <name>.text:_ti_sysbios_knl_Task_Module_startup__E</name>
         <load_address>0x3f18af</load_address>
         <run_address>0x3f18af</run_address>
         <size>0x47</size>
         <input_file_ref idref="fl-12"/>
      </object_component>
      <object_component id="oc-26f">
         <name>.text:_ti_sysbios_knl_Swi_Module_startup__E</name>
         <load_address>0x3f18f6</load_address>
         <run_address>0x3f18f6</run_address>
         <size>0x41</size>
         <input_file_ref idref="fl-12"/>
      </object_component>
      <object_component id="oc-19c">
         <name>.text:_ti_sysbios_knl_Swi_post__E</name>
         <load_address>0x3f1937</load_address>
         <run_address>0x3f1937</run_address>
         <size>0x41</size>
         <input_file_ref idref="fl-12"/>
      </object_component>
      <object_component id="oc-2d3">
         <name>.text:_xdc_runtime_Text_putLab__E</name>
         <load_address>0x3f1978</load_address>
         <run_address>0x3f1978</run_address>
         <size>0x41</size>
         <input_file_ref idref="fl-26"/>
      </object_component>
      <object_component id="oc-25c">
         <name>.text:_ti_sysbios_utils_Load_taskCreateHook__E</name>
         <load_address>0x3f19b9</load_address>
         <run_address>0x3f19b9</run_address>
         <size>0x3f</size>
         <input_file_ref idref="fl-12"/>
      </object_component>
      <object_component id="oc-296">
         <name>.text:_xdc_runtime_Text_putMod__E</name>
         <load_address>0x3f19f8</load_address>
         <run_address>0x3f19f8</run_address>
         <size>0x3f</size>
         <input_file_ref idref="fl-26"/>
      </object_component>
      <object_component id="oc-289">
         <name>.text:_ti_sysbios_knl_Swi_postInit__I</name>
         <load_address>0x3f1a37</load_address>
         <run_address>0x3f1a37</run_address>
         <size>0x3e</size>
         <input_file_ref idref="fl-12"/>
      </object_component>
      <object_component id="oc-214">
         <name>.text:_xdc_runtime_Memory_alloc__E</name>
         <load_address>0x3f1a75</load_address>
         <run_address>0x3f1a75</run_address>
         <size>0x3e</size>
         <input_file_ref idref="fl-22"/>
      </object_component>
      <object_component id="oc-1ad">
         <name>.text:_xdc_runtime_Core_deleteObject__I</name>
         <load_address>0x3f1ab3</load_address>
         <run_address>0x3f1ab3</run_address>
         <size>0x3d</size>
         <input_file_ref idref="fl-19"/>
      </object_component>
      <object_component id="oc-195">
         <name>.text:_xdc_runtime_LoggerBuf_getFilterLevel__E</name>
         <load_address>0x3f1af0</load_address>
         <run_address>0x3f1af0</run_address>
         <size>0x3d</size>
         <input_file_ref idref="fl-21"/>
      </object_component>
      <object_component id="oc-285">
         <name>.text:_ti_sysbios_family_c28_Hwi_postInit__I</name>
         <load_address>0x3f1b2d</load_address>
         <run_address>0x3f1b2d</run_address>
         <size>0x3c</size>
         <input_file_ref idref="fl-12"/>
      </object_component>
      <object_component id="oc-286">
         <name>.text:_ti_sysbios_family_c28_Timer_postInit__I</name>
         <load_address>0x3f1b69</load_address>
         <run_address>0x3f1b69</run_address>
         <size>0x3c</size>
         <input_file_ref idref="fl-12"/>
      </object_component>
      <object_component id="oc-2d4">
         <name>.text:_ti_sysbios_knl_Swi_restoreHwi__E</name>
         <load_address>0x3f1ba5</load_address>
         <run_address>0x3f1ba5</run_address>
         <size>0x3c</size>
         <input_file_ref idref="fl-12"/>
      </object_component>
      <object_component id="oc-275">
         <name>.text:_ti_sysbios_utils_Load_addTask__E</name>
         <load_address>0x3f1be1</load_address>
         <run_address>0x3f1be1</run_address>
         <size>0x3c</size>
         <input_file_ref idref="fl-12"/>
      </object_component>
      <object_component id="oc-194">
         <name>.text:_xdc_runtime_LoggerBuf_setFilterLevel__E</name>
         <load_address>0x3f1c1d</load_address>
         <run_address>0x3f1c1d</run_address>
         <size>0x3c</size>
         <input_file_ref idref="fl-21"/>
      </object_component>
      <object_component id="oc-2b7">
         <name>.text:_ti_sysbios_family_c28_TaskSupport_start__E</name>
         <load_address>0x3f1c59</load_address>
         <run_address>0x3f1c59</run_address>
         <size>0x38</size>
         <input_file_ref idref="fl-12"/>
      </object_component>
      <object_component id="oc-2a0">
         <name>.text:_ti_sysbios_knl_Task_exit__E</name>
         <load_address>0x3f1c91</load_address>
         <run_address>0x3f1c91</run_address>
         <size>0x38</size>
         <input_file_ref idref="fl-12"/>
      </object_component>
      <object_component id="oc-291">
         <name>.text</name>
         <load_address>0x3f1cc9</load_address>
         <run_address>0x3f1cc9</run_address>
         <size>0x38</size>
         <input_file_ref idref="fl-44"/>
      </object_component>
      <object_component id="oc-2b2">
         <name>.text:_ti_sysbios_utils_Load_hwiBeginHook__E</name>
         <load_address>0x3f1d01</load_address>
         <run_address>0x3f1d01</run_address>
         <size>0x35</size>
         <input_file_ref idref="fl-a"/>
      </object_component>
      <object_component id="oc-25d">
         <name>.text:_ti_sysbios_utils_Load_taskSwitchHook__E</name>
         <load_address>0x3f1d36</load_address>
         <run_address>0x3f1d36</run_address>
         <size>0x33</size>
         <input_file_ref idref="fl-12"/>
      </object_component>
      <object_component id="oc-2c2">
         <name>.text:_xdc_runtime_System_formatNum__I</name>
         <load_address>0x3f1d69</load_address>
         <run_address>0x3f1d69</run_address>
         <size>0x33</size>
         <input_file_ref idref="fl-24"/>
      </object_component>
      <object_component id="oc-2a8">
         <name>.text:_ti_sysbios_family_c28_Timer_getFreq__E</name>
         <load_address>0x3f1d9c</load_address>
         <run_address>0x3f1d9c</run_address>
         <size>0x31</size>
         <input_file_ref idref="fl-12"/>
      </object_component>
      <object_component id="oc-266">
         <name>.text:_xdc_runtime_Error_print__E</name>
         <load_address>0x3f1dcd</load_address>
         <run_address>0x3f1dcd</run_address>
         <size>0x30</size>
         <input_file_ref idref="fl-1d"/>
      </object_component>
      <object_component id="oc-1da">
         <name>.text:_xdc_runtime_LoggerBuf_Instance_init__E</name>
         <load_address>0x3f1dfd</load_address>
         <run_address>0x3f1dfd</run_address>
         <size>0x2f</size>
         <input_file_ref idref="fl-21"/>
      </object_component>
      <object_component id="oc-159">
         <name>.text:_xdc_runtime_Startup_exec__E</name>
         <load_address>0x3f1e2c</load_address>
         <run_address>0x3f1e2c</run_address>
         <size>0x2f</size>
         <input_file_ref idref="fl-23"/>
      </object_component>
      <object_component id="oc-16c">
         <name>.text:.bootCodeSection:_ti_catalog_c2800_init_Boot_configurePll2802x</name>
         <load_address>0x3f1e5b</load_address>
         <run_address>0x3f1e5b</run_address>
         <size>0x2e</size>
         <input_file_ref idref="fl-17"/>
      </object_component>
      <object_component id="oc-217">
         <name>.text:_ti_sysbios_knl_Swi_runLoop__I</name>
         <load_address>0x3f1e89</load_address>
         <run_address>0x3f1e89</run_address>
         <size>0x2e</size>
         <input_file_ref idref="fl-12"/>
      </object_component>
      <object_component id="oc-1dd">
         <name>.text:_ti_sysbios_knl_Swi_schedule__I</name>
         <load_address>0x3f1eb7</load_address>
         <run_address>0x3f1eb7</run_address>
         <size>0x2e</size>
         <input_file_ref idref="fl-12"/>
      </object_component>
      <object_component id="oc-24d">
         <name>.text:_ti_sysbios_utils_Load_swiBeginHook__E</name>
         <load_address>0x3f1ee5</load_address>
         <run_address>0x3f1ee5</run_address>
         <size>0x2e</size>
         <input_file_ref idref="fl-12"/>
      </object_component>
      <object_component id="oc-25f">
         <name>.text:_ti_sysbios_family_c28_Hwi_getInterruptFlag__E</name>
         <load_address>0x3f1f13</load_address>
         <run_address>0x3f1f13</run_address>
         <size>0x2d</size>
         <input_file_ref idref="fl-12"/>
      </object_component>
      <object_component id="oc-1b4">
         <name>.text:_xdc_runtime_Assert_raise__I</name>
         <load_address>0x3f1f40</load_address>
         <run_address>0x3f1f40</run_address>
         <size>0x2d</size>
         <input_file_ref idref="fl-18"/>
      </object_component>
      <object_component id="oc-1fa">
         <name>.text:_xdc_runtime_Core_assignParams__I</name>
         <load_address>0x3f1f6d</load_address>
         <run_address>0x3f1f6d</run_address>
         <size>0x2d</size>
         <input_file_ref idref="fl-1c"/>
      </object_component>
      <object_component id="oc-2cd">
         <name>.text:_xdc_runtime_Text_visitRope2__I</name>
         <load_address>0x3f1f9a</load_address>
         <run_address>0x3f1f9a</run_address>
         <size>0x2d</size>
         <input_file_ref idref="fl-26"/>
      </object_component>
      <object_component id="oc-1c4">
         <name>.text:_ti_sysbios_family_c28_Timer_start__E</name>
         <load_address>0x3f1fc7</load_address>
         <run_address>0x3f1fc7</run_address>
         <size>0x2c</size>
         <input_file_ref idref="fl-12"/>
      </object_component>
      <object_component id="oc-196">
         <name>.text:_xdc_runtime_LoggerBuf_Object__create__S</name>
         <load_address>0x3f1ff3</load_address>
         <run_address>0x3f1ff3</run_address>
         <size>0x2c</size>
         <input_file_ref idref="fl-a"/>
      </object_component>
      <object_component id="oc-17f">
         <name>.text:_xdc_runtime_HeapStd_Object__create__S</name>
         <load_address>0x3f201f</load_address>
         <run_address>0x3f201f</run_address>
         <size>0x2b</size>
         <input_file_ref idref="fl-a"/>
      </object_component>
      <object_component id="oc-2a9">
         <name>.text:_ti_sysbios_utils_Load_logLoads__I</name>
         <load_address>0x3f204a</load_address>
         <run_address>0x3f204a</run_address>
         <size>0x2a</size>
         <input_file_ref idref="fl-12"/>
      </object_component>
      <object_component id="oc-21b">
         <name>.text:_xdc_runtime_Error_setX__E</name>
         <load_address>0x3f2074</load_address>
         <run_address>0x3f2074</run_address>
         <size>0x2a</size>
         <input_file_ref idref="fl-1d"/>
      </object_component>
      <object_component id="oc-10c">
         <name>.text</name>
         <load_address>0x3f209e</load_address>
         <run_address>0x3f209e</run_address>
         <size>0x2a</size>
         <input_file_ref idref="fl-39"/>
      </object_component>
      <object_component id="oc-255">
         <name>.text:_ti_sysbios_family_c28_Hwi_getStackInfo__E</name>
         <load_address>0x3f20c8</load_address>
         <run_address>0x3f20c8</run_address>
         <size>0x29</size>
         <input_file_ref idref="fl-12"/>
      </object_component>
      <object_component id="oc-7e">
         <name>.text:_ti_sysbios_family_c28_Hwi_unPluggedInterrupt__I</name>
         <load_address>0x3f20f1</load_address>
         <run_address>0x3f20f1</run_address>
         <size>0x29</size>
         <input_file_ref idref="fl-12"/>
      </object_component>
      <object_component id="oc-25e">
         <name>.text:_ti_sysbios_utils_Load_taskDeleteHook__E</name>
         <load_address>0x3f211a</load_address>
         <run_address>0x3f211a</run_address>
         <size>0x29</size>
         <input_file_ref idref="fl-12"/>
      </object_component>
      <object_component id="oc-297">
         <name>.text:_xdc_runtime_Text_xprintf__I</name>
         <load_address>0x3f2143</load_address>
         <run_address>0x3f2143</run_address>
         <size>0x29</size>
         <input_file_ref idref="fl-26"/>
      </object_component>
      <object_component id="oc-1f3">
         <name>.text</name>
         <load_address>0x3f216c</load_address>
         <run_address>0x3f216c</run_address>
         <size>0x29</size>
         <input_file_ref idref="fl-3e"/>
      </object_component>
      <object_component id="oc-247">
         <name>.text:_ti_sysbios_family_c28_Timer_getExpiredCounts64__E</name>
         <load_address>0x3f2195</load_address>
         <run_address>0x3f2195</run_address>
         <size>0x28</size>
         <input_file_ref idref="fl-12"/>
      </object_component>
      <object_component id="oc-276">
         <name>.text:_ti_sysbios_utils_Load_removeTask__E</name>
         <load_address>0x3f21bd</load_address>
         <run_address>0x3f21bd</run_address>
         <size>0x28</size>
         <input_file_ref idref="fl-12"/>
      </object_component>
      <object_component id="oc-2b3">
         <name>.text:_ti_sysbios_utils_Load_hwiEndHook__E</name>
         <load_address>0x3f21e5</load_address>
         <run_address>0x3f21e5</run_address>
         <size>0x27</size>
         <input_file_ref idref="fl-12"/>
      </object_component>
      <object_component id="oc-22d">
         <name>.text:_xdc_runtime_SysMin_flush__E</name>
         <load_address>0x3f220c</load_address>
         <run_address>0x3f220c</run_address>
         <size>0x26</size>
         <input_file_ref idref="fl-25"/>
      </object_component>
      <object_component id="oc-158">
         <name>.text</name>
         <load_address>0x3f2232</load_address>
         <run_address>0x3f2232</run_address>
         <size>0x24</size>
         <input_file_ref idref="fl-3a"/>
      </object_component>
      <object_component id="oc-171">
         <name>.text:_xdc_runtime_System_processAtExit__E</name>
         <load_address>0x3f2256</load_address>
         <run_address>0x3f2256</run_address>
         <size>0x23</size>
         <input_file_ref idref="fl-24"/>
      </object_component>
      <object_component id="oc-1e9">
         <name>.text:_ti_sysbios_knl_Task_blockI__E</name>
         <load_address>0x3f2279</load_address>
         <run_address>0x3f2279</run_address>
         <size>0x22</size>
         <input_file_ref idref="fl-12"/>
      </object_component>
      <object_component id="oc-107">
         <name>.text</name>
         <load_address>0x3f229b</load_address>
         <run_address>0x3f229b</run_address>
         <size>0x22</size>
         <input_file_ref idref="fl-38"/>
      </object_component>
      <object_component id="oc-29f">
         <name>.text:_ti_sysbios_family_c28_Timer_setPrescale__E</name>
         <load_address>0x3f22bd</load_address>
         <run_address>0x3f22bd</run_address>
         <size>0x20</size>
         <input_file_ref idref="fl-12"/>
      </object_component>
      <object_component id="oc-20c">
         <name>.text:_ti_sysbios_knl_Task_allBlockedFunction__I</name>
         <load_address>0x3f22dd</load_address>
         <run_address>0x3f22dd</run_address>
         <size>0x20</size>
         <input_file_ref idref="fl-12"/>
      </object_component>
      <object_component id="oc-24e">
         <name>.text:_ti_sysbios_utils_Load_swiEndHook__E</name>
         <load_address>0x3f22fd</load_address>
         <run_address>0x3f22fd</run_address>
         <size>0x1f</size>
         <input_file_ref idref="fl-12"/>
      </object_component>
      <object_component id="oc-1d0">
         <name>.text:_xdc_runtime_LoggerBuf_filterOutEvent__I</name>
         <load_address>0x3f231c</load_address>
         <run_address>0x3f231c</run_address>
         <size>0x1e</size>
         <input_file_ref idref="fl-21"/>
      </object_component>
      <object_component id="oc-185">
         <name>.text:_xdc_runtime_System_atexit__E</name>
         <load_address>0x3f233a</load_address>
         <run_address>0x3f233a</run_address>
         <size>0x1e</size>
         <input_file_ref idref="fl-24"/>
      </object_component>
      <object_component id="oc-2cc">
         <name>.text:_ti_sysbios_family_c28_TaskSupport_buildTaskStack</name>
         <load_address>0x3f2358</load_address>
         <run_address>0x3f2358</run_address>
         <size>0x1d</size>
         <input_file_ref idref="fl-16"/>
      </object_component>
      <object_component id="oc-177">
         <name>.text:_ti_sysbios_gates_GateHwi_Object__create__S</name>
         <load_address>0x3f2375</load_address>
         <run_address>0x3f2375</run_address>
         <size>0x1d</size>
         <input_file_ref idref="fl-a"/>
      </object_component>
      <object_component id="oc-27e">
         <name>.text:_xdc_runtime_SysMin_putch__E</name>
         <load_address>0x3f2392</load_address>
         <run_address>0x3f2392</run_address>
         <size>0x1d</size>
         <input_file_ref idref="fl-25"/>
      </object_component>
      <object_component id="oc-16d">
         <name>.text</name>
         <load_address>0x3f23af</load_address>
         <run_address>0x3f23af</run_address>
         <size>0x1d</size>
         <input_file_ref idref="fl-3b"/>
      </object_component>
      <object_component id="oc-2c7">
         <name>.text:_ti_sysbios_family_c28_Hwi_switchAndDispatch__I</name>
         <load_address>0x3f23cc</load_address>
         <run_address>0x3f23cc</run_address>
         <size>0x1b</size>
         <input_file_ref idref="fl-13"/>
      </object_component>
      <object_component id="oc-251">
         <name>.text:_ti_sysbios_hal_Hwi_checkStack</name>
         <load_address>0x3f23e7</load_address>
         <run_address>0x3f23e7</run_address>
         <size>0x1b</size>
         <input_file_ref idref="fl-12"/>
      </object_component>
      <object_component id="oc-2b6">
         <name>.text:_ti_sysbios_knl_Task_processVitalTaskFlag__I</name>
         <load_address>0x3f2402</load_address>
         <run_address>0x3f2402</run_address>
         <size>0x1b</size>
         <input_file_ref idref="fl-12"/>
      </object_component>
      <object_component id="oc-1e5">
         <name>.text:_ti_sysbios_knl_Task_restore__E</name>
         <load_address>0x3f241d</load_address>
         <run_address>0x3f241d</run_address>
         <size>0x1b</size>
         <input_file_ref idref="fl-12"/>
      </object_component>
      <object_component id="oc-272">
         <name>.text:_xdc_runtime_SysMin_output__I</name>
         <load_address>0x3f2438</load_address>
         <run_address>0x3f2438</run_address>
         <size>0x1b</size>
         <input_file_ref idref="fl-a"/>
      </object_component>
      <object_component id="oc-1ee">
         <name>.text:_ti_sysbios_hal_Hwi_initStack</name>
         <load_address>0x3f2453</load_address>
         <run_address>0x3f2453</run_address>
         <size>0x1a</size>
         <input_file_ref idref="fl-12"/>
      </object_component>
      <object_component id="oc-1ae">
         <name>.text:_xdc_runtime_Core_assignLabel__I</name>
         <load_address>0x3f246d</load_address>
         <run_address>0x3f246d</run_address>
         <size>0x1a</size>
         <input_file_ref idref="fl-1b"/>
      </object_component>
      <object_component id="oc-299">
         <name>.text:_xdc_runtime_System_avprintf__E</name>
         <load_address>0x3f2487</load_address>
         <run_address>0x3f2487</run_address>
         <size>0x1a</size>
         <input_file_ref idref="fl-24"/>
      </object_component>
      <object_component id="oc-1c6">
         <name>.text:_ti_sysbios_knl_Swi_restore__E</name>
         <load_address>0x3f24a1</load_address>
         <run_address>0x3f24a1</run_address>
         <size>0x19</size>
         <input_file_ref idref="fl-12"/>
      </object_component>
      <object_component id="oc-29a">
         <name>.text:_xdc_runtime_System_vprintf__E</name>
         <load_address>0x3f24ba</load_address>
         <run_address>0x3f24ba</run_address>
         <size>0x19</size>
         <input_file_ref idref="fl-24"/>
      </object_component>
      <object_component id="oc-15b">
         <name>.text</name>
         <load_address>0x3f24d3</load_address>
         <run_address>0x3f24d3</run_address>
         <size>0x19</size>
         <input_file_ref idref="fl-40"/>
      </object_component>
      <object_component id="oc-218">
         <name>.text:_ti_sysbios_family_xxx_Hwi_switchAndRunFunc</name>
         <load_address>0x3f24ec</load_address>
         <run_address>0x3f24ec</run_address>
         <size>0x18</size>
         <input_file_ref idref="fl-13"/>
      </object_component>
      <object_component id="oc-2be">
         <name>.text:_ti_sysbios_utils_Load_getTaskLoad__E</name>
         <load_address>0x3f2504</load_address>
         <run_address>0x3f2504</run_address>
         <size>0x18</size>
         <input_file_ref idref="fl-12"/>
      </object_component>
      <object_component id="oc-22e">
         <name>.text:_xdc_runtime_Memory_valloc__E</name>
         <load_address>0x3f251c</load_address>
         <run_address>0x3f251c</run_address>
         <size>0x18</size>
         <input_file_ref idref="fl-22"/>
      </object_component>
      <object_component id="oc-2c3">
         <name>.text:_xdc_runtime_System_putchar__I</name>
         <load_address>0x3f2534</load_address>
         <run_address>0x3f2534</run_address>
         <size>0x18</size>
         <input_file_ref idref="fl-24"/>
      </object_component>
      <object_component id="oc-186">
         <name>.text:_ti_sysbios_family_c28_Timer_startup__E</name>
         <load_address>0x3f254c</load_address>
         <run_address>0x3f254c</run_address>
         <size>0x17</size>
         <input_file_ref idref="fl-12"/>
      </object_component>
      <object_component id="oc-1e4">
         <name>.text:_ti_sysbios_knl_Task_unblockI__E</name>
         <load_address>0x3f2563</load_address>
         <run_address>0x3f2563</run_address>
         <size>0x17</size>
         <input_file_ref idref="fl-12"/>
      </object_component>
      <object_component id="oc-269">
         <name>.text:_xdc_runtime_LoggerBuf_Module_startup__E</name>
         <load_address>0x3f257a</load_address>
         <run_address>0x3f257a</run_address>
         <size>0x17</size>
         <input_file_ref idref="fl-21"/>
      </object_component>
      <object_component id="oc-267">
         <name>.text:_xdc_runtime_SysMin_abort__E</name>
         <load_address>0x3f2591</load_address>
         <run_address>0x3f2591</run_address>
         <size>0x17</size>
         <input_file_ref idref="fl-25"/>
      </object_component>
      <object_component id="oc-184">
         <name>.text:_ti_sysbios_BIOS_atExitFunc__I</name>
         <load_address>0x3f25a8</load_address>
         <run_address>0x3f25a8</run_address>
         <size>0x16</size>
         <input_file_ref idref="fl-a"/>
      </object_component>
      <object_component id="oc-26e">
         <name>.text:_ti_sysbios_family_c28_Timer_Module_startup__E</name>
         <load_address>0x3f25be</load_address>
         <run_address>0x3f25be</run_address>
         <size>0x16</size>
         <input_file_ref idref="fl-12"/>
      </object_component>
      <object_component id="oc-215">
         <name>.text:_xdc_runtime_LoggerBuf_reset__E</name>
         <load_address>0x3f25d4</load_address>
         <run_address>0x3f25d4</run_address>
         <size>0x16</size>
         <input_file_ref idref="fl-21"/>
      </object_component>
      <object_component id="oc-162">
         <name>.text:_ti_sysbios_BIOS_startFunc__I</name>
         <load_address>0x3f25ea</load_address>
         <run_address>0x3f25ea</run_address>
         <size>0x15</size>
         <input_file_ref idref="fl-a"/>
      </object_component>
      <object_component id="oc-2c8">
         <name>.text:_ti_sysbios_knl_Task_restoreHwi__E</name>
         <load_address>0x3f25ff</load_address>
         <run_address>0x3f25ff</run_address>
         <size>0x15</size>
         <input_file_ref idref="fl-12"/>
      </object_component>
      <object_component id="oc-2ae">
         <name>.text:_xdc_runtime_Text_printVisFxn__I</name>
         <load_address>0x3f2614</load_address>
         <run_address>0x3f2614</run_address>
         <size>0x15</size>
         <input_file_ref idref="fl-26"/>
      </object_component>
      <object_component id="oc-1a0">
         <name>.text:_ti_sysbios_knl_Idle_run__E</name>
         <load_address>0x3f2629</load_address>
         <run_address>0x3f2629</run_address>
         <size>0x14</size>
         <input_file_ref idref="fl-12"/>
      </object_component>
      <object_component id="oc-178">
         <name>.text:_ti_sysbios_gates_GateHwi_Object__delete__S</name>
         <load_address>0x3f263d</load_address>
         <run_address>0x3f263d</run_address>
         <size>0x12</size>
         <input_file_ref idref="fl-a"/>
      </object_component>
      <object_component id="oc-197">
         <name>.text:_xdc_runtime_LoggerBuf_Object__delete__S</name>
         <load_address>0x3f264f</load_address>
         <run_address>0x3f264f</run_address>
         <size>0x12</size>
         <input_file_ref idref="fl-a"/>
      </object_component>
      <object_component id="oc-180">
         <name>.text:_xdc_runtime_HeapStd_Object__delete__S</name>
         <load_address>0x3f2661</load_address>
         <run_address>0x3f2661</run_address>
         <size>0x11</size>
         <input_file_ref idref="fl-a"/>
      </object_component>
      <object_component id="oc-1fd">
         <name>.text:_xdc_runtime_Text_cordText__E</name>
         <load_address>0x3f2672</load_address>
         <run_address>0x3f2672</run_address>
         <size>0x11</size>
         <input_file_ref idref="fl-26"/>
      </object_component>
      <object_component id="oc-29e">
         <name>.text:_ti_sysbios_family_c28_Timer_stop__E</name>
         <load_address>0x3f2683</load_address>
         <run_address>0x3f2683</run_address>
         <size>0x10</size>
         <input_file_ref idref="fl-12"/>
      </object_component>
      <object_component id="oc-212">
         <name>.text:_ti_sysbios_family_c28_TimestampProvider_get64__E</name>
         <load_address>0x3f2693</load_address>
         <run_address>0x3f2693</run_address>
         <size>0x10</size>
         <input_file_ref idref="fl-12"/>
      </object_component>
      <object_component id="oc-1e8">
         <name>.text:_ti_sysbios_knl_Task_enabled__E</name>
         <load_address>0x3f26a3</load_address>
         <run_address>0x3f26a3</run_address>
         <size>0x10</size>
         <input_file_ref idref="fl-12"/>
      </object_component>
      <object_component id="oc-26b">
         <name>.text:_xdc_runtime_SysMin_Module_startup__E</name>
         <load_address>0x3f26b3</load_address>
         <run_address>0x3f26b3</run_address>
         <size>0x10</size>
         <input_file_ref idref="fl-25"/>
      </object_component>
      <object_component id="oc-16b">
         <name>.text:.bootCodeSection:_ti_catalog_c2800_init_Boot_disableWatchdog</name>
         <load_address>0x3f26c3</load_address>
         <run_address>0x3f26c3</run_address>
         <size>0xf</size>
         <input_file_ref idref="fl-17"/>
      </object_component>
      <object_component id="oc-2bc">
         <name>.text:_ti_sysbios_utils_Load_getGlobalHwiLoad__E</name>
         <load_address>0x3f26d2</load_address>
         <run_address>0x3f26d2</run_address>
         <size>0xf</size>
         <input_file_ref idref="fl-12"/>
      </object_component>
      <object_component id="oc-2bd">
         <name>.text:_ti_sysbios_utils_Load_getGlobalSwiLoad__E</name>
         <load_address>0x3f26e1</load_address>
         <run_address>0x3f26e1</run_address>
         <size>0xf</size>
         <input_file_ref idref="fl-12"/>
      </object_component>
      <object_component id="oc-16a">
         <name>.text:_xdc_runtime_Error_raiseX__E</name>
         <load_address>0x3f26f0</load_address>
         <run_address>0x3f26f0</run_address>
         <size>0xf</size>
         <input_file_ref idref="fl-1d"/>
      </object_component>
      <object_component id="oc-2ac">
         <name>.text:_xdc_runtime_Registry_findById__E</name>
         <load_address>0x3f26ff</load_address>
         <run_address>0x3f26ff</run_address>
         <size>0xf</size>
         <input_file_ref idref="fl-2a"/>
      </object_component>
      <object_component id="oc-252">
         <name>.text:_ti_sysbios_BIOS_errorRaiseHook__I</name>
         <load_address>0x3f270e</load_address>
         <run_address>0x3f270e</run_address>
         <size>0xe</size>
         <input_file_ref idref="fl-a"/>
      </object_component>
      <object_component id="oc-288">
         <name>.text:_ti_sysbios_knl_Swi_Object__get__S</name>
         <load_address>0x3f271c</load_address>
         <run_address>0x3f271c</run_address>
         <size>0xe</size>
         <input_file_ref idref="fl-a"/>
      </object_component>
      <object_component id="oc-28d">
         <name>.text:_ti_sysbios_knl_Task_Object__get__S</name>
         <load_address>0x3f272a</load_address>
         <run_address>0x3f272a</run_address>
         <size>0xe</size>
         <input_file_ref idref="fl-a"/>
      </object_component>
      <object_component id="oc-280">
         <name>.text:_xdc_runtime_LoggerBuf_Object__get__S</name>
         <load_address>0x3f2738</load_address>
         <run_address>0x3f2738</run_address>
         <size>0xe</size>
         <input_file_ref idref="fl-a"/>
      </object_component>
      <object_component id="oc-2b4">
         <name>.text:_ti_sysbios_family_c28_Hwi_dispatchC__I</name>
         <load_address>0x3f2746</load_address>
         <run_address>0x3f2746</run_address>
         <size>0xd</size>
         <input_file_ref idref="fl-12"/>
      </object_component>
      <object_component id="oc-25a">
         <name>.text:_ti_sysbios_family_c28_TaskSupport_checkStack__E</name>
         <load_address>0x3f2753</load_address>
         <run_address>0x3f2753</run_address>
         <size>0xd</size>
         <input_file_ref idref="fl-12"/>
      </object_component>
      <object_component id="oc-246">
         <name>.text:_ti_sysbios_family_c28_TaskSupport_swap__E</name>
         <load_address>0x3f2760</load_address>
         <run_address>0x3f2760</run_address>
         <size>0xd</size>
         <input_file_ref idref="fl-16"/>
      </object_component>
      <object_component id="oc-179">
         <name>.text:_ti_sysbios_gates_GateHwi_Handle__label__S</name>
         <load_address>0x3f276d</load_address>
         <run_address>0x3f276d</run_address>
         <size>0xd</size>
         <input_file_ref idref="fl-a"/>
      </object_component>
      <object_component id="oc-2a1">
         <name>.text:_ti_sysbios_knl_Task_enter__I</name>
         <load_address>0x3f277a</load_address>
         <run_address>0x3f277a</run_address>
         <size>0xd</size>
         <input_file_ref idref="fl-12"/>
      </object_component>
      <object_component id="oc-248">
         <name>.text:_xdc_runtime_Error_check__E</name>
         <load_address>0x3f2787</load_address>
         <run_address>0x3f2787</run_address>
         <size>0xd</size>
         <input_file_ref idref="fl-1d"/>
      </object_component>
      <object_component id="oc-181">
         <name>.text:_xdc_runtime_HeapStd_Handle__label__S</name>
         <load_address>0x3f2794</load_address>
         <run_address>0x3f2794</run_address>
         <size>0xd</size>
         <input_file_ref idref="fl-a"/>
      </object_component>
      <object_component id="oc-198">
         <name>.text:_xdc_runtime_LoggerBuf_Handle__label__S</name>
         <load_address>0x3f27a1</load_address>
         <run_address>0x3f27a1</run_address>
         <size>0xd</size>
         <input_file_ref idref="fl-a"/>
      </object_component>
      <object_component id="oc-226">
         <name>.text:_xdc_runtime_System_abort__E</name>
         <load_address>0x3f27ae</load_address>
         <run_address>0x3f27ae</run_address>
         <size>0xd</size>
         <input_file_ref idref="fl-24"/>
      </object_component>
      <object_component id="oc-2c9">
         <name>.text:_ti_sysbios_family_c28_Hwi_disableIER__E</name>
         <load_address>0x3f27bb</load_address>
         <run_address>0x3f27bb</run_address>
         <size>0xc</size>
         <input_file_ref idref="fl-a"/>
      </object_component>
      <object_component id="oc-23e">
         <name>.text:_ti_sysbios_family_c28_TimestampProvider_get32__E</name>
         <load_address>0x3f27c7</load_address>
         <run_address>0x3f27c7</run_address>
         <size>0xc</size>
         <input_file_ref idref="fl-12"/>
      </object_component>
      <object_component id="oc-2a6">
         <name>.text:_ti_sysbios_knl_Queue_put__E</name>
         <load_address>0x3f27d3</load_address>
         <run_address>0x3f27d3</run_address>
         <size>0xc</size>
         <input_file_ref idref="fl-12"/>
      </object_component>
      <object_component id="oc-191">
         <name>.text:_xdc_runtime_LoggerBuf_write2__E</name>
         <load_address>0x3f27df</load_address>
         <run_address>0x3f27df</run_address>
         <size>0xc</size>
         <input_file_ref idref="fl-21"/>
      </object_component>
      <object_component id="oc-1f2">
         <name>.text:_xdc_runtime_SysMin_exit__E</name>
         <load_address>0x3f27eb</load_address>
         <run_address>0x3f27eb</run_address>
         <size>0xc</size>
         <input_file_ref idref="fl-25"/>
      </object_component>
      <object_component id="oc-24c">
         <name>.text</name>
         <load_address>0x3f27f7</load_address>
         <run_address>0x3f27f7</run_address>
         <size>0xc</size>
         <input_file_ref idref="fl-41"/>
      </object_component>
      <object_component id="oc-290">
         <name>.text:_ti_sysbios_family_c28_Hwi_Module__startupDone__F</name>
         <load_address>0x3f2803</load_address>
         <run_address>0x3f2803</run_address>
         <size>0xb</size>
         <input_file_ref idref="fl-a"/>
      </object_component>
      <object_component id="oc-284">
         <name>.text:_ti_sysbios_family_c28_Hwi_Object__get__S</name>
         <load_address>0x3f280e</load_address>
         <run_address>0x3f280e</run_address>
         <size>0xb</size>
         <input_file_ref idref="fl-a"/>
      </object_component>
      <object_component id="oc-238">
         <name>.text:_ti_sysbios_family_c28_Hwi_enableIER__E</name>
         <load_address>0x3f2819</load_address>
         <run_address>0x3f2819</run_address>
         <size>0xb</size>
         <input_file_ref idref="fl-a"/>
      </object_component>
      <object_component id="oc-2a3">
         <name>.text:_ti_sysbios_knl_Queue_Object__get__S</name>
         <load_address>0x3f2824</load_address>
         <run_address>0x3f2824</run_address>
         <size>0xb</size>
         <input_file_ref idref="fl-a"/>
      </object_component>
      <object_component id="oc-1db">
         <name>.text:_xdc_runtime_LoggerBuf_Instance_finalize__E</name>
         <load_address>0x3f282f</load_address>
         <run_address>0x3f282f</run_address>
         <size>0xb</size>
         <input_file_ref idref="fl-21"/>
      </object_component>
      <object_component id="oc-190">
         <name>.text:_xdc_runtime_LoggerBuf_write1__E</name>
         <load_address>0x3f283a</load_address>
         <run_address>0x3f283a</run_address>
         <size>0xb</size>
         <input_file_ref idref="fl-21"/>
      </object_component>
      <object_component id="oc-1fc">
         <name>.text:_xdc_runtime_Memory_free__E</name>
         <load_address>0x3f2845</load_address>
         <run_address>0x3f2845</run_address>
         <size>0xb</size>
         <input_file_ref idref="fl-22"/>
      </object_component>
      <object_component id="oc-15c">
         <name>.text:_xdc_runtime_System_exit__E</name>
         <load_address>0x3f2850</load_address>
         <run_address>0x3f2850</run_address>
         <size>0xb</size>
         <input_file_ref idref="fl-24"/>
      </object_component>
      <object_component id="oc-163">
         <name>.text:_ti_sysbios_BIOS_exitFunc__I</name>
         <load_address>0x3f285b</load_address>
         <run_address>0x3f285b</run_address>
         <size>0xa</size>
         <input_file_ref idref="fl-a"/>
      </object_component>
      <object_component id="oc-1d6">
         <name>.text:_xdc_runtime_Error_init__E</name>
         <load_address>0x3f2865</load_address>
         <run_address>0x3f2865</run_address>
         <size>0xa</size>
         <input_file_ref idref="fl-1d"/>
      </object_component>
      <object_component id="oc-18f">
         <name>.text:_xdc_runtime_LoggerBuf_write0__E</name>
         <load_address>0x3f286f</load_address>
         <run_address>0x3f286f</run_address>
         <size>0xa</size>
         <input_file_ref idref="fl-21"/>
      </object_component>
      <object_component id="oc-2af">
         <name>.text:_xdc_runtime_System_vsnprintf__E</name>
         <load_address>0x3f2879</load_address>
         <run_address>0x3f2879</run_address>
         <size>0xa</size>
         <input_file_ref idref="fl-24"/>
      </object_component>
      <object_component id="oc-202">
         <name>.text:_xdc_runtime_Text_ropeText__E</name>
         <load_address>0x3f2883</load_address>
         <run_address>0x3f2883</run_address>
         <size>0xa</size>
         <input_file_ref idref="fl-26"/>
      </object_component>
      <object_component id="oc-23c">
         <name>.text:_ti_sysbios_family_c28_Hwi_restoreIER__E</name>
         <load_address>0x3f288d</load_address>
         <run_address>0x3f288d</run_address>
         <size>0x9</size>
         <input_file_ref idref="fl-a"/>
      </object_component>
      <object_component id="oc-2d1">
         <name>.text:_ti_sysbios_family_c28_TaskSupport_glue</name>
         <load_address>0x3f2896</load_address>
         <run_address>0x3f2896</run_address>
         <size>0x9</size>
         <input_file_ref idref="fl-16"/>
      </object_component>
      <object_component id="oc-271">
         <name>.text:_ti_sysbios_hal_Hwi_Module_startup__E</name>
         <load_address>0x3f289f</load_address>
         <run_address>0x3f289f</run_address>
         <size>0x9</size>
         <input_file_ref idref="fl-12"/>
      </object_component>
      <object_component id="oc-2a2">
         <name>.text:_ti_sysbios_knl_Task_SupportProxy_start__E</name>
         <load_address>0x3f28a8</load_address>
         <run_address>0x3f28a8</run_address>
         <size>0x9</size>
         <input_file_ref idref="fl-a"/>
      </object_component>
      <object_component id="oc-2a4">
         <name>.text:_ti_sysbios_knl_Task_unblock__E</name>
         <load_address>0x3f28b1</load_address>
         <run_address>0x3f28b1</run_address>
         <size>0x9</size>
         <input_file_ref idref="fl-12"/>
      </object_component>
      <object_component id="oc-1a5">
         <name>.text:_xdc_runtime_Startup_exec__I</name>
         <load_address>0x3f28ba</load_address>
         <run_address>0x3f28ba</run_address>
         <size>0x9</size>
         <input_file_ref idref="fl-a"/>
      </object_component>
      <object_component id="oc-2bf">
         <name>.text:_xdc_runtime_Text_visitRope__I</name>
         <load_address>0x3f28c3</load_address>
         <run_address>0x3f28c3</run_address>
         <size>0x9</size>
         <input_file_ref idref="fl-a"/>
      </object_component>
      <object_component id="oc-1bf">
         <name>.text</name>
         <load_address>0x3f28cc</load_address>
         <run_address>0x3f28cc</run_address>
         <size>0x9</size>
         <input_file_ref idref="fl-3f"/>
      </object_component>
      <object_component id="oc-18b">
         <name>.text:_ti_sysbios_BIOS_setThreadType__E</name>
         <load_address>0x3f28d5</load_address>
         <run_address>0x3f28d5</run_address>
         <size>0x8</size>
         <input_file_ref idref="fl-12"/>
      </object_component>
      <object_component id="oc-2c5">
         <name>.text:_ti_sysbios_knl_Task_getHookContext__E</name>
         <load_address>0x3f28dd</load_address>
         <run_address>0x3f28dd</run_address>
         <size>0x8</size>
         <input_file_ref idref="fl-12"/>
      </object_component>
      <object_component id="oc-249">
         <name>.text:_xdc_runtime_IHeap_alloc</name>
         <load_address>0x3f28e5</load_address>
         <run_address>0x3f28e5</run_address>
         <size>0x8</size>
         <input_file_ref idref="fl-a"/>
      </object_component>
      <object_component id="oc-1fb">
         <name>.text:_xdc_runtime_Memory_calloc__E</name>
         <load_address>0x3f28ed</load_address>
         <run_address>0x3f28ed</run_address>
         <size>0x8</size>
         <input_file_ref idref="fl-22"/>
      </object_component>
      <object_component id="oc-2c0">
         <name>.text:_xdc_runtime_SysMin_ready__E</name>
         <load_address>0x3f28f5</load_address>
         <run_address>0x3f28f5</run_address>
         <size>0x8</size>
         <input_file_ref idref="fl-25"/>
      </object_component>
      <object_component id="oc-298">
         <name>.text</name>
         <load_address>0x3f28fd</load_address>
         <run_address>0x3f28fd</run_address>
         <size>0x8</size>
         <input_file_ref idref="fl-43"/>
      </object_component>
      <object_component id="oc-157">
         <name>.text:.bootCodeSection:_ti_catalog_c2800_init_Boot_init</name>
         <load_address>0x3f2905</load_address>
         <run_address>0x3f2905</run_address>
         <size>0x7</size>
         <input_file_ref idref="fl-a"/>
      </object_component>
      <object_component id="oc-17e">
         <name>.text:_xdc_runtime_HeapStd_getStats__E</name>
         <load_address>0x3f290c</load_address>
         <run_address>0x3f290c</run_address>
         <size>0x7</size>
         <input_file_ref idref="fl-20"/>
      </object_component>
      <object_component id="oc-27c">
         <name>.text:_xdc_runtime_System_aprintf__E</name>
         <load_address>0x3f2913</load_address>
         <run_address>0x3f2913</run_address>
         <size>0x7</size>
         <input_file_ref idref="fl-a"/>
      </object_component>
      <object_component id="oc-27d">
         <name>.text:_xdc_runtime_System_printf__E</name>
         <load_address>0x3f291a</load_address>
         <run_address>0x3f291a</run_address>
         <size>0x7</size>
         <input_file_ref idref="fl-a"/>
      </object_component>
      <object_component id="oc-19b">
         <name>.text:_ti_sysbios_BIOS_start__E</name>
         <load_address>0x3f2921</load_address>
         <run_address>0x3f2921</run_address>
         <size>0x6</size>
         <input_file_ref idref="fl-12"/>
      </object_component>
      <object_component id="oc-20d">
         <name>.text:_ti_sysbios_family_c28_IntrinsicsSupport_maxbit__E</name>
         <load_address>0x3f2927</load_address>
         <run_address>0x3f2927</run_address>
         <size>0x6</size>
         <input_file_ref idref="fl-15"/>
      </object_component>
      <object_component id="oc-166">
         <name>.text:_ti_sysbios_family_c28_TimestampProvider_rolloverFunc__E</name>
         <load_address>0x3f292d</load_address>
         <run_address>0x3f292d</run_address>
         <size>0x6</size>
         <input_file_ref idref="fl-12"/>
      </object_component>
      <object_component id="oc-1ed">
         <name>.text:_ti_sysbios_family_c28_TimestampProvider_startTimer__E</name>
         <load_address>0x3f2933</load_address>
         <run_address>0x3f2933</run_address>
         <size>0x6</size>
         <input_file_ref idref="fl-12"/>
      </object_component>
      <object_component id="oc-1bd">
         <name>.text:_ti_sysbios_knl_Swi_disable__E</name>
         <load_address>0x3f2939</load_address>
         <run_address>0x3f2939</run_address>
         <size>0x6</size>
         <input_file_ref idref="fl-12"/>
      </object_component>
      <object_component id="oc-1be">
         <name>.text:_ti_sysbios_knl_Task_disable__E</name>
         <load_address>0x3f293f</load_address>
         <run_address>0x3f293f</run_address>
         <size>0x6</size>
         <input_file_ref idref="fl-12"/>
      </object_component>
      <object_component id="oc-1a6">
         <name>.text:_xdc_runtime_Gate_enterSystem__E</name>
         <load_address>0x3f2945</load_address>
         <run_address>0x3f2945</run_address>
         <size>0x6</size>
         <input_file_ref idref="fl-1e"/>
      </object_component>
      <object_component id="oc-1b7">
         <name>.text:_xdc_runtime_Gate_leaveSystem__E</name>
         <load_address>0x3f294b</load_address>
         <run_address>0x3f294b</run_address>
         <size>0x6</size>
         <input_file_ref idref="fl-1e"/>
      </object_component>
      <object_component id="oc-18d">
         <name>.text:_xdc_runtime_LoggerBuf_enable__E</name>
         <load_address>0x3f2951</load_address>
         <run_address>0x3f2951</run_address>
         <size>0x6</size>
         <input_file_ref idref="fl-21"/>
      </object_component>
      <object_component id="oc-245">
         <name>.text:_ti_sysbios_family_c28_Hwi_switchFromBootStack__E</name>
         <load_address>0x3f2957</load_address>
         <run_address>0x3f2957</run_address>
         <size>0x5</size>
         <input_file_ref idref="fl-12"/>
      </object_component>
      <object_component id="oc-175">
         <name>.text:_ti_sysbios_gates_GateHwi_enter__E</name>
         <load_address>0x3f295c</load_address>
         <run_address>0x3f295c</run_address>
         <size>0x5</size>
         <input_file_ref idref="fl-12"/>
      </object_component>
      <object_component id="oc-19d">
         <name>.text:_ti_sysbios_utils_Load_getCPULoad__E</name>
         <load_address>0x3f2961</load_address>
         <run_address>0x3f2961</run_address>
         <size>0x5</size>
         <input_file_ref idref="fl-12"/>
      </object_component>
      <object_component id="oc-18e">
         <name>.text:_xdc_runtime_LoggerBuf_disable__E</name>
         <load_address>0x3f2966</load_address>
         <run_address>0x3f2966</run_address>
         <size>0x5</size>
         <input_file_ref idref="fl-21"/>
      </object_component>
      <object_component id="oc-2c4">
         <name>.text:_ti_sysbios_family_c28_Hwi_disable__E</name>
         <load_address>0x3f296b</load_address>
         <run_address>0x3f296b</run_address>
         <size>0x4</size>
         <input_file_ref idref="fl-a"/>
      </object_component>
      <object_component id="oc-1c5">
         <name>.text:_ti_sysbios_family_c28_Hwi_startup__E</name>
         <load_address>0x3f296f</load_address>
         <run_address>0x3f296f</run_address>
         <size>0x4</size>
         <input_file_ref idref="fl-a"/>
      </object_component>
      <object_component id="oc-292">
         <name>.text:_ti_sysbios_family_c28_TimestampProvider_getFreq__E</name>
         <load_address>0x3f2973</load_address>
         <run_address>0x3f2973</run_address>
         <size>0x4</size>
         <input_file_ref idref="fl-12"/>
      </object_component>
      <object_component id="oc-188">
         <name>.text:_ti_sysbios_knl_Swi_startup__E</name>
         <load_address>0x3f2977</load_address>
         <run_address>0x3f2977</run_address>
         <size>0x4</size>
         <input_file_ref idref="fl-12"/>
      </object_component>
      <object_component id="oc-25b">
         <name>.text:_ti_sysbios_utils_Load_taskRegHook__E</name>
         <load_address>0x3f297b</load_address>
         <run_address>0x3f297b</run_address>
[...]
         <name>_ti_sysbios_family_c28_TaskSupport_swap__E</name>
         <value>0x3f2760</value>
         <object_component_ref idref="oc-246"/>
      </symbol>
      <symbol id="sm-841">
         <name>_ti_sysbios_family_c28_TaskSupport_glue</name>
         <value>0x3f2896</value>
         <object_component_ref idref="oc-2d1"/>
      </symbol>
      <symbol id="sm-854">
         <name>_ti_catalog_c2800_init_Boot_configurePll2802x</name>
         <value>0x3f1e5b</value>
         <object_component_ref idref="oc-16c"/>
      </symbol>
      <symbol id="sm-855">
         <name>_ti_catalog_c2800_init_Boot_disableWatchdog</name>
         <value>0x3f26c3</value>
         <object_component_ref idref="oc-16b"/>
      </symbol>
      <symbol id="sm-856">
         <name>_ti_catalog_c2800_init_Boot_defaultLimpAbortFunction</name>
         <value>0x3f29e7</value>
         <object_component_ref idref="oc-1ec"/>
      </symbol>
      <symbol id="sm-86b">
         <name>_xdc_runtime_Assert_raise__I</name>
         <value>0x3f1f40</value>
         <object_component_ref idref="oc-1b4"/>
      </symbol>
      <symbol id="sm-88b">
         <name>_xdc_runtime_Core_deleteObject__I</name>
         <value>0x3f1ab3</value>
         <object_component_ref idref="oc-1ad"/>
      </symbol>
      <symbol id="sm-88c">
         <name>_xdc_runtime_Core_createObject__I</name>
         <value>0x3f0c99</value>
         <object_component_ref idref="oc-1ab"/>
      </symbol>
      <symbol id="sm-8a4">
         <name>_xdc_runtime_Core_assignLabel__I</name>
         <value>0x3f246d</value>
         <object_component_ref idref="oc-1ae"/>
      </symbol>
      <symbol id="sm-8b2">
         <name>_xdc_runtime_Core_assignParams__I</name>
         <value>0x3f1f6d</value>
         <object_component_ref idref="oc-1fa"/>
      </symbol>
      <symbol id="sm-8de">
         <name>_xdc_runtime_Error_getSite__E</name>
         <value>0x3f29ed</value>
         <object_component_ref idref="oc-27a"/>
      </symbol>
      <symbol id="sm-8df">
         <name>_xdc_runtime_Error_print__E</name>
         <value>0x3f1dcd</value>
         <object_component_ref idref="oc-266"/>
      </symbol>
      <symbol id="sm-8e0">
         <name>_xdc_runtime_Error_policyDefault__E</name>
         <value>0x3f0e5a</value>
         <object_component_ref idref="oc-1eb"/>
      </symbol>
      <symbol id="sm-8e1">
         <name>_xdc_runtime_Error_init__E</name>
         <value>0x3f2865</value>
         <object_component_ref idref="oc-1d6"/>
      </symbol>
      <symbol id="sm-8e2">
         <name>_xdc_runtime_Error_raiseX__E</name>
         <value>0x3f26f0</value>
         <object_component_ref idref="oc-16a"/>
      </symbol>
      <symbol id="sm-8e3">
         <name>_xdc_runtime_Error_check__E</name>
         <value>0x3f2787</value>
         <object_component_ref idref="oc-248"/>
      </symbol>
      <symbol id="sm-8e4">
         <name>_xdc_runtime_Error_setX__E</name>
         <value>0x3f2074</value>
         <object_component_ref idref="oc-21b"/>
      </symbol>
      <symbol id="sm-8f2">
         <name>_xdc_runtime_Gate_leaveSystem__E</name>
         <value>0x3f294b</value>
         <object_component_ref idref="oc-1b7"/>
      </symbol>
      <symbol id="sm-8f3">
         <name>_xdc_runtime_Gate_enterSystem__E</name>
         <value>0x3f2945</value>
         <object_component_ref idref="oc-1a6"/>
      </symbol>
      <symbol id="sm-93d">
         <name>_xdc_runtime_HeapStd_isBlocking__E</name>
         <value>0x3f29ef</value>
         <object_component_ref idref="oc-17d"/>
      </symbol>
      <symbol id="sm-93e">
         <name>_xdc_runtime_HeapStd_getStats__E</name>
         <value>0x3f290c</value>
         <object_component_ref idref="oc-17e"/>
      </symbol>
      <symbol id="sm-93f">
         <name>_xdc_runtime_HeapStd_free__E</name>
         <value>0x3f1517</value>
         <object_component_ref idref="oc-17c"/>
      </symbol>
      <symbol id="sm-940">
         <name>_xdc_runtime_HeapStd_Instance_init__E</name>
         <value>0x3f0f6b</value>
         <object_component_ref idref="oc-1bc"/>
      </symbol>
      <symbol id="sm-941">
         <name>_xdc_runtime_HeapStd_alloc__E</name>
         <value>0x3f07d6</value>
         <object_component_ref idref="oc-17b"/>
      </symbol>
      <symbol id="sm-990">
         <name>_xdc_runtime_LoggerBuf_write0__E</name>
         <value>0x3f286f</value>
         <object_component_ref idref="oc-18f"/>
      </symbol>
      <symbol id="sm-991">
         <name>_xdc_runtime_LoggerBuf_Instance_init__E</name>
         <value>0x3f1dfd</value>
         <object_component_ref idref="oc-1da"/>
      </symbol>
      <symbol id="sm-992">
         <name>_xdc_runtime_LoggerBuf_Module_startup__E</name>
         <value>0x3f257a</value>
         <object_component_ref idref="oc-269"/>
      </symbol>
      <symbol id="sm-993">
         <name>_xdc_runtime_LoggerBuf_reset__E</name>
         <value>0x3f25d4</value>
         <object_component_ref idref="oc-215"/>
      </symbol>
      <symbol id="sm-994">
         <name>_xdc_runtime_LoggerBuf_Instance_finalize__E</name>
         <value>0x3f282f</value>
         <object_component_ref idref="oc-1db"/>
      </symbol>
      <symbol id="sm-995">
         <name>_xdc_runtime_LoggerBuf_write4__E</name>
         <value>0x3f1266</value>
         <object_component_ref idref="oc-192"/>
      </symbol>
      <symbol id="sm-996">
         <name>_xdc_runtime_LoggerBuf_getFilterLevel__E</name>
         <value>0x3f1af0</value>
         <object_component_ref idref="oc-195"/>
      </symbol>
      <symbol id="sm-997">
         <name>_xdc_runtime_LoggerBuf_disable__E</name>
         <value>0x3f2966</value>
         <object_component_ref idref="oc-18e"/>
      </symbol>
      <symbol id="sm-998">
         <name>_xdc_runtime_LoggerBuf_setFilterLevel__E</name>
         <value>0x3f1c1d</value>
         <object_component_ref idref="oc-194"/>
      </symbol>
      <symbol id="sm-999">
         <name>_xdc_runtime_LoggerBuf_write8__E</name>
         <value>0x3f0a91</value>
         <object_component_ref idref="oc-193"/>
      </symbol>
      <symbol id="sm-99a">
         <name>_xdc_runtime_LoggerBuf_write2__E</name>
         <value>0x3f27df</value>
         <object_component_ref idref="oc-191"/>
      </symbol>
      <symbol id="sm-99b">
         <name>_xdc_runtime_LoggerBuf_filterOutEvent__I</name>
         <value>0x3f231c</value>
         <object_component_ref idref="oc-1d0"/>
      </symbol>
      <symbol id="sm-99c">
         <name>_xdc_runtime_LoggerBuf_write1__E</name>
         <value>0x3f283a</value>
         <object_component_ref idref="oc-190"/>
      </symbol>
      <symbol id="sm-99d">
         <name>_xdc_runtime_LoggerBuf_enable__E</name>
         <value>0x3f2951</value>
         <object_component_ref idref="oc-18d"/>
      </symbol>
      <symbol id="sm-9b8">
         <name>_xdc_runtime_Memory_calloc__E</name>
         <value>0x3f28ed</value>
         <object_component_ref idref="oc-1fb"/>
      </symbol>
      <symbol id="sm-9b9">
         <name>_xdc_runtime_Memory_free__E</name>
         <value>0x3f2845</value>
         <object_component_ref idref="oc-1fc"/>
      </symbol>
      <symbol id="sm-9ba">
         <name>_xdc_runtime_Memory_valloc__E</name>
         <value>0x3f251c</value>
         <object_component_ref idref="oc-22e"/>
      </symbol>
      <symbol id="sm-9bb">
         <name>_xdc_runtime_Memory_alloc__E</name>
         <value>0x3f1a75</value>
         <object_component_ref idref="oc-214"/>
      </symbol>
      <symbol id="sm-9bc">
         <name>_xdc_runtime_Memory_getMaxDefaultTypeAlign__E</name>
         <value>0x3f2983</value>
         <object_component_ref idref="oc-1b6"/>
      </symbol>
      <symbol id="sm-9de">
         <name>_xdc_runtime_Startup_startMods__I</name>
         <value>0x3f143a</value>
         <object_component_ref idref="oc-1ef"/>
      </symbol>
      <symbol id="sm-9df">
         <name>_xdc_runtime_Startup_rtsDone__E</name>
         <value>0x3f2987</value>
         <object_component_ref idref="oc-182"/>
      </symbol>
      <symbol id="sm-9e0">
         <name>_xdc_runtime_Startup_exec__E</name>
         <value>0x3f1e2c</value>
         <object_component_ref idref="oc-159"/>
      </symbol>
      <symbol id="sm-a65">
         <name>_xdc_runtime_System_formatNum__I</name>
         <value>0x3f1d69</value>
         <object_component_ref idref="oc-2c2"/>
      </symbol>
      <symbol id="sm-a66">
         <name>_xdc_runtime_System_exit__E</name>
         <value>0x3f2850</value>
         <object_component_ref idref="oc-15c"/>
      </symbol>
      <symbol id="sm-a67">
         <name>_xdc_runtime_System_exitStd__E</name>
         <value>0x3f29d6</value>
         <object_component_ref idref="oc-1a8"/>
      </symbol>
      <symbol id="sm-a68">
         <name>_xdc_runtime_System_printf_va__F</name>
         <value>0x3f24ba</value>
         <object_component_ref idref="oc-29a"/>
      </symbol>
      <symbol id="sm-a69">
         <name>_xdc_runtime_System_atexit__E</name>
         <value>0x3f233a</value>
         <object_component_ref idref="oc-185"/>
      </symbol>
      <symbol id="sm-a6a">
         <name>_xdc_runtime_System_abortStd__E</name>
         <value>0x3f29d3</value>
         <object_component_ref idref="oc-268"/>
      </symbol>
      <symbol id="sm-a6b">
         <name>_xdc_runtime_System_putchar__I</name>
         <value>0x3f2534</value>
         <object_component_ref idref="oc-2c3"/>
      </symbol>
      <symbol id="sm-a6c">
         <name>_xdc_runtime_System_snprintf_va__F</name>
         <value>0x3f2879</value>
         <object_component_ref idref="oc-2af"/>
      </symbol>
      <symbol id="sm-a6d">
         <name>_xdc_runtime_System_Module_startup__E</name>
         <value>0x3f29c4</value>
         <object_component_ref idref="oc-26a"/>
      </symbol>
      <symbol id="sm-a6e">
         <name>_xdc_runtime_System_avprintf__E</name>
         <value>0x3f2487</value>
         <object_component_ref idref="oc-299"/>
      </symbol>
      <symbol id="sm-a6f">
         <name>_xdc_runtime_System_vprintf__E</name>
         <value>0x3f24ba</value>
         <object_component_ref idref="oc-29a"/>
      </symbol>
      <symbol id="sm-a70">
         <name>_xdc_runtime_System_aprintf_va__F</name>
         <value>0x3f2487</value>
         <object_component_ref idref="oc-299"/>
      </symbol>
      <symbol id="sm-a71">
         <name>_xdc_runtime_System_doPrint__I</name>
         <value>0x3f0000</value>
         <object_component_ref idref="oc-2b1"/>
      </symbol>
      <symbol id="sm-a72">
         <name>_xdc_runtime_System_processAtExit__E</name>
         <value>0x3f2256</value>
         <object_component_ref idref="oc-171"/>
      </symbol>
      <symbol id="sm-a73">
         <name>_xdc_runtime_System_vsnprintf__E</name>
         <value>0x3f2879</value>
         <object_component_ref idref="oc-2af"/>
      </symbol>
      <symbol id="sm-a74">
         <name>_xdc_runtime_System_abort__E</name>
         <value>0x3f27ae</value>
         <object_component_ref idref="oc-226"/>
      </symbol>
      <symbol id="sm-a92">
         <name>_xdc_runtime_SysMin_abort__E</name>
         <value>0x3f2591</value>
         <object_component_ref idref="oc-267"/>
      </symbol>
      <symbol id="sm-a93">
         <name>_xdc_runtime_SysMin_ready__E</name>
         <value>0x3f28f5</value>
         <object_component_ref idref="oc-2c0"/>
      </symbol>
      <symbol id="sm-a94">
         <name>_xdc_runtime_SysMin_flush__E</name>
         <value>0x3f220c</value>
         <object_component_ref idref="oc-22d"/>
      </symbol>
      <symbol id="sm-a95">
         <name>_xdc_runtime_SysMin_Module_startup__E</name>
         <value>0x3f26b3</value>
         <object_component_ref idref="oc-26b"/>
      </symbol>
      <symbol id="sm-a96">
         <name>_xdc_runtime_SysMin_putch__E</name>
         <value>0x3f2392</value>
         <object_component_ref idref="oc-27e"/>
      </symbol>
      <symbol id="sm-a97">
         <name>_xdc_runtime_SysMin_exit__E</name>
         <value>0x3f27eb</value>
         <object_component_ref idref="oc-1f2"/>
      </symbol>
      <symbol id="sm-adb">
         <name>_xdc_runtime_Text_putLab__E</name>
         <value>0x3f1978</value>
         <object_component_ref idref="oc-2d3"/>
      </symbol>
      <symbol id="sm-adc">
         <name>_xdc_runtime_Text_printVisFxn__I</name>
         <value>0x3f2614</value>
         <object_component_ref idref="oc-2ae"/>
      </symbol>
      <symbol id="sm-add">
         <name>_xdc_runtime_Text_putMod__E</name>
         <value>0x3f19f8</value>
         <object_component_ref idref="oc-296"/>
      </symbol>
      <symbol id="sm-ade">
         <name>_xdc_runtime_Text_cordText__E</name>
         <value>0x3f2672</value>
         <object_component_ref idref="oc-1fd"/>
      </symbol>
      <symbol id="sm-adf">
         <name>_xdc_runtime_Text_xprintf__I</name>
         <value>0x3f2143</value>
         <object_component_ref idref="oc-297"/>
      </symbol>
      <symbol id="sm-ae0">
         <name>_xdc_runtime_Text_visitRope2__I</name>
         <value>0x3f1f9a</value>
         <object_component_ref idref="oc-2cd"/>
      </symbol>
      <symbol id="sm-ae1">
         <name>_xdc_runtime_Text_ropeText__E</name>
         <value>0x3f2883</value>
         <object_component_ref idref="oc-202"/>
      </symbol>
      <symbol id="sm-ae2">
         <name>_xdc_runtime_Text_putSite__E</name>
         <value>0x3f1716</value>
         <object_component_ref idref="oc-27b"/>
      </symbol>
      <symbol id="sm-af0">
         <name>_xdc_runtime_Timestamp_getFreq__E</name>
         <value>0x3f29e2</value>
         <object_component_ref idref="oc-260"/>
      </symbol>
      <symbol id="sm-af1">
         <name>_xdc_runtime_Timestamp_get32__E</name>
         <value>0x3f29df</value>
         <object_component_ref idref="oc-1cc"/>
      </symbol>
      <symbol id="sm-afd">
         <name>___xdc__init</name>
         <value>0x3f298b</value>
         <object_component_ref idref="oc-15d"/>
      </symbol>
      <symbol id="sm-b1d">
         <name>_xdc_runtime_Registry_findById__E</name>
         <value>0x3f26ff</value>
         <object_component_ref idref="oc-2ac"/>
      </symbol>
      <symbol id="sm-b38">
         <name>_c_int00</name>
         <value>0x3f1583</value>
         <object_component_ref idref="oc-38"/>
      </symbol>
      <symbol id="sm-b39">
         <name>__stack</name>
         <value>0x0</value>
         <object_component_ref idref="oc-fd"/>
      </symbol>
      <symbol id="sm-b65">
         <name>ULL$$MOD</name>
         <value>0x3f0774</value>
         <object_component_ref idref="oc-102"/>
      </symbol>
      <symbol id="sm-b66">
         <name>ULL$$DIV</name>
         <value>0x3f0745</value>
         <object_component_ref idref="oc-102"/>
      </symbol>
      <symbol id="sm-b67">
         <name>LL$$MOD</name>
         <value>0x3f070b</value>
         <object_component_ref idref="oc-102"/>
      </symbol>
      <symbol id="sm-b68">
         <name>LL$$DIV</name>
         <value>0x3f06cf</value>
         <object_component_ref idref="oc-102"/>
      </symbol>
      <symbol id="sm-b76">
         <name>I$$MOD</name>
         <value>0x3f22ac</value>
         <object_component_ref idref="oc-107"/>
      </symbol>
      <symbol id="sm-b77">
         <name>I$$DIV</name>
         <value>0x3f229b</value>
         <object_component_ref idref="oc-107"/>
      </symbol>
      <symbol id="sm-b83">
         <name>UL$$MOD</name>
         <value>0x3f20c2</value>
         <object_component_ref idref="oc-10c"/>
      </symbol>
      <symbol id="sm-b84">
         <name>L$$MOD</name>
         <value>0x3f20ad</value>
         <object_component_ref idref="oc-10c"/>
      </symbol>
      <symbol id="sm-b85">
         <name>L$$DIV</name>
         <value>0x3f209e</value>
         <object_component_ref idref="oc-10c"/>
      </symbol>
      <symbol id="sm-b86">
         <name>UL$$DIV</name>
         <value>0x3f20bb</value>
         <object_component_ref idref="oc-10c"/>
      </symbol>
      <symbol id="sm-b95">
         <name>_copy_in</name>
         <value>0x3f2232</value>
         <object_component_ref idref="oc-158"/>
      </symbol>
      <symbol id="sm-ba6">
         <name>_memcpy</name>
         <value>0x3f23af</value>
         <object_component_ref idref="oc-16d"/>
      </symbol>
      <symbol id="sm-bb2">
         <name>__system_pre_init</name>
         <value>0x3f29f1</value>
         <object_component_ref idref="oc-156"/>
      </symbol>
      <symbol id="sm-bbf">
         <name>__system_post_cinit</name>
         <value>0x3f29f7</value>
         <object_component_ref idref="oc-15a"/>
      </symbol>
      <symbol id="sm-bd3">
         <name>C$$EXIT</name>
         <value>0x3f216c</value>
         <object_component_ref idref="oc-1f3"/>
      </symbol>
      <symbol id="sm-bd4">
         <name>_exit</name>
         <value>0x3f216e</value>
         <object_component_ref idref="oc-1f3"/>
      </symbol>
      <symbol id="sm-bd5">
         <name>___TI_cleanup_ptr</name>
         <value>0x8d56</value>
         <object_component_ref idref="oc-127"/>
      </symbol>
      <symbol id="sm-bd6">
         <name>___TI_enable_exit_profile_output</name>
         <value>0x8d54</value>
         <object_component_ref idref="oc-127"/>
      </symbol>
      <symbol id="sm-bd7">
         <name>_abort</name>
         <value>0x3f216c</value>
         <object_component_ref idref="oc-1f3"/>
      </symbol>
      <symbol id="sm-bd8">
         <name>___TI_dtors_ptr</name>
         <value>0x8d58</value>
         <object_component_ref idref="oc-127"/>
      </symbol>
      <symbol id="sm-bec">
         <name>__unlock</name>
         <value>0x8d5c</value>
         <object_component_ref idref="oc-207"/>
      </symbol>
      <symbol id="sm-bed">
         <name>__lock</name>
         <value>0x8d5a</value>
         <object_component_ref idref="oc-208"/>
      </symbol>
      <symbol id="sm-bee">
         <name>__register_lock</name>
         <value>0x3f28d0</value>
         <object_component_ref idref="oc-1bf"/>
      </symbol>
      <symbol id="sm-bef">
         <name>__nop</name>
         <value>0x3f28d4</value>
         <object_component_ref idref="oc-1bf"/>
      </symbol>
      <symbol id="sm-bf0">
         <name>__register_unlock</name>
         <value>0x3f28cc</value>
         <object_component_ref idref="oc-1bf"/>
      </symbol>
      <symbol id="sm-bff">
         <name>__args_main</name>
         <value>0x3f24d3</value>
         <object_component_ref idref="oc-15b"/>
      </symbol>
      <symbol id="sm-c0d">
         <name>_memset</name>
         <value>0x3f27f7</value>
         <object_component_ref idref="oc-24c"/>
      </symbol>
      <symbol id="sm-c23">
         <name>_strlen</name>
         <value>0x3f28fd</value>
         <object_component_ref idref="oc-298"/>
      </symbol>
      <symbol id="sm-c30">
         <name>_HOSTwrite</name>
         <value>0x3f1cc9</value>
         <object_component_ref idref="oc-291"/>
      </symbol>
      <symbol id="sm-c48">
         <name>___TI_readmsg</name>
         <value>0x3f0d90</value>
         <object_component_ref idref="oc-2a7"/>
      </symbol>
      <symbol id="sm-c49">
         <name>C$$IO$$</name>
         <value>0x3f0d8b</value>
         <object_component_ref idref="oc-2a7"/>
      </symbol>
      <symbol id="sm-c4a">
         <name>__CIOBUF_</name>
         <value>0x8d80</value>
         <object_component_ref idref="oc-14b"/>
      </symbol>
      <symbol id="sm-c4b">
         <name>___TI_writemsg</name>
         <value>0x3f0d38</value>
         <object_component_ref idref="oc-2a7"/>
      </symbol>
      <symbol id="sm-c57">
         <name>_parmbuf</name>
         <value>0x8d4c</value>
         <object_component_ref idref="oc-151"/>
      </symbol>
   </symbol_table>
   <title>Link successful</title>
</link_info>
