******************************************************************************
             TMS320C2000 Linker PC v18.1.4                     
******************************************************************************
>> Linked Mon Dec  2 17:03:08 2019

OUTPUT FILE NAME:   <screen_w_BIOS.out>
ENTRY POINT SYMBOL: "_c_int00"  address: 003f1542


MEMORY CONFIGURATION

         name            origin    length      used     unused   attr    fill
----------------------  --------  ---------  --------  --------  ----  --------
PAGE 0:
  OTP                   003d7800   00000400  00000000  00000400  RWIX
  FLASH                 003f0000   00007f80  000047ed  00003793  RWIX
  CSM_RSVD              003f7f80   00000076  00000000  00000076  RWIX
  BEGIN                 003f7ff6   00000002  00000002  00000000  RWIX
  CSM_PWL               003f7ff8   00000008  00000000  00000008  RWIX
  IQTABLES              003fe000   00000b50  00000000  00000b50  RWIX
  IQTABLES2             003feb50   0000008c  00000000  0000008c  RWIX
  IQTABLES3             003febdc   000000aa  00000000  000000aa  RWIX
  ROM                   003ff27c   00000d44  00000000  00000d44  RWIX
  RESET                 003fffc0   00000002  00000000  00000002  RWIX
  VECTORS               003fffc2   0000003e  00000000  0000003e  RWIX

PAGE 1:
  M01SARAM              00000000   00000800  00000100  00000700  RWIX
  DEV_EMU               00000880   00000105  00000004  00000101  RWIX
  SYS_PWR_CTL           00000985   00000003  00000003  00000000  RWIX
  FLASH_REGS            00000a80   00000060  00000008  00000058  RWIX
  CSM                   00000ae0   00000010  00000010  00000000  RWIX
  ADC_RESULT            00000b00   00000020  00000020  00000000  RWIX
  CPU_TIMER0            00000c00   00000008  00000008  00000000  RWIX
  CPU_TIMER1            00000c08   00000008  00000008  00000000  RWIX
  CPU_TIMER2            00000c10   00000008  00000008  00000000  RWIX
  PIE_CTRL              00000ce0   00000020  0000001a  00000006  RWIX
  PIEVECT               00000d00   00000100  00000000  00000100  RWIX
  COMP1                 00006400   00000020  00000020  00000000  RWIX
  COMP2                 00006420   00000020  00000020  00000000  RWIX
  EPWM1                 00006800   00000040  00000040  00000000  RWIX
  EPWM2                 00006840   00000040  00000040  00000000  RWIX
  EPWM3                 00006880   00000040  00000040  00000000  RWIX
  EPWM4                 000068c0   00000040  00000040  00000000  RWIX
  ECAP1                 00006a00   00000020  00000020  00000000  RWIX
  GPIOCTRL              00006f80   00000040  00000040  00000000  RWIX
  GPIODAT               00006fc0   00000020  00000020  00000000  RWIX
  GPIOINT               00006fe0   00000020  0000000a  00000016  RWIX
  SYSTEM                00007010   00000020  0000001f  00000001  RWIX
  SPIA                  00007040   00000010  00000010  00000000  RWIX
  SCIA                  00007050   00000010  00000010  00000000  RWIX
  NMIINTRUPT            00007060   00000010  00000010  00000000  RWIX
  XINTRUPT              00007070   00000010  00000010  00000000  RWIX
  ADC                   00007100   00000080  00000051  0000002f  RWIX
  I2CA                  00007900   00000040  00000022  0000001e  RWIX
  L0SARAM               00008000   00001000  00000e7e  00000182  RWIX
  PARTID                003d7fff   00000001  00000001  00000000  RWIX
  CSM_PWL               003f7ff8   00000008  00000008  00000000  RWIX


SECTION ALLOCATION MAP

 output                                  attributes/
section   page    origin      length       input sections
--------  ----  ----------  ----------   ----------------
PieVectTableFile 
*          0    00000d00    00000100     DSECT
                  00000d00    00000100     F2802x_GlobalVariableDefs.obj (PieVectTableFile)

EmuKeyVar 
*          0    00000d00    00000001     DSECT
                  00000d00    00000001     F2802x_GlobalVariableDefs.obj (EmuKeyVar)

EmuBModeVar 
*          0    00000d01    00000001     DSECT
                  00000d01    00000001     F2802x_GlobalVariableDefs.obj (EmuBModeVar)

FlashCallbackVar 
*          0    00000d02    00000002     DSECT
                  00000d02    00000002     F2802x_GlobalVariableDefs.obj (FlashCallbackVar)

FlashScalingVar 
*          0    00000d04    00000002     DSECT
                  00000d04    00000002     F2802x_GlobalVariableDefs.obj (FlashScalingVar)

.econst    0    003f29b8    00001916     
                  003f29b8    00001467     main_file_p28L.o28L (.econst:xdc_runtime_Text_charTab__A)
                  003f3e1f    00000001     main_file_p28L.o28L (.econst:ti_sysbios_family_c28_Hwi_Module__id__C)
                  003f3e20    00000100     main_file_p28L.o28L (.econst:_ti_sysbios_family_c28_Hwi_vectors)
                  003f3f20    0000006b     main_file_p28L.o28L (.econst:.string)
                  003f3f8b    00000001     main_file_p28L.o28L (.econst:ti_sysbios_family_c28_Hwi_NUM_INTERRUPTS_ALL__C)
                  003f3f8c    00000058     ti.targets.rts2800.a28L : Error.o28L (.econst:.string)
                  003f3fe4    00000054     main_file_p28L.o28L (.econst:xdc_runtime_Text_nodeTab__A)
                  003f4038    00000047     ti.targets.rts2800.a28L : Log.o28L (.econst:.string)
                  003f407f    00000001     main_file_p28L.o28L (.econst:ti_sysbios_family_c28_Hwi_Object__count__C)
                  003f4080    00000043     ti.targets.rts2800.a28L : Text.o28L (.econst:.string)
                  003f40c3    00000001     main_file_p28L.o28L (.econst:ti_sysbios_family_c28_TaskSupport_Module__id__C)
                  003f40c4    0000002a     ti.targets.rts2800.a28L : Startup.o28L (.econst:.string)
                  003f40ee    0000001e     main_file_p28L.o28L (.econst:xdc_runtime_LoggerBuf_Module__FXNS__C)
                  003f410c    00000019     ti.targets.rts2800.a28L : System.o28L (.econst:.string)
                  003f4125    00000001     main_file_p28L.o28L (.econst:ti_sysbios_family_c28_Timer_Module__id__C)
                  003f4126    00000014     main_file_p28L.o28L (.econst)
                  003f413a    00000014     main_file_p28L.o28L (.econst:xdc_runtime_HeapStd_Module__FXNS__C)
                  003f414e    00000012     main_file_p28L.o28L (.econst:ti_sysbios_gates_GateHwi_Module__FXNS__C)
                  003f4160    00000012     main_file_p28L.o28L (.econst:xdc_runtime_LoggerBuf_Object__PARAMS__C)
                  003f4172    00000012     main_file_p28L.o28L (.econst:xdc_runtime_Startup_sfxnTab__A)
                  003f4184    00000010     main_file_p28L.o28L (.econst:ti_sysbios_gates_GateHwi_Object__DESC__C)
                  003f4194    00000010     main_file_p28L.o28L (.econst:xdc_runtime_HeapStd_Object__DESC__C)
                  003f41a4    00000010     main_file_p28L.o28L (.econst:xdc_runtime_LoggerBuf_Object__DESC__C)
                  003f41b4    0000000e     main_file_p28L.o28L (.econst:xdc_runtime_HeapStd_Object__PARAMS__C)
                  003f41c2    0000000c     main_file_p28L.o28L (.econst:ti_sysbios_gates_GateHwi_Object__PARAMS__C)
                  003f41ce    0000000c     main_file_p28L.o28L (.econst:ti_sysbios_knl_Swi_hooks__A)
                  003f41da    0000000c     main_file_p28L.o28L (.econst:ti_sysbios_knl_Task_hooks__A)
                  003f41e6    0000000a     main_file_p28L.o28L (.econst:ti_sysbios_family_c28_Hwi_hooks__A)
                  003f41f0    00000009     main_file_p28L.o28L (.econst:xdc_runtime_Startup_sfxnRts__A)
                  003f41f9    00000001     main_file_p28L.o28L (.econst:ti_sysbios_family_c28_Timer_startupNeeded__C)
                  003f41fa    00000006     main_file_p28L.o28L (.econst:ti_sysbios_knl_Idle_funcList__A)
                  003f4200    00000005     ti.targets.rts2800.a28L : Assert.o28L (.econst:.string)
                  003f4205    00000001     main_file_p28L.o28L (.econst:ti_sysbios_hal_Hwi_Module__id__C)
                  003f4206    00000004     main_file_p28L.o28L (.econst:ti_sysbios_family_c28_Hwi_hooks__C)
                  003f420a    00000004     main_file_p28L.o28L (.econst:ti_sysbios_knl_Idle_funcList__C)
                  003f420e    00000004     main_file_p28L.o28L (.econst:ti_sysbios_knl_Swi_hooks__C)
                  003f4212    00000004     main_file_p28L.o28L (.econst:ti_sysbios_knl_Task_hooks__C)
                  003f4216    00000004     main_file_p28L.o28L (.econst:xdc_runtime_Startup_firstFxns__C)
                  003f421a    00000004     main_file_p28L.o28L (.econst:xdc_runtime_Startup_lastFxns__C)
                  003f421e    00000002     main_file_p28L.o28L (.econst:ti_sysbios_family_c28_Hwi_A_badIntNum__C)
                  003f4220    00000002     main_file_p28L.o28L (.econst:ti_sysbios_family_c28_Hwi_A_invalidArg__C)
                  003f4222    00000002     main_file_p28L.o28L (.econst:ti_sysbios_family_c28_Hwi_E_unpluggedInterrupt__C)
                  003f4224    00000002     main_file_p28L.o28L (.econst:ti_sysbios_family_c28_Hwi_Module__diagsEnabled__C)
                  003f4226    00000002     main_file_p28L.o28L (.econst:ti_sysbios_family_c28_Hwi_Module__diagsIncluded__C)
                  003f4228    00000002     main_file_p28L.o28L (.econst:ti_sysbios_family_c28_Hwi_Module__diagsMask__C)
                  003f422a    00000002     main_file_p28L.o28L (.econst:ti_sysbios_family_c28_TaskSupport_E_invalidStack__C)
                  003f422c    00000002     main_file_p28L.o28L (.econst:ti_sysbios_family_c28_Timer_Module__diagsEnabled__C)
                  003f422e    00000002     main_file_p28L.o28L (.econst:ti_sysbios_family_c28_Timer_Module__diagsIncluded__C)
                  003f4230    00000002     main_file_p28L.o28L (.econst:ti_sysbios_family_c28_Timer_Module__diagsMask__C)
                  003f4232    00000002     main_file_p28L.o28L (.econst:ti_sysbios_hal_Hwi_E_stackOverflow__C)
                  003f4234    00000002     main_file_p28L.o28L (.econst:ti_sysbios_knl_Semaphore_A_badContext__C)
                  003f4236    00000002     main_file_p28L.o28L (.econst:ti_sysbios_knl_Semaphore_A_overflow__C)
                  003f4238    00000002     main_file_p28L.o28L (.econst:ti_sysbios_knl_Semaphore_A_pendTaskDisabled__C)
                  003f423a    00000002     main_file_p28L.o28L (.econst:ti_sysbios_knl_Semaphore_Instance_State_pendQ__O)
                  003f423c    00000002     main_file_p28L.o28L (.econst:ti_sysbios_knl_Semaphore_Module__diagsEnabled__C)
                  003f423e    00000002     main_file_p28L.o28L (.econst:ti_sysbios_knl_Semaphore_Module__diagsIncluded__C)
                  003f4240    00000002     main_file_p28L.o28L (.econst:ti_sysbios_knl_Semaphore_Module__diagsMask__C)
                  003f4242    00000002     main_file_p28L.o28L (.econst:ti_sysbios_knl_Task_E_spOutOfBounds__C)
                  003f4244    00000002     main_file_p28L.o28L (.econst:ti_sysbios_knl_Task_E_stackOverflow__C)
                  003f4246    00000002     main_file_p28L.o28L (.econst:ti_sysbios_knl_Task_Module_State_inactiveQ__O)
                  003f4248    00000002     main_file_p28L.o28L (.econst:ti_sysbios_knl_Task_Object__heap__C)
                  003f424a    00000002     main_file_p28L.o28L (.econst:ti_sysbios_knl_Task_allBlockedFunc__C)
                  003f424c    00000002     main_file_p28L.o28L (.econst:ti_sysbios_utils_Load_Module_State_taskList__O)
                  003f424e    00000002     main_file_p28L.o28L (.econst:ti_sysbios_utils_Load_Module__diagsEnabled__C)
                  003f4250    00000002     main_file_p28L.o28L (.econst:ti_sysbios_utils_Load_Module__diagsIncluded__C)
                  003f4252    00000002     main_file_p28L.o28L (.econst:ti_sysbios_utils_Load_Module__diagsMask__C)
                  003f4254    00000002     main_file_p28L.o28L (.econst:ti_sysbios_utils_Load_postUpdate__C)
                  003f4256    00000002     main_file_p28L.o28L (.econst:xdc_runtime_Assert_E_assertFailed__C)
                  003f4258    00000002     main_file_p28L.o28L (.econst:xdc_runtime_Core_A_initializedParams__C)
                  003f425a    00000002     main_file_p28L.o28L (.econst:xdc_runtime_Core_Module__diagsEnabled__C)
                  003f425c    00000002     main_file_p28L.o28L (.econst:xdc_runtime_Core_Module__diagsIncluded__C)
                  003f425e    00000002     main_file_p28L.o28L (.econst:xdc_runtime_Core_Module__diagsMask__C)
                  003f4260    00000002     main_file_p28L.o28L (.econst:xdc_runtime_Error_E_memory__C)
                  003f4262    00000002     main_file_p28L.o28L (.econst:xdc_runtime_Error_Module__diagsEnabled__C)
                  003f4264    00000002     main_file_p28L.o28L (.econst:xdc_runtime_Error_Module__diagsIncluded__C)
                  003f4266    00000002     main_file_p28L.o28L (.econst:xdc_runtime_Error_Module__diagsMask__C)
                  003f4268    00000002     main_file_p28L.o28L (.econst:xdc_runtime_Error_Module__loggerFxn8__C)
                  003f426a    00000002     main_file_p28L.o28L (.econst:xdc_runtime_Error_Module__loggerObj__C)
                  003f426c    00000002     main_file_p28L.o28L (.econst:xdc_runtime_Error_policyFxn__C)
                  003f426e    00000002     main_file_p28L.o28L (.econst:xdc_runtime_Error_raiseHook__C)
                  003f4270    00000002     main_file_p28L.o28L (.econst:xdc_runtime_HeapStd_A_align__C)
                  003f4272    00000002     main_file_p28L.o28L (.econst:xdc_runtime_HeapStd_A_invalidTotalFreeSize__C)
                  003f4274    00000002     main_file_p28L.o28L (.econst:xdc_runtime_HeapStd_A_zeroSize__C)
                  003f4276    00000002     main_file_p28L.o28L (.econst:xdc_runtime_HeapStd_E_noRTSMemory__C)
                  003f4278    00000002     main_file_p28L.o28L (.econst:xdc_runtime_HeapStd_Module__diagsEnabled__C)
                  003f427a    00000002     main_file_p28L.o28L (.econst:xdc_runtime_HeapStd_Module__diagsIncluded__C)
                  003f427c    00000002     main_file_p28L.o28L (.econst:xdc_runtime_HeapStd_Module__diagsMask__C)
                  003f427e    00000002     main_file_p28L.o28L (.econst:xdc_runtime_IFilterLogger_Interface__BASE__C)
                  003f4280    00000002     main_file_p28L.o28L (.econst:xdc_runtime_IGateProvider_Interface__BASE__C)
                  003f4282    00000002     main_file_p28L.o28L (.econst:xdc_runtime_IHeap_Interface__BASE__C)
                  003f4284    00000002     main_file_p28L.o28L (.econst:xdc_runtime_ILogger_Interface__BASE__C)
                  003f4286    00000002     main_file_p28L.o28L (.econst:xdc_runtime_IModule_Interface__BASE__C)
                  003f4288    00000002     main_file_p28L.o28L (.econst:xdc_runtime_Log_L_error__C)
                  003f428a    00000002     main_file_p28L.o28L (.econst:xdc_runtime_LoggerBuf_E_badLevel__C)
                  003f428c    00000002     main_file_p28L.o28L (.econst:xdc_runtime_LoggerBuf_Module__gateObj__C)
                  003f428e    00000002     main_file_p28L.o28L (.econst:xdc_runtime_LoggerBuf_statusLogger__C)
                  003f4290    00000002     main_file_p28L.o28L (.econst:xdc_runtime_Memory_defaultHeapInstance__C)
                  003f4292    00000002     main_file_p28L.o28L (.econst:xdc_runtime_Startup_execImpl__C)
                  003f4294    00000002     main_file_p28L.o28L (.econst:xdc_runtime_Startup_firstFxns__A)
                  003f4296    00000002     main_file_p28L.o28L (.econst:xdc_runtime_Startup_lastFxns__A)
                  003f4298    00000002     main_file_p28L.o28L (.econst:xdc_runtime_Startup_sfxnRts__C)
                  003f429a    00000002     main_file_p28L.o28L (.econst:xdc_runtime_Startup_sfxnTab__C)
                  003f429c    00000002     main_file_p28L.o28L (.econst:xdc_runtime_SysMin_bufSize__C)
                  003f429e    00000002     main_file_p28L.o28L (.econst:xdc_runtime_SysMin_outputFunc__C)
                  003f42a0    00000002     main_file_p28L.o28L (.econst:xdc_runtime_System_Module__gateObj__C)
                  003f42a2    00000002     main_file_p28L.o28L (.econst:xdc_runtime_System_abortFxn__C)
                  003f42a4    00000002     main_file_p28L.o28L (.econst:xdc_runtime_System_exitFxn__C)
                  003f42a6    00000002     main_file_p28L.o28L (.econst:xdc_runtime_System_extendFxn__C)
                  003f42a8    00000002     main_file_p28L.o28L (.econst:xdc_runtime_Text_charTab__C)
                  003f42aa    00000002     main_file_p28L.o28L (.econst:xdc_runtime_Text_nameEmpty__C)
                  003f42ac    00000002     main_file_p28L.o28L (.econst:xdc_runtime_Text_nameStatic__C)
                  003f42ae    00000002     main_file_p28L.o28L (.econst:xdc_runtime_Text_nameUnknown__C)
                  003f42b0    00000002     main_file_p28L.o28L (.econst:xdc_runtime_Text_nodeTab__C)
                  003f42b2    00000002     main_file_p28L.o28L (.econst:xdc_runtime_Text_visitRopeFxn__C)
                  003f42b4    00000001     main_file_p28L.o28L (.econst:ti_sysbios_knl_Semaphore_Module__id__C)
                  003f42b5    00000001     main_file_p28L.o28L (.econst:ti_sysbios_knl_Swi_Object__count__C)
                  003f42b6    00000001     main_file_p28L.o28L (.econst:ti_sysbios_knl_Swi_numConstructedSwis__C)
                  003f42b7    00000001     main_file_p28L.o28L (.econst:ti_sysbios_knl_Task_Module__id__C)
                  003f42b8    00000001     main_file_p28L.o28L (.econst:ti_sysbios_knl_Task_Object__count__C)
                  003f42b9    00000001     main_file_p28L.o28L (.econst:ti_sysbios_knl_Task_numConstructedTasks__C)
                  003f42ba    00000001     main_file_p28L.o28L (.econst:ti_sysbios_utils_Load_Module__id__C)
                  003f42bb    00000001     main_file_p28L.o28L (.econst:ti_sysbios_utils_Load_autoAddTasks__C)
                  003f42bc    00000001     main_file_p28L.o28L (.econst:ti_sysbios_utils_Load_updateInIdle__C)
                  003f42bd    00000001     main_file_p28L.o28L (.econst:ti_sysbios_utils_Load_windowInMs__C)
                  003f42be    00000001     main_file_p28L.o28L (.econst:xdc_runtime_Core_Module__id__C)
                  003f42bf    00000001     main_file_p28L.o28L (.econst:xdc_runtime_Error_Module__loggerDefined__C)
                  003f42c0    00000001     main_file_p28L.o28L (.econst:xdc_runtime_Error_maxDepth__C)
                  003f42c1    00000001     main_file_p28L.o28L (.econst:xdc_runtime_Error_policy__C)
                  003f42c2    00000001     main_file_p28L.o28L (.econst:xdc_runtime_HeapStd_Module__id__C)
                  003f42c3    00000001     main_file_p28L.o28L (.econst:xdc_runtime_LoggerBuf_Module__id__C)
                  003f42c4    00000001     main_file_p28L.o28L (.econst:xdc_runtime_LoggerBuf_Object__count__C)
                  003f42c5    00000001     main_file_p28L.o28L (.econst:xdc_runtime_LoggerBuf_filterByLevel__C)
                  003f42c6    00000001     main_file_p28L.o28L (.econst:xdc_runtime_Memory_Module__id__C)
                  003f42c7    00000001     main_file_p28L.o28L (.econst:xdc_runtime_Startup_maxPasses__C)
                  003f42c8    00000001     main_file_p28L.o28L (.econst:xdc_runtime_SysMin_flushAtExit__C)
                  003f42c9    00000001     main_file_p28L.o28L (.econst:xdc_runtime_System_maxAtexitHandlers__C)
                  003f42ca    00000001     main_file_p28L.o28L (.econst:xdc_runtime_Text_charCnt__C)
                  003f42cb    00000001     main_file_p28L.o28L (.econst:xdc_runtime_Text_isLoaded__C)
                  003f42cc    00000001     main_file_p28L.o28L (.econst:xdc_runtime_Text_registryModsLastId__C)
                  003f42cd    00000001     main_file_p28L.o28L (.econst:xdc_runtime_Text_unnamedModsLastId__C)

.cinit     0    003f42ce    00000504     
                  003f42ce    00000490     main_file_p28L.o28L (.cinit)
                  003f475e    0000005a     main_file.obj (.cinit)
                  003f47b8    0000000e     rts2800_ml.lib : exit.c.obj (.cinit)
                  003f47c6    00000005                    : _lock.c.obj (.cinit:__lock)
                  003f47cb    00000005                    : _lock.c.obj (.cinit:__unlock)
                  003f47d0    00000002     --HOLE-- [fill = 0]

.switch    0    003f47d2    0000001c     
                  003f47d2    0000001c     sysbios.a28L : BIOS.obj (.switch:_ti_sysbios_family_c28_Hwi_clearInterrupt__E)

DevEmuRegsFile 
*          1    00000880    00000004     UNINITIALIZED
                  00000880    00000004     F2802x_GlobalVariableDefs.obj (DevEmuRegsFile)

SysPwrCtrlRegsFile 
*          1    00000985    00000003     UNINITIALIZED
                  00000985    00000003     F2802x_GlobalVariableDefs.obj (SysPwrCtrlRegsFile)

FlashRegsFile 
*          1    00000a80    00000008     UNINITIALIZED
                  00000a80    00000008     F2802x_GlobalVariableDefs.obj (FlashRegsFile)

CsmRegsFile 
*          1    00000ae0    00000010     UNINITIALIZED
                  00000ae0    00000010     F2802x_GlobalVariableDefs.obj (CsmRegsFile)

AdcResultFile 
*          1    00000b00    00000020     UNINITIALIZED
                  00000b00    00000020     F2802x_GlobalVariableDefs.obj (AdcResultFile)

CpuTimer0RegsFile 
*          1    00000c00    00000008     UNINITIALIZED
                  00000c00    00000008     F2802x_GlobalVariableDefs.obj (CpuTimer0RegsFile)

CpuTimer1RegsFile 
*          1    00000c08    00000008     UNINITIALIZED
                  00000c08    00000008     F2802x_GlobalVariableDefs.obj (CpuTimer1RegsFile)

CpuTimer2RegsFile 
*          1    00000c10    00000008     UNINITIALIZED
                  00000c10    00000008     F2802x_GlobalVariableDefs.obj (CpuTimer2RegsFile)

PieCtrlRegsFile 
*          1    00000ce0    0000001a     UNINITIALIZED
                  00000ce0    0000001a     F2802x_GlobalVariableDefs.obj (PieCtrlRegsFile)

Comp1RegsFile 
*          1    00006400    00000020     UNINITIALIZED
                  00006400    00000020     F2802x_GlobalVariableDefs.obj (Comp1RegsFile)

Comp2RegsFile 
*          1    00006420    00000020     UNINITIALIZED
                  00006420    00000020     F2802x_GlobalVariableDefs.obj (Comp2RegsFile)

EPwm1RegsFile 
*          1    00006800    00000040     UNINITIALIZED
                  00006800    00000040     F2802x_GlobalVariableDefs.obj (EPwm1RegsFile)

EPwm2RegsFile 
*          1    00006840    00000040     UNINITIALIZED
                  00006840    00000040     F2802x_GlobalVariableDefs.obj (EPwm2RegsFile)

EPwm3RegsFile 
*          1    00006880    00000040     UNINITIALIZED
                  00006880    00000040     F2802x_GlobalVariableDefs.obj (EPwm3RegsFile)

EPwm4RegsFile 
*          1    000068c0    00000040     UNINITIALIZED
                  000068c0    00000040     F2802x_GlobalVariableDefs.obj (EPwm4RegsFile)

ECap1RegsFile 
*          1    00006a00    00000020     UNINITIALIZED
                  00006a00    00000020     F2802x_GlobalVariableDefs.obj (ECap1RegsFile)

GpioCtrlRegsFile 
*          1    00006f80    00000040     UNINITIALIZED
                  00006f80    00000040     F2802x_GlobalVariableDefs.obj (GpioCtrlRegsFile)

GpioDataRegsFile 
*          1    00006fc0    00000020     UNINITIALIZED
                  00006fc0    00000020     F2802x_GlobalVariableDefs.obj (GpioDataRegsFile)

GpioIntRegsFile 
*          1    00006fe0    0000000a     UNINITIALIZED
                  00006fe0    0000000a     F2802x_GlobalVariableDefs.obj (GpioIntRegsFile)

SysCtrlRegsFile 
*          1    00007010    0000001f     UNINITIALIZED
                  00007010    0000001f     F2802x_GlobalVariableDefs.obj (SysCtrlRegsFile)

SpiaRegsFile 
*          1    00007040    00000010     UNINITIALIZED
                  00007040    00000010     F2802x_GlobalVariableDefs.obj (SpiaRegsFile)

SciaRegsFile 
*          1    00007050    00000010     UNINITIALIZED
                  00007050    00000010     F2802x_GlobalVariableDefs.obj (SciaRegsFile)

NmiIntruptRegsFile 
*          1    00007060    00000010     UNINITIALIZED
                  00007060    00000010     F2802x_GlobalVariableDefs.obj (NmiIntruptRegsFile)

XIntruptRegsFile 
*          1    00007070    00000010     UNINITIALIZED
                  00007070    00000010     F2802x_GlobalVariableDefs.obj (XIntruptRegsFile)

AdcRegsFile 
*          1    00007100    00000051     UNINITIALIZED
                  00007100    00000051     F2802x_GlobalVariableDefs.obj (AdcRegsFile)

I2caRegsFile 
*          1    00007900    00000022     UNINITIALIZED
                  00007900    00000022     F2802x_GlobalVariableDefs.obj (I2caRegsFile)

PartIdRegsFile 
*          1    003d7fff    00000001     UNINITIALIZED
                  003d7fff    00000001     F2802x_GlobalVariableDefs.obj (PartIdRegsFile)

CsmPwlFile 
*          1    003f7ff8    00000008     UNINITIALIZED
                  003f7ff8    00000008     F2802x_GlobalVariableDefs.obj (CsmPwlFile)

.pinit     0    003f0000    00000000     UNINITIALIZED

.text      0    003f0000    000029b7     
                  003f0000    00000223     ti.targets.rts2800.a28L : System.o28L (.text:_xdc_runtime_System_doPrint__I)
                  003f0223    0000019a     main_file.obj (.text)
                  003f03bd    00000164     sysbios.a28L : BIOS.obj (.text:_ti_sysbios_knl_Semaphore_pend__E)
                  003f0521    0000014c     spi_screen.obj (.text)
                  003f066d    0000010d     DeviceInit_18Nov2018.obj (.text)
                  003f077a    00000107     rts2800_ml.lib : ll_div28.asm.obj (.text)
                  003f0881    000000ee     ti.targets.rts2800.a28L : HeapStd.o28L (.text:_xdc_runtime_HeapStd_alloc__E)
                  003f096f    000000e1     sysbios.a28L : BIOS.obj (.text:_ti_sysbios_family_c28_Hwi_clearInterrupt__E)
                  003f0a50    000000b5     ti.targets.rts2800.a28L : LoggerBuf.o28L (.text:_xdc_runtime_LoggerBuf_write8__E)
                  003f0b05    000000b0     main_file_p28L.o28L (.text:_xdc_runtime_System_printfExtend__I)
                  003f0bb5    000000a3     sysbios.a28L : BIOS.obj (.text:_ti_sysbios_utils_Load_updateThreadContexts__E)
                  003f0c58    0000009f     ti.targets.rts2800.a28L : Core-mem.o28L (.text:_xdc_runtime_Core_createObject__I)
                  003f0cf7    00000094     rts2800_ml.lib : trgmsg.c.obj (.text)
                  003f0d8b    0000008e     sysbios.a28L : BIOS.obj (.text:_ti_sysbios_family_c28_Hwi_enableInterrupt__E)
                  003f0e19    0000008c     ti.targets.rts2800.a28L : Error.o28L (.text:_xdc_runtime_Error_policyDefault__E)
                  003f0ea5    00000085     sysbios.a28L : c28_Hwi_disp_asm.obj (.text:_ti_sysbios_family_c28_Hwi_dispatch)
                  003f0f2a    00000082     ti.targets.rts2800.a28L : HeapStd.o28L (.text:_xdc_runtime_HeapStd_Instance_init__E)
                  003f0fac    00000081     sysbios.a28L : BIOS.obj (.text:_ti_sysbios_family_c28_Hwi_disableInterrupt__E)
                  003f102d    00000080                  : BIOS.obj (.text:_ti_sysbios_family_c28_Hwi_disablePIEIER__E)
                  003f10ad    0000007f                  : BIOS.obj (.text:_ti_sysbios_family_c28_Hwi_enablePIEIER__E)
                  003f112c    0000007d                  : BIOS.obj (.text:_ti_sysbios_knl_Semaphore_post__E)
                  003f11a9    0000007c                  : BIOS.obj (.text:_ti_sysbios_knl_Task_postInit__I)
                  003f1225    00000079     ti.targets.rts2800.a28L : LoggerBuf.o28L (.text:_xdc_runtime_LoggerBuf_write4__E)
                  003f129e    00000077     sysbios.a28L : BIOS.obj (.text:_ti_sysbios_family_c28_Hwi_dispatchCore__I)
                  003f1315    00000073                  : BIOS.obj (.text:_ti_sysbios_knl_Task_checkStacks__E)
                  003f1388    00000071                  : BIOS.obj (.text:_ti_sysbios_family_c28_Hwi_Module_startup__E)
                  003f13f9    00000071     ti.targets.rts2800.a28L : Startup.o28L (.text:_xdc_runtime_Startup_startMods__I)
                  003f146a    0000006c     sysbios.a28L : BIOS.obj (.text:_ti_sysbios_knl_Swi_run__I)
                  003f14d6    0000006c     ti.targets.rts2800.a28L : HeapStd.o28L (.text:_xdc_runtime_HeapStd_free__E)
                  003f1542    00000067     boot.a28L : boot_cg.o28L (.text)
                  003f15a9    00000066     sysbios.a28L : BIOS.obj (.text:_ti_sysbios_family_c28_Timer_stopAndClear__I)
                  003f160f    00000066                  : BIOS.obj (.text:_ti_sysbios_utils_Load_idleFxn__E)
                  003f1675    00000060                  : BIOS.obj (.text:_ti_sysbios_utils_Load_updateLoads__E)
                  003f16d5    0000005d     ti.targets.rts2800.a28L : Text.o28L (.text:_xdc_runtime_Text_putSite__E)
                  003f1732    00000053     sysbios.a28L : BIOS.obj (.text:_ti_sysbios_knl_Task_startCore__E)
                  003f1785    00000051                  : BIOS.obj (.text:_ti_sysbios_utils_Load_updateCurrentThreadTime__E)
                  003f17d6    0000004c                  : BIOS.obj (.text:_ti_sysbios_knl_Task_schedule__I)
                  003f1822    0000004c                  : BIOS.obj (.text:_ti_sysbios_utils_Load_startup__E)
                  003f186e    00000047                  : BIOS.obj (.text:_ti_sysbios_knl_Task_Module_startup__E)
                  003f18b5    00000041                  : BIOS.obj (.text:_ti_sysbios_knl_Swi_Module_startup__E)
                  003f18f6    00000041                  : BIOS.obj (.text:_ti_sysbios_knl_Swi_post__E)
                  003f1937    00000041     ti.targets.rts2800.a28L : Text.o28L (.text:_xdc_runtime_Text_putLab__E)
                  003f1978    0000003f     sysbios.a28L : BIOS.obj (.text:_ti_sysbios_utils_Load_taskCreateHook__E)
                  003f19b7    0000003f     ti.targets.rts2800.a28L : Text.o28L (.text:_xdc_runtime_Text_putMod__E)
                  003f19f6    0000003e     sysbios.a28L : BIOS.obj (.text:_ti_sysbios_knl_Swi_postInit__I)
                  003f1a34    0000003e     ti.targets.rts2800.a28L : Memory.o28L (.text:_xdc_runtime_Memory_alloc__E)
                  003f1a72    0000003d                             : Core-mem.o28L (.text:_xdc_runtime_Core_deleteObject__I)
                  003f1aaf    0000003d                             : LoggerBuf.o28L (.text:_xdc_runtime_LoggerBuf_getFilterLevel__E)
                  003f1aec    0000003c     sysbios.a28L : BIOS.obj (.text:_ti_sysbios_family_c28_Hwi_postInit__I)
                  003f1b28    0000003c                  : BIOS.obj (.text:_ti_sysbios_family_c28_Timer_postInit__I)
                  003f1b64    0000003c                  : BIOS.obj (.text:_ti_sysbios_knl_Swi_restoreHwi__E)
                  003f1ba0    0000003c                  : BIOS.obj (.text:_ti_sysbios_utils_Load_addTask__E)
                  003f1bdc    0000003c     ti.targets.rts2800.a28L : LoggerBuf.o28L (.text:_xdc_runtime_LoggerBuf_setFilterLevel__E)
                  003f1c18    00000038     sysbios.a28L : BIOS.obj (.text:_ti_sysbios_family_c28_TaskSupport_start__E)
                  003f1c50    00000038                  : BIOS.obj (.text:_ti_sysbios_knl_Task_exit__E)
                  003f1c88    00000038     rts2800_ml.lib : hostwrite.c.obj (.text)
                  003f1cc0    00000035     main_file_p28L.o28L (.text:_ti_sysbios_utils_Load_hwiBeginHook__E)
                  003f1cf5    00000033     sysbios.a28L : BIOS.obj (.text:_ti_sysbios_utils_Load_taskSwitchHook__E)
                  003f1d28    00000033     ti.targets.rts2800.a28L : System.o28L (.text:_xdc_runtime_System_formatNum__I)
                  003f1d5b    00000031     sysbios.a28L : BIOS.obj (.text:_ti_sysbios_family_c28_Timer_getFreq__E)
                  003f1d8c    00000030     ti.targets.rts2800.a28L : Error.o28L (.text:_xdc_runtime_Error_print__E)
                  003f1dbc    0000002f                             : LoggerBuf.o28L (.text:_xdc_runtime_LoggerBuf_Instance_init__E)
                  003f1deb    0000002f                             : Startup.o28L (.text:_xdc_runtime_Startup_exec__E)
                  003f1e1a    0000002e     Boot.a28L : Boot.o28L (.text:.bootCodeSection:_ti_catalog_c2800_init_Boot_configurePll2802x)
                  003f1e48    0000002e     sysbios.a28L : BIOS.obj (.text:_ti_sysbios_knl_Swi_runLoop__I)
                  003f1e76    0000002e                  : BIOS.obj (.text:_ti_sysbios_knl_Swi_schedule__I)
                  003f1ea4    0000002e                  : BIOS.obj (.text:_ti_sysbios_utils_Load_swiBeginHook__E)
                  003f1ed2    0000002d                  : BIOS.obj (.text:_ti_sysbios_family_c28_Hwi_getInterruptFlag__E)
                  003f1eff    0000002d     ti.targets.rts2800.a28L : Assert.o28L (.text:_xdc_runtime_Assert_raise__I)
                  003f1f2c    0000002d                             : Core-params.o28L (.text:_xdc_runtime_Core_assignParams__I)
                  003f1f59    0000002d                             : Text.o28L (.text:_xdc_runtime_Text_visitRope2__I)
                  003f1f86    0000002c     sysbios.a28L : BIOS.obj (.text:_ti_sysbios_family_c28_Timer_start__E)
                  003f1fb2    0000002c     main_file_p28L.o28L (.text:_xdc_runtime_LoggerBuf_Object__create__S)
                  003f1fde    0000002b     main_file_p28L.o28L (.text:_xdc_runtime_HeapStd_Object__create__S)
                  003f2009    0000002a     sysbios.a28L : BIOS.obj (.text:_ti_sysbios_utils_Load_logLoads__I)
                  003f2033    0000002a     ti.targets.rts2800.a28L : Error.o28L (.text:_xdc_runtime_Error_setX__E)
                  003f205d    0000002a     rts2800_ml.lib : l_div28.asm.obj (.text)
                  003f2087    00000029     sysbios.a28L : BIOS.obj (.text:_ti_sysbios_family_c28_Hwi_getStackInfo__E)
                  003f20b0    00000029                  : BIOS.obj (.text:_ti_sysbios_family_c28_Hwi_unPluggedInterrupt__I)
                  003f20d9    00000029                  : BIOS.obj (.text:_ti_sysbios_utils_Load_taskDeleteHook__E)
                  003f2102    00000029     ti.targets.rts2800.a28L : Text.o28L (.text:_xdc_runtime_Text_xprintf__I)
                  003f212b    00000029     rts2800_ml.lib : exit.c.obj (.text)
                  003f2154    00000028     sysbios.a28L : BIOS.obj (.text:_ti_sysbios_family_c28_Timer_getExpiredCounts64__E)
                  003f217c    00000028                  : BIOS.obj (.text:_ti_sysbios_utils_Load_removeTask__E)
                  003f21a4    00000027                  : BIOS.obj (.text:_ti_sysbios_utils_Load_hwiEndHook__E)
                  003f21cb    00000026     ti.targets.rts2800.a28L : SysMin.o28L (.text:_xdc_runtime_SysMin_flush__E)
                  003f21f1    00000024     rts2800_ml.lib : cpy_tbl.c.obj (.text)
                  003f2215    00000023     ti.targets.rts2800.a28L : System.o28L (.text:_xdc_runtime_System_processAtExit__E)
                  003f2238    00000022     sysbios.a28L : BIOS.obj (.text:_ti_sysbios_knl_Task_blockI__E)
                  003f225a    00000022     rts2800_ml.lib : i_div28.asm.obj (.text)
                  003f227c    00000020     sysbios.a28L : BIOS.obj (.text:_ti_sysbios_family_c28_Timer_setPrescale__E)
                  003f229c    00000020                  : BIOS.obj (.text:_ti_sysbios_knl_Task_allBlockedFunction__I)
                  003f22bc    0000001f                  : BIOS.obj (.text:_ti_sysbios_utils_Load_swiEndHook__E)
                  003f22db    0000001e     ti.targets.rts2800.a28L : LoggerBuf.o28L (.text:_xdc_runtime_LoggerBuf_filterOutEvent__I)
                  003f22f9    0000001e                             : System.o28L (.text:_xdc_runtime_System_atexit__E)
                  003f2317    0000001d     sysbios.a28L : c28_TaskSupport_asm.obj (.text:_ti_sysbios_family_c28_TaskSupport_buildTaskStack)
                  003f2334    0000001d     main_file_p28L.o28L (.text:_ti_sysbios_gates_GateHwi_Object__create__S)
                  003f2351    0000001d     ti.targets.rts2800.a28L : SysMin.o28L (.text:_xdc_runtime_SysMin_putch__E)
                  003f236e    0000001d     rts2800_ml.lib : memcpy.c.obj (.text)
                  003f238b    0000001b     sysbios.a28L : c28_Hwi_asm.obj (.text:_ti_sysbios_family_c28_Hwi_switchAndDispatch__I)
                  003f23a6    0000001b                  : BIOS.obj (.text:_ti_sysbios_hal_Hwi_checkStack)
                  003f23c1    0000001b                  : BIOS.obj (.text:_ti_sysbios_knl_Task_processVitalTaskFlag__I)
                  003f23dc    0000001b                  : BIOS.obj (.text:_ti_sysbios_knl_Task_restore__E)
                  003f23f7    0000001b     main_file_p28L.o28L (.text:_xdc_runtime_SysMin_output__I)
                  003f2412    0000001a     sysbios.a28L : BIOS.obj (.text:_ti_sysbios_hal_Hwi_initStack)
                  003f242c    0000001a     ti.targets.rts2800.a28L : Core-label.o28L (.text:_xdc_runtime_Core_assignLabel__I)
                  003f2446    0000001a                             : System.o28L (.text:_xdc_runtime_System_avprintf__E)
                  003f2460    00000019     sysbios.a28L : BIOS.obj (.text:_ti_sysbios_knl_Swi_restore__E)
                  003f2479    00000019     ti.targets.rts2800.a28L : System.o28L (.text:_xdc_runtime_System_vprintf__E)
                  003f2492    00000019     rts2800_ml.lib : args_main.c.obj (.text)
                  003f24ab    00000018     sysbios.a28L : c28_Hwi_asm.obj (.text:_ti_sysbios_family_xxx_Hwi_switchAndRunFunc)
                  003f24c3    00000018                  : BIOS.obj (.text:_ti_sysbios_utils_Load_getTaskLoad__E)
                  003f24db    00000018     ti.targets.rts2800.a28L : Memory.o28L (.text:_xdc_runtime_Memory_valloc__E)
                  003f24f3    00000018                             : System.o28L (.text:_xdc_runtime_System_putchar__I)
                  003f250b    00000017     sysbios.a28L : BIOS.obj (.text:_ti_sysbios_family_c28_Timer_startup__E)
                  003f2522    00000017                  : BIOS.obj (.text:_ti_sysbios_knl_Task_unblockI__E)
                  003f2539    00000017     ti.targets.rts2800.a28L : LoggerBuf.o28L (.text:_xdc_runtime_LoggerBuf_Module_startup__E)
                  003f2550    00000017                             : SysMin.o28L (.text:_xdc_runtime_SysMin_abort__E)
                  003f2567    00000016     main_file_p28L.o28L (.text:_ti_sysbios_BIOS_atExitFunc__I)
                  003f257d    00000016     sysbios.a28L : BIOS.obj (.text:_ti_sysbios_family_c28_Timer_Module_startup__E)
                  003f2593    00000016     ti.targets.rts2800.a28L : LoggerBuf.o28L (.text:_xdc_runtime_LoggerBuf_reset__E)
                  003f25a9    00000015     main_file_p28L.o28L (.text:_ti_sysbios_BIOS_startFunc__I)
                  003f25be    00000015     sysbios.a28L : BIOS.obj (.text:_ti_sysbios_knl_Task_restoreHwi__E)
                  003f25d3    00000015     ti.targets.rts2800.a28L : Text.o28L (.text:_xdc_runtime_Text_printVisFxn__I)
                  003f25e8    00000014     sysbios.a28L : BIOS.obj (.text:_ti_sysbios_knl_Idle_run__E)
                  003f25fc    00000012     main_file_p28L.o28L (.text:_ti_sysbios_gates_GateHwi_Object__delete__S)
                  003f260e    00000012     main_file_p28L.o28L (.text:_xdc_runtime_LoggerBuf_Object__delete__S)
                  003f2620    00000011     main_file_p28L.o28L (.text:_xdc_runtime_HeapStd_Object__delete__S)
                  003f2631    00000011     ti.targets.rts2800.a28L : Text.o28L (.text:_xdc_runtime_Text_cordText__E)
                  003f2642    00000010     sysbios.a28L : BIOS.obj (.text:_ti_sysbios_family_c28_Timer_stop__E)
                  003f2652    00000010                  : BIOS.obj (.text:_ti_sysbios_family_c28_TimestampProvider_get64__E)
                  003f2662    00000010                  : BIOS.obj (.text:_ti_sysbios_knl_Task_enabled__E)
                  003f2672    00000010     ti.targets.rts2800.a28L : SysMin.o28L (.text:_xdc_runtime_SysMin_Module_startup__E)
                  003f2682    0000000f     Boot.a28L : Boot.o28L (.text:.bootCodeSection:_ti_catalog_c2800_init_Boot_disableWatchdog)
                  003f2691    0000000f     sysbios.a28L : BIOS.obj (.text:_ti_sysbios_utils_Load_getGlobalHwiLoad__E)
                  003f26a0    0000000f                  : BIOS.obj (.text:_ti_sysbios_utils_Load_getGlobalSwiLoad__E)
                  003f26af    0000000f     ti.targets.rts2800.a28L : Error.o28L (.text:_xdc_runtime_Error_raiseX__E)
                  003f26be    0000000f                             : Registry.o28L (.text:_xdc_runtime_Registry_findById__E)
                  003f26cd    0000000e     main_file_p28L.o28L (.text:_ti_sysbios_BIOS_errorRaiseHook__I)
                  003f26db    0000000e     main_file_p28L.o28L (.text:_ti_sysbios_knl_Swi_Object__get__S)
                  003f26e9    0000000e     main_file_p28L.o28L (.text:_ti_sysbios_knl_Task_Object__get__S)
                  003f26f7    0000000e     main_file_p28L.o28L (.text:_xdc_runtime_LoggerBuf_Object__get__S)
                  003f2705    0000000d     sysbios.a28L : BIOS.obj (.text:_ti_sysbios_family_c28_Hwi_dispatchC__I)
                  003f2712    0000000d                  : BIOS.obj (.text:_ti_sysbios_family_c28_TaskSupport_checkStack__E)
                  003f271f    0000000d                  : c28_TaskSupport_asm.obj (.text:_ti_sysbios_family_c28_TaskSupport_swap__E)
                  003f272c    0000000d     main_file_p28L.o28L (.text:_ti_sysbios_gates_GateHwi_Handle__label__S)
                  003f2739    0000000d     sysbios.a28L : BIOS.obj (.text:_ti_sysbios_knl_Task_enter__I)
                  003f2746    0000000d     ti.targets.rts2800.a28L : Error.o28L (.text:_xdc_runtime_Error_check__E)
                  003f2753    0000000d     main_file_p28L.o28L (.text:_xdc_runtime_HeapStd_Handle__label__S)
                  003f2760    0000000d     main_file_p28L.o28L (.text:_xdc_runtime_LoggerBuf_Handle__label__S)
                  003f276d    0000000d     ti.targets.rts2800.a28L : System.o28L (.text:_xdc_runtime_System_abort__E)
                  003f277a    0000000c     main_file_p28L.o28L (.text:_ti_sysbios_family_c28_Hwi_disableIER__E)
                  003f2786    0000000c     sysbios.a28L : BIOS.obj (.text:_ti_sysbios_family_c28_TimestampProvider_get32__E)
                  003f2792    0000000c                  : BIOS.obj (.text:_ti_sysbios_knl_Queue_put__E)
                  003f279e    0000000c     ti.targets.rts2800.a28L : LoggerBuf.o28L (.text:_xdc_runtime_LoggerBuf_write2__E)
                  003f27aa    0000000c                             : SysMin.o28L (.text:_xdc_runtime_SysMin_exit__E)
                  003f27b6    0000000c     rts2800_ml.lib : memset.c.obj (.text)
                  003f27c2    0000000b     main_file_p28L.o28L (.text:_ti_sysbios_family_c28_Hwi_Module__startupDone__F)
                  003f27cd    0000000b     main_file_p28L.o28L (.text:_ti_sysbios_family_c28_Hwi_Object__get__S)
                  003f27d8    0000000b     main_file_p28L.o28L (.text:_ti_sysbios_family_c28_Hwi_enableIER__E)
                  003f27e3    0000000b     main_file_p28L.o28L (.text:_ti_sysbios_knl_Queue_Object__get__S)
                  003f27ee    0000000b     ti.targets.rts2800.a28L : LoggerBuf.o28L (.text:_xdc_runtime_LoggerBuf_Instance_finalize__E)
                  003f27f9    0000000b                             : LoggerBuf.o28L (.text:_xdc_runtime_LoggerBuf_write1__E)
                  003f2804    0000000b                             : Memory.o28L (.text:_xdc_runtime_Memory_free__E)
                  003f280f    0000000b                             : System.o28L (.text:_xdc_runtime_System_exit__E)
                  003f281a    0000000a     main_file_p28L.o28L (.text:_ti_sysbios_BIOS_exitFunc__I)
                  003f2824    0000000a     ti.targets.rts2800.a28L : Error.o28L (.text:_xdc_runtime_Error_init__E)
                  003f282e    0000000a                             : LoggerBuf.o28L (.text:_xdc_runtime_LoggerBuf_write0__E)
                  003f2838    0000000a                             : System.o28L (.text:_xdc_runtime_System_vsnprintf__E)
                  003f2842    0000000a                             : Text.o28L (.text:_xdc_runtime_Text_ropeText__E)
                  003f284c    00000009     main_file_p28L.o28L (.text:_ti_sysbios_family_c28_Hwi_restoreIER__E)
                  003f2855    00000009     sysbios.a28L : c28_TaskSupport_asm.obj (.text:_ti_sysbios_family_c28_TaskSupport_glue)
                  003f285e    00000009                  : BIOS.obj (.text:_ti_sysbios_hal_Hwi_Module_startup__E)
                  003f2867    00000009     main_file_p28L.o28L (.text:_ti_sysbios_knl_Task_SupportProxy_start__E)
                  003f2870    00000009     sysbios.a28L : BIOS.obj (.text:_ti_sysbios_knl_Task_unblock__E)
                  003f2879    00000009     main_file_p28L.o28L (.text:_xdc_runtime_Startup_exec__I)
                  003f2882    00000009     main_file_p28L.o28L (.text:_xdc_runtime_Text_visitRope__I)
                  003f288b    00000009     rts2800_ml.lib : _lock.c.obj (.text)
                  003f2894    00000008     sysbios.a28L : BIOS.obj (.text:_ti_sysbios_BIOS_setThreadType__E)
                  003f289c    00000008                  : BIOS.obj (.text:_ti_sysbios_knl_Task_getHookContext__E)
                  003f28a4    00000008     main_file_p28L.o28L (.text:_xdc_runtime_IHeap_alloc)
                  003f28ac    00000008     ti.targets.rts2800.a28L : Memory.o28L (.text:_xdc_runtime_Memory_calloc__E)
                  003f28b4    00000008                             : SysMin.o28L (.text:_xdc_runtime_SysMin_ready__E)
                  003f28bc    00000008     rts2800_ml.lib : strlen.c.obj (.text)
                  003f28c4    00000007     main_file_p28L.o28L (.text:.bootCodeSection:_ti_catalog_c2800_init_Boot_init)
                  003f28cb    00000007     ti.targets.rts2800.a28L : HeapStd.o28L (.text:_xdc_runtime_HeapStd_getStats__E)
                  003f28d2    00000007     main_file_p28L.o28L (.text:_xdc_runtime_System_aprintf__E)
                  003f28d9    00000007     main_file_p28L.o28L (.text:_xdc_runtime_System_printf__E)
                  003f28e0    00000006     sysbios.a28L : BIOS.obj (.text:_ti_sysbios_BIOS_start__E)
                  003f28e6    00000006                  : c28_IntrinsicsSupport_asm.obj (.text:_ti_sysbios_family_c28_IntrinsicsSupport_maxbit__E)
                  003f28ec    00000006                  : BIOS.obj (.text:_ti_sysbios_family_c28_TimestampProvider_rolloverFunc__E)
                  003f28f2    00000006                  : BIOS.obj (.text:_ti_sysbios_family_c28_TimestampProvider_startTimer__E)
                  003f28f8    00000006                  : BIOS.obj (.text:_ti_sysbios_knl_Swi_disable__E)
                  003f28fe    00000006                  : BIOS.obj (.text:_ti_sysbios_knl_Task_disable__E)
                  003f2904    00000006     ti.targets.rts2800.a28L : Gate.o28L (.text:_xdc_runtime_Gate_enterSystem__E)
                  003f290a    00000006                             : Gate.o28L (.text:_xdc_runtime_Gate_leaveSystem__E)
                  003f2910    00000006                             : LoggerBuf.o28L (.text:_xdc_runtime_LoggerBuf_enable__E)
                  003f2916    00000005     sysbios.a28L : BIOS.obj (.text:_ti_sysbios_family_c28_Hwi_switchFromBootStack__E)
                  003f291b    00000005                  : BIOS.obj (.text:_ti_sysbios_gates_GateHwi_enter__E)
                  003f2920    00000005                  : BIOS.obj (.text:_ti_sysbios_utils_Load_getCPULoad__E)
                  003f2925    00000005     ti.targets.rts2800.a28L : LoggerBuf.o28L (.text:_xdc_runtime_LoggerBuf_disable__E)
                  003f292a    00000004     main_file_p28L.o28L (.text:_ti_sysbios_family_c28_Hwi_disable__E)
                  003f292e    00000004     main_file_p28L.o28L (.text:_ti_sysbios_family_c28_Hwi_startup__E)
                  003f2932    00000004     sysbios.a28L : BIOS.obj (.text:_ti_sysbios_family_c28_TimestampProvider_getFreq__E)
                  003f2936    00000004                  : BIOS.obj (.text:_ti_sysbios_knl_Swi_startup__E)
                  003f293a    00000004                  : BIOS.obj (.text:_ti_sysbios_utils_Load_taskRegHook__E)
                  003f293e    00000004     main_file_p28L.o28L (.text:_xdc_runtime_IHeap_free)
                  003f2942    00000004     ti.targets.rts2800.a28L : Memory.o28L (.text:_xdc_runtime_Memory_getMaxDefaultTypeAlign__E)
                  003f2946    00000004                             : Startup.o28L (.text:_xdc_runtime_Startup_rtsDone__E)
                  003f294a    00000003                             : xdc_noinit.o28L (.text:___xdc__init)
                  003f294d    00000003     main_file_p28L.o28L (.text:_ti_catalog_c2800_init_Boot_limpAbort)
                  003f2950    00000003     sysbios.a28L : c28_Hwi_asm.obj (.text:_ti_sysbios_family_c28_Hwi_getIFR__I)
                  003f2953    00000003     main_file_p28L.o28L (.text:_ti_sysbios_family_c28_Hwi_restore__E)
                  003f2956    00000003     sysbios.a28L : BIOS.obj (.text:_ti_sysbios_family_c28_TimestampProvider_Module_startup__E)
                  003f2959    00000003                  : BIOS.obj (.text:_ti_sysbios_gates_GateHwi_leave__E)
                  003f295c    00000003     main_file_p28L.o28L (.text:_ti_sysbios_hal_Hwi_HwiProxy_getStackInfo__E)
                  003f295f    00000003     main_file_p28L.o28L (.text:_ti_sysbios_hal_Hwi_HwiProxy_switchFromBootStack__E)
                  003f2962    00000003     sysbios.a28L : BIOS.obj (.text:_ti_sysbios_hal_Hwi_startup__E)
                  003f2965    00000003                  : BIOS.obj (.text:_ti_sysbios_knl_Idle_loop__E)
                  003f2968    00000003     main_file_p28L.o28L (.text:_ti_sysbios_knl_Task_SupportProxy_checkStack__E)
                  003f296b    00000003     main_file_p28L.o28L (.text:_ti_sysbios_knl_Task_SupportProxy_swap__E)
                  003f296e    00000003     sysbios.a28L : BIOS.obj (.text:_ti_sysbios_knl_Task_startup__E)
                  003f2971    00000003     main_file_p28L.o28L (.text:_ti_sysbios_utils_Load_update__E)
                  003f2974    00000003     main_file_p28L.o28L (.text:_xdc_runtime_LoggerBuf_Module_GateProxy_enter__E)
                  003f2977    00000003     main_file_p28L.o28L (.text:_xdc_runtime_LoggerBuf_Module_GateProxy_leave__E)
                  003f297a    00000003     main_file_p28L.o28L (.text:_xdc_runtime_LoggerBuf_TimestampProxy_get64__E)
                  003f297d    00000003     main_file_p28L.o28L (.text:_xdc_runtime_System_Module_GateProxy_enter__E)
                  003f2980    00000003     main_file_p28L.o28L (.text:_xdc_runtime_System_Module_GateProxy_leave__E)
                  003f2983    00000003     ti.targets.rts2800.a28L : System.o28L (.text:_xdc_runtime_System_Module_startup__E)
                  003f2986    00000003     main_file_p28L.o28L (.text:_xdc_runtime_System_SupportProxy_abort__E)
                  003f2989    00000003     main_file_p28L.o28L (.text:_xdc_runtime_System_SupportProxy_exit__E)
                  003f298c    00000003     main_file_p28L.o28L (.text:_xdc_runtime_System_SupportProxy_putch__E)
                  003f298f    00000003     main_file_p28L.o28L (.text:_xdc_runtime_System_SupportProxy_ready__E)
                  003f2992    00000003     ti.targets.rts2800.a28L : System.o28L (.text:_xdc_runtime_System_abortStd__E)
                  003f2995    00000003                             : System.o28L (.text:_xdc_runtime_System_exitStd__E)
                  003f2998    00000003     main_file_p28L.o28L (.text:_xdc_runtime_Timestamp_SupportProxy_get32__E)
                  003f299b    00000003     main_file_p28L.o28L (.text:_xdc_runtime_Timestamp_SupportProxy_getFreq__E)
                  003f299e    00000003     ti.targets.rts2800.a28L : Timestamp.o28L (.text:_xdc_runtime_Timestamp_get32__E)
                  003f29a1    00000003                             : Timestamp.o28L (.text:_xdc_runtime_Timestamp_getFreq__E)
                  003f29a4    00000002     main_file_p28L.o28L (.text:_malloc)
                  003f29a6    00000002     Boot.a28L : Boot.o28L (.text:_ti_catalog_c2800_init_Boot_defaultLimpAbortFunction)
                  003f29a8    00000002     main_file_p28L.o28L (.text:_ti_sysbios_family_c28_TaskSupport_Module__startupDone__S)
                  003f29aa    00000002     sysbios.a28L : BIOS.obj (.text:_ti_sysbios_gates_GateHwi_query__E)
                  003f29ac    00000002     ti.targets.rts2800.a28L : Error.o28L (.text:_xdc_runtime_Error_getSite__E)
                  003f29ae    00000002                             : HeapStd.o28L (.text:_xdc_runtime_HeapStd_isBlocking__E)
                  003f29b0    00000002     rts2800_ml.lib : pre_init.c.obj (.text)
                  003f29b2    00000001     main_file_p28L.o28L (.text:_free)
                  003f29b3    00000001     sysbios.a28L : BIOS.obj (.text:_ti_sysbios_BIOS_linkedWithIncorrectBootLibrary__E)
                  003f29b4    00000001                  : c28_Hwi_asm.obj (.text:_ti_sysbios_family_c28_Hwi_interruptReturn__I)
                  003f29b5    00000001                  : BIOS.obj (.text:_ti_sysbios_gates_GateHwi_Instance_init__E)
                  003f29b6    00000001     rts2800_ml.lib : startup.c.obj (.text)

codestart 
*          0    003f7ff6    00000002     
                  003f7ff6    00000002     CodeStartBranch.obj (codestart)

ramfuncs   1    00008000    00000000     UNINITIALIZED

.stack     1    00000000    00000100     UNINITIALIZED
                  00000000    00000100     --HOLE--

.ebss      1    00008000    00000d5e     UNINITIALIZED
                  00008000    00000640     main_file_p28L.o28L (.ebss)
                  00008640    00000400     main_file_p28L.o28L (.ebss:taskStackSection)
                  00008a40    0000030c     main_file.obj (.ebss)
                  00008d4c    00000008     rts2800_ml.lib : hostopen.c.obj (.ebss)
                  00008d54    00000006                    : exit.c.obj (.ebss)
                  00008d5a    00000002                    : _lock.c.obj (.ebss:__lock)
                  00008d5c    00000002                    : _lock.c.obj (.ebss:__unlock)

.cio       1    00008d80    00000120     UNINITIALIZED
                  00008d80    00000120     rts2800_ml.lib : trgmsg.c.obj (.cio)

xdc.meta   0    00000000    000000f2     COPY SECTION
                  00000000    000000f2     main_file_p28L.o28L (xdc.meta)

.binit     0    003d7800    00000000     

MODULE SUMMARY

       Module                          code    initialized data   uninitialized data
       ------                          ----    ----------------   ------------------
    .\
       main_file.obj                   410     90                 780               
       F2802x_GlobalVariableDefs.obj   0       0                  790               
       spi_screen.obj                  332     0                  0                 
       DeviceInit_18Nov2018.obj        269     0                  0                 
       CodeStartBranch.obj             2       0                  0                 
    +--+-------------------------------+-------+------------------+--------------------+
       Total:                          1013    90                 1570              
                                                                                    
    C:\Users\Joseph\Desktop\Romalo_project\screen_w_BIOS\Release\configPkg\package\cfg\
       main_file_p28L.o28L             765     7292               2624              
    +--+-------------------------------+-------+------------------+--------------------+
       Total:                          765     7292               2624              
                                                                                    
    C:\Users\Joseph\Desktop\Romalo_project\screen_w_BIOS\src\sysbios\sysbios.a28L
       BIOS.obj                        4524    28                 0                 
       c28_Hwi_disp_asm.obj            133     0                  0                 
       c28_Hwi_asm.obj                 55      0                  0                 
       c28_TaskSupport_asm.obj         51      0                  0                 
       c28_IntrinsicsSupport_asm.obj   6       0                  0                 
    +--+-------------------------------+-------+------------------+--------------------+
       Total:                          4769    28                 0                 
                                                                                    
    C:\ti_v8\bios_6_76_03_01\packages\ti\catalog\c2800\init\lib\Boot.a28L
       Boot.o28L                       63      0                  0                 
    +--+-------------------------------+-------+------------------+--------------------+
       Total:                          63      0                  0                 
                                                                                    
    C:\ti_v8\bios_6_76_03_01\packages\ti\targets\rts2800\lib\boot.a28L
       boot_cg.o28L                    103     0                  0                 
    +--+-------------------------------+-------+------------------+--------------------+
       Total:                          103     0                  0                 
                                                                                    
    C:\ti_v8\bios_6_76_03_01\packages\ti\targets\rts2800\lib\ti.targets.rts2800.a28L
       System.o28L                     781     25                 0                 
       LoggerBuf.o28L                  600     0                  0                 
       HeapStd.o28L                    485     0                  0                 
       Text.o28L                       355     67                 0                 
       Error.o28L                      270     88                 0                 
       Core-mem.o28L                   220     0                  0                 
       Startup.o28L                    164     42                 0                 
       SysMin.o28L                     126     0                  0                 
       Memory.o28L                     109     0                  0                 
       Log.o28L                        0       71                 0                 
       Assert.o28L                     45      5                  0                 
       Core-params.o28L                45      0                  0                 
       Core-label.o28L                 26      0                  0                 
       Registry.o28L                   15      0                  0                 
       Gate.o28L                       12      0                  0                 
       Timestamp.o28L                  6       0                  0                 
       xdc_noinit.o28L                 3       0                  0                 
    +--+-------------------------------+-------+------------------+--------------------+
       Total:                          3262    298                0                 
                                                                                    
    C:\ti_v8\ccsv8\tools\compiler\ti-cgt-c2000_18.1.4.LTS\lib\rts2800_ml.lib
       trgmsg.c.obj                    148     0                  288               
       ll_div28.asm.obj                263     0                  0                 
       exit.c.obj                      41      14                 6                 
       hostwrite.c.obj                 56      0                  0                 
       l_div28.asm.obj                 42      0                  0                 
       cpy_tbl.c.obj                   36      0                  0                 
       i_div28.asm.obj                 34      0                  0                 
       memcpy.c.obj                    29      0                  0                 
       args_main.c.obj                 25      0                  0                 
       _lock.c.obj                     9       10                 4                 
       memset.c.obj                    12      0                  0                 
       hostopen.c.obj                  0       0                  8                 
       strlen.c.obj                    8       0                  0                 
       pre_init.c.obj                  2       0                  0                 
       startup.c.obj                   1       0                  0                 
    +--+-------------------------------+-------+------------------+--------------------+
       Total:                          706     24                 306               
                                                                                    
       Stack:                          0       0                  256               
    +--+-------------------------------+-------+------------------+--------------------+
       Grand Total:                    10681   7732               4756              


GLOBAL DATA SYMBOLS: SORTED BY DATA PAGE

address     data page           name
--------    ----------------    ----
00000000       0 (00000000)     ___ISA__
00000000       0 (00000000)     __stack
00000011       0 (00000000)     ___TARG__
00000035       0 (00000000)     ___PLAT__

0000005b       1 (00000040)     ___TRDR__

00000082       2 (00000080)     ___ASM__

00000880      22 (00000880)     _DevEmuRegs

00000985      26 (00000980)     _SysPwrCtrlRegs

00000a80      2a (00000a80)     _FlashRegs

00000ae0      2b (00000ac0)     _CsmRegs

00000b00      2c (00000b00)     _AdcResult

00000c00      30 (00000c00)     _CpuTimer0Regs
00000c08      30 (00000c00)     _CpuTimer1Regs
00000c10      30 (00000c00)     _CpuTimer2Regs

00000ce0      33 (00000cc0)     _PieCtrlRegs

00000d00      34 (00000d00)     _EmuKey
00000d00      34 (00000d00)     _PieVectTable
00000d01      34 (00000d00)     _EmuBMode
00000d02      34 (00000d00)     _Flash_CallbackPtr
00000d04      34 (00000d00)     _Flash_CPUScaleFactor

00006400     190 (00006400)     _Comp1Regs
00006420     190 (00006400)     _Comp2Regs

00006800     1a0 (00006800)     _EPwm1Regs

00006840     1a1 (00006840)     _EPwm2Regs

00006880     1a2 (00006880)     _EPwm3Regs

000068c0     1a3 (000068c0)     _EPwm4Regs

00006a00     1a8 (00006a00)     _ECap1Regs

00006f80     1be (00006f80)     _GpioCtrlRegs

00006fc0     1bf (00006fc0)     _GpioDataRegs
00006fe0     1bf (00006fc0)     _GpioIntRegs

00007010     1c0 (00007000)     _SysCtrlRegs

00007040     1c1 (00007040)     _SpiaRegs
00007050     1c1 (00007040)     _SciaRegs
00007060     1c1 (00007040)     _NmiIntruptRegs
00007070     1c1 (00007040)     _XIntruptRegs

00007100     1c4 (00007100)     _AdcRegs

00007900     1e4 (00007900)     _I2caRegs

00008000     200 (00008000)     _xdc_runtime_Error_Module__state__V
00008002     200 (00008000)     _xdc_runtime_HeapStd_Module__state__V
00008004     200 (00008000)     ___xdc__init__addr
00008006     200 (00008000)     _xdc_runtime_Memory_Module__state__V
00008008     200 (00008000)     _ti_sysbios_knl_Task_Instance_State_3_hookEnv__A
0000800a     200 (00008000)     _ti_sysbios_family_c28_Hwi_Instance_State_1_hookEnv__A
0000800c     200 (00008000)     _ti_sysbios_family_c28_Hwi_Instance_State_2_hookEnv__A
0000800e     200 (00008000)     _ti_sysbios_knl_Task_Instance_State_1_hookEnv__A
00008010     200 (00008000)     _ti_sysbios_knl_Task_Instance_State_2_hookEnv__A
00008012     200 (00008000)     _ti_sysbios_knl_Swi_Instance_State_0_hookEnv__A
00008014     200 (00008000)     _ti_sysbios_knl_Task_Instance_State_0_hookEnv__A
00008016     200 (00008000)     _ti_sysbios_family_c28_Hwi_Instance_State_0_hookEnv__A
00008018     200 (00008000)     _ti_sysbios_gates_GateHwi_Object__table__V
0000801a     200 (00008000)     _ti_sysbios_knl_Task_Module_State_0_idleTask__A
0000801c     200 (00008000)     _ti_sysbios_utils_Load_Module_State_0_runningTask__A
0000801e     200 (00008000)     _ti_sysbios_utils_Load_Module_State_0_taskStartTime__A
00008020     200 (00008000)     _xdc_runtime_LoggerBuf_Module__state__V
00008024     200 (00008000)     _xdc_runtime_SysMin_Module__state__V
00008028     200 (00008000)     _ti_sysbios_family_c28_Hwi_Module__root__V
0000802c     200 (00008000)     _xdc_runtime_Startup_Module__state__V
00008030     200 (00008000)     _ti_sysbios_knl_Semaphore_Module__root__V
00008034     200 (00008000)     _ti_sysbios_hal_Hwi_Module__root__V
00008038     200 (00008000)     _ti_sysbios_family_c28_TimestampProvider_Module__state__V
0000803c     200 (00008000)     _xdc_runtime_Registry_Module__state__V

00008040     201 (00008040)     _xdc_runtime_System_Module__state__V
00008044     201 (00008040)     _ti_sysbios_family_c28_Timer_Module__root__V
00008048     201 (00008040)     _ti_sysbios_gates_GateHwi_Module__root__V
0000804c     201 (00008040)     _xdc_runtime_GateNull_Module__root__V
00008050     201 (00008040)     _ti_sysbios_knl_Task_Module__root__V
00008054     201 (00008040)     _ti_sysbios_knl_Queue_Module__root__V
00008058     201 (00008040)     _xdc_runtime_Text_Module__state__V
0000805c     201 (00008040)     _xdc_runtime_HeapStd_Module__root__V
00008060     201 (00008040)     _ti_sysbios_knl_Swi_Module__root__V
00008064     201 (00008040)     _xdc_runtime_LoggerBuf_Module__root__V
00008068     201 (00008040)     _xdc_runtime_HeapStd_Object__table__V
0000806e     201 (00008040)     _xdc_runtime_System_Module_State_0_atexitHandlers__A
00008076     201 (00008040)     _ti_sysbios_family_c28_Timer_Module__state__V

00008080     202 (00008080)     _ti_sysbios_knl_Swi_Module__state__V
0000808c     202 (00008080)     _ti_sysbios_family_c28_Hwi_Module__state__V
0000809c     202 (00008080)     _xdc_runtime_Error_IgnoreBlock
000080ac     202 (00008080)     _ti_sysbios_BIOS_Module__state__V

000080c0     203 (000080c0)     _xdc_runtime_LoggerBuf_Object__table__V
000080d2     203 (000080c0)     _ti_sysbios_knl_Swi_Object__table__V
000080e6     203 (000080c0)     _ti_sysbios_family_c28_Timer_Object__table__V

00008100     204 (00008100)     _ti_sysbios_knl_Task_Module__state__V

00008140     205 (00008140)     _ti_sysbios_knl_Semaphore_Object__table__V

00008180     206 (00008180)     _ti_sysbios_family_c28_Hwi_Object__table__V

000081c0     207 (000081c0)     _ti_sysbios_utils_Load_Module_State_0_taskEnv__A

00008200     208 (00008200)     _ti_sysbios_knl_Task_Module_State_0_readyQ__A

00008240     209 (00008240)     _ti_sysbios_knl_Swi_Module_State_0_readyQ__A

00008280     20a (00008280)     _ti_sysbios_utils_Load_Module__state__V

00008300     20c (00008300)     _xdc_runtime_SysMin_Module_State_0_outbuf__A

00008380     20e (00008380)     _ti_sysbios_knl_Task_Object__table__V

00008440     211 (00008440)     _ti_sysbios_family_c28_Hwi_Module_State_0_dispatchTable__A

00008540     215 (00008540)     _xdc_runtime_LoggerBuf_Instance_State_0_entryArr__A

00008640     219 (00008640)     _ti_sysbios_knl_Task_Instance_State_0_stack__A

00008740     21d (00008740)     _ti_sysbios_knl_Task_Instance_State_3_stack__A

00008840     221 (00008840)     _ti_sysbios_knl_Task_Instance_State_1_stack__A

00008940     225 (00008940)     _ti_sysbios_knl_Task_Instance_State_2_stack__A

00008a40     229 (00008a40)     _y_quadrant_corr
00008a41     229 (00008a40)     _array_index
00008a42     229 (00008a40)     _y_coord
00008a43     229 (00008a40)     _x_quadrant_corr
00008a44     229 (00008a40)     _last_array_index
00008a45     229 (00008a40)     _draw_index
00008a46     229 (00008a40)     _clear_index
00008a47     229 (00008a40)     _colors
00008a48     229 (00008a40)     _tickCount
00008a49     229 (00008a40)     _test_distance
00008a4a     229 (00008a40)     _last_color
00008a4b     229 (00008a40)     _distance
00008a4c     229 (00008a40)     _quadrant
00008a4d     229 (00008a40)     _x_coord
00008a4e     229 (00008a40)     _isrFlag
00008a50     229 (00008a40)     _angle
00008a52     229 (00008a40)     _last_points_angle
00008a54     229 (00008a40)     _temp_val
00008a56     229 (00008a40)     _ref_ang
00008a58     229 (00008a40)     _CPU_data
00008a5a     229 (00008a40)     _y_
00008a5c     229 (00008a40)     _last_point
00008a5e     229 (00008a40)     _x_

00008a80     22a (00008a80)     _points_angle

00008b80     22e (00008b80)     _points

00008d4c     235 (00008d40)     _parmbuf
00008d54     235 (00008d40)     ___TI_enable_exit_profile_output
00008d56     235 (00008d40)     ___TI_cleanup_ptr
00008d58     235 (00008d40)     ___TI_dtors_ptr
00008d5a     235 (00008d40)     __lock
00008d5c     235 (00008d40)     __unlock

00008d80     236 (00008d80)     __CIOBUF_

003d7fff    f5ff (003d7fc0)     _PartIdRegs

003f29b8    fca6 (003f2980)     _xdc_runtime_Text_charTab__A

003f3e1f    fcf8 (003f3e00)     _ti_sysbios_family_c28_Hwi_Module__id__C
003f3e20    fcf8 (003f3e00)     _ti_sysbios_family_c28_Hwi_vectors

003f3f8b    fcfe (003f3f80)     _ti_sysbios_family_c28_Hwi_NUM_INTERRUPTS_ALL__C

003f3fe4    fcff (003f3fc0)     _xdc_runtime_Text_nodeTab__A

003f407f    fd01 (003f4040)     _ti_sysbios_family_c28_Hwi_Object__count__C

003f40c3    fd03 (003f40c0)     _ti_sysbios_family_c28_TaskSupport_Module__id__C
003f40ee    fd03 (003f40c0)     _xdc_runtime_LoggerBuf_Module__FXNS__C

003f4125    fd04 (003f4100)     _ti_sysbios_family_c28_Timer_Module__id__C
003f4126    fd04 (003f4100)     _clear_point
003f4128    fd04 (003f4100)     _draw_point
003f412a    fd04 (003f4100)     _clear_Sem
003f412c    fd04 (003f4100)     _redraw_Sem
003f412e    fd04 (003f4100)     _redraw_point
003f4130    fd04 (003f4100)     _hwi1
003f4132    fd04 (003f4100)     _hwi0
003f4134    fd04 (003f4100)     _mySwi
003f4136    fd04 (003f4100)     _lock_Sem
003f4138    fd04 (003f4100)     _draw_Sem
003f413a    fd04 (003f4100)     _xdc_runtime_HeapStd_Module__FXNS__C

003f414e    fd05 (003f4140)     _ti_sysbios_gates_GateHwi_Module__FXNS__C
003f4160    fd05 (003f4140)     _xdc_runtime_LoggerBuf_Object__PARAMS__C
003f4172    fd05 (003f4140)     _xdc_runtime_Startup_sfxnTab__A

003f4184    fd06 (003f4180)     _ti_sysbios_gates_GateHwi_Object__DESC__C
003f4194    fd06 (003f4180)     _xdc_runtime_HeapStd_Object__DESC__C
003f41a4    fd06 (003f4180)     _xdc_runtime_LoggerBuf_Object__DESC__C
003f41b4    fd06 (003f4180)     _xdc_runtime_HeapStd_Object__PARAMS__C

003f41c2    fd07 (003f41c0)     _ti_sysbios_gates_GateHwi_Object__PARAMS__C
003f41ce    fd07 (003f41c0)     _ti_sysbios_knl_Swi_hooks__A
003f41da    fd07 (003f41c0)     _ti_sysbios_knl_Task_hooks__A
003f41e6    fd07 (003f41c0)     _ti_sysbios_family_c28_Hwi_hooks__A
003f41f0    fd07 (003f41c0)     _xdc_runtime_Startup_sfxnRts__A
003f41f9    fd07 (003f41c0)     _ti_sysbios_family_c28_Timer_startupNeeded__C
003f41fa    fd07 (003f41c0)     _ti_sysbios_knl_Idle_funcList__A

003f4205    fd08 (003f4200)     _ti_sysbios_hal_Hwi_Module__id__C
003f4206    fd08 (003f4200)     _ti_sysbios_family_c28_Hwi_hooks__C
003f420a    fd08 (003f4200)     _ti_sysbios_knl_Idle_funcList__C
003f420e    fd08 (003f4200)     _ti_sysbios_knl_Swi_hooks__C
003f4212    fd08 (003f4200)     _ti_sysbios_knl_Task_hooks__C
003f4216    fd08 (003f4200)     _xdc_runtime_Startup_firstFxns__C
003f421a    fd08 (003f4200)     _xdc_runtime_Startup_lastFxns__C
003f421e    fd08 (003f4200)     _ti_sysbios_family_c28_Hwi_A_badIntNum__C
003f4220    fd08 (003f4200)     _ti_sysbios_family_c28_Hwi_A_invalidArg__C
003f4222    fd08 (003f4200)     _ti_sysbios_family_c28_Hwi_E_unpluggedInterrupt__C
003f4224    fd08 (003f4200)     _ti_sysbios_family_c28_Hwi_Module__diagsEnabled__C
003f4226    fd08 (003f4200)     _ti_sysbios_family_c28_Hwi_Module__diagsIncluded__C
003f4228    fd08 (003f4200)     _ti_sysbios_family_c28_Hwi_Module__diagsMask__C
003f422a    fd08 (003f4200)     _ti_sysbios_family_c28_TaskSupport_E_invalidStack__C
003f422c    fd08 (003f4200)     _ti_sysbios_family_c28_Timer_Module__diagsEnabled__C
003f422e    fd08 (003f4200)     _ti_sysbios_family_c28_Timer_Module__diagsIncluded__C
003f4230    fd08 (003f4200)     _ti_sysbios_family_c28_Timer_Module__diagsMask__C
003f4232    fd08 (003f4200)     _ti_sysbios_hal_Hwi_E_stackOverflow__C
003f4234    fd08 (003f4200)     _ti_sysbios_knl_Semaphore_A_badContext__C
003f4236    fd08 (003f4200)     _ti_sysbios_knl_Semaphore_A_overflow__C
003f4238    fd08 (003f4200)     _ti_sysbios_knl_Semaphore_A_pendTaskDisabled__C
003f423a    fd08 (003f4200)     _ti_sysbios_knl_Semaphore_Instance_State_pendQ__O
003f423c    fd08 (003f4200)     _ti_sysbios_knl_Semaphore_Module__diagsEnabled__C
003f423e    fd08 (003f4200)     _ti_sysbios_knl_Semaphore_Module__diagsIncluded__C

003f4240    fd09 (003f4240)     _ti_sysbios_knl_Semaphore_Module__diagsMask__C
003f4242    fd09 (003f4240)     _ti_sysbios_knl_Task_E_spOutOfBounds__C
003f4244    fd09 (003f4240)     _ti_sysbios_knl_Task_E_stackOverflow__C
003f4246    fd09 (003f4240)     _ti_sysbios_knl_Task_Module_State_inactiveQ__O
003f4248    fd09 (003f4240)     _ti_sysbios_knl_Task_Object__heap__C
003f424a    fd09 (003f4240)     _ti_sysbios_knl_Task_allBlockedFunc__C
003f424c    fd09 (003f4240)     _ti_sysbios_utils_Load_Module_State_taskList__O
003f424e    fd09 (003f4240)     _ti_sysbios_utils_Load_Module__diagsEnabled__C
003f4250    fd09 (003f4240)     _ti_sysbios_utils_Load_Module__diagsIncluded__C
003f4252    fd09 (003f4240)     _ti_sysbios_utils_Load_Module__diagsMask__C
003f4254    fd09 (003f4240)     _ti_sysbios_utils_Load_postUpdate__C
003f4256    fd09 (003f4240)     _xdc_runtime_Assert_E_assertFailed__C
003f4258    fd09 (003f4240)     _xdc_runtime_Core_A_initializedParams__C
003f425a    fd09 (003f4240)     _xdc_runtime_Core_Module__diagsEnabled__C
003f425c    fd09 (003f4240)     _xdc_runtime_Core_Module__diagsIncluded__C
003f425e    fd09 (003f4240)     _xdc_runtime_Core_Module__diagsMask__C
003f4260    fd09 (003f4240)     _xdc_runtime_Error_E_memory__C
003f4262    fd09 (003f4240)     _xdc_runtime_Error_Module__diagsEnabled__C
003f4264    fd09 (003f4240)     _xdc_runtime_Error_Module__diagsIncluded__C
003f4266    fd09 (003f4240)     _xdc_runtime_Error_Module__diagsMask__C
003f4268    fd09 (003f4240)     _xdc_runtime_Error_Module__loggerFxn8__C
003f426a    fd09 (003f4240)     _xdc_runtime_Error_Module__loggerObj__C
003f426c    fd09 (003f4240)     _xdc_runtime_Error_policyFxn__C
003f426e    fd09 (003f4240)     _xdc_runtime_Error_raiseHook__C
003f4270    fd09 (003f4240)     _xdc_runtime_HeapStd_A_align__C
003f4272    fd09 (003f4240)     _xdc_runtime_HeapStd_A_invalidTotalFreeSize__C
003f4274    fd09 (003f4240)     _xdc_runtime_HeapStd_A_zeroSize__C
003f4276    fd09 (003f4240)     _xdc_runtime_HeapStd_E_noRTSMemory__C
003f4278    fd09 (003f4240)     _xdc_runtime_HeapStd_Module__diagsEnabled__C
003f427a    fd09 (003f4240)     _xdc_runtime_HeapStd_Module__diagsIncluded__C
003f427c    fd09 (003f4240)     _xdc_runtime_HeapStd_Module__diagsMask__C
003f427e    fd09 (003f4240)     _xdc_runtime_IFilterLogger_Interface__BASE__C

003f4280    fd0a (003f4280)     _xdc_runtime_IGateProvider_Interface__BASE__C
003f4282    fd0a (003f4280)     _xdc_runtime_IHeap_Interface__BASE__C
003f4284    fd0a (003f4280)     _xdc_runtime_ILogger_Interface__BASE__C
003f4286    fd0a (003f4280)     _xdc_runtime_IModule_Interface__BASE__C
003f4288    fd0a (003f4280)     _xdc_runtime_Log_L_error__C
003f428a    fd0a (003f4280)     _xdc_runtime_LoggerBuf_E_badLevel__C
003f428c    fd0a (003f4280)     _xdc_runtime_LoggerBuf_Module__gateObj__C
003f428e    fd0a (003f4280)     _xdc_runtime_LoggerBuf_statusLogger__C
003f4290    fd0a (003f4280)     _xdc_runtime_Memory_defaultHeapInstance__C
003f4292    fd0a (003f4280)     _xdc_runtime_Startup_execImpl__C
003f4294    fd0a (003f4280)     _xdc_runtime_Startup_firstFxns__A
003f4296    fd0a (003f4280)     _xdc_runtime_Startup_lastFxns__A
003f4298    fd0a (003f4280)     _xdc_runtime_Startup_sfxnRts__C
003f429a    fd0a (003f4280)     _xdc_runtime_Startup_sfxnTab__C
003f429c    fd0a (003f4280)     _xdc_runtime_SysMin_bufSize__C
003f429e    fd0a (003f4280)     _xdc_runtime_SysMin_outputFunc__C
003f42a0    fd0a (003f4280)     _xdc_runtime_System_Module__gateObj__C
003f42a2    fd0a (003f4280)     _xdc_runtime_System_abortFxn__C
003f42a4    fd0a (003f4280)     _xdc_runtime_System_exitFxn__C
003f42a6    fd0a (003f4280)     _xdc_runtime_System_extendFxn__C
003f42a8    fd0a (003f4280)     _xdc_runtime_Text_charTab__C
003f42aa    fd0a (003f4280)     _xdc_runtime_Text_nameEmpty__C
003f42ac    fd0a (003f4280)     _xdc_runtime_Text_nameStatic__C
003f42ae    fd0a (003f4280)     _xdc_runtime_Text_nameUnknown__C
003f42b0    fd0a (003f4280)     _xdc_runtime_Text_nodeTab__C
003f42b2    fd0a (003f4280)     _xdc_runtime_Text_visitRopeFxn__C
003f42b4    fd0a (003f4280)     _ti_sysbios_knl_Semaphore_Module__id__C
003f42b5    fd0a (003f4280)     _ti_sysbios_knl_Swi_Object__count__C
003f42b6    fd0a (003f4280)     _ti_sysbios_knl_Swi_numConstructedSwis__C
003f42b7    fd0a (003f4280)     _ti_sysbios_knl_Task_Module__id__C
003f42b8    fd0a (003f4280)     _ti_sysbios_knl_Task_Object__count__C
003f42b9    fd0a (003f4280)     _ti_sysbios_knl_Task_numConstructedTasks__C
003f42ba    fd0a (003f4280)     _ti_sysbios_utils_Load_Module__id__C
003f42bb    fd0a (003f4280)     _ti_sysbios_utils_Load_autoAddTasks__C
003f42bc    fd0a (003f4280)     _ti_sysbios_utils_Load_updateInIdle__C
003f42bd    fd0a (003f4280)     _ti_sysbios_utils_Load_windowInMs__C
003f42be    fd0a (003f4280)     _xdc_runtime_Core_Module__id__C
003f42bf    fd0a (003f4280)     _xdc_runtime_Error_Module__loggerDefined__C

003f42c0    fd0b (003f42c0)     _xdc_runtime_Error_maxDepth__C
003f42c1    fd0b (003f42c0)     _xdc_runtime_Error_policy__C
003f42c2    fd0b (003f42c0)     _xdc_runtime_HeapStd_Module__id__C
003f42c3    fd0b (003f42c0)     _xdc_runtime_LoggerBuf_Module__id__C
003f42c4    fd0b (003f42c0)     _xdc_runtime_LoggerBuf_Object__count__C
003f42c5    fd0b (003f42c0)     _xdc_runtime_LoggerBuf_filterByLevel__C
003f42c6    fd0b (003f42c0)     _xdc_runtime_Memory_Module__id__C
003f42c7    fd0b (003f42c0)     _xdc_runtime_Startup_maxPasses__C
003f42c8    fd0b (003f42c0)     _xdc_runtime_SysMin_flushAtExit__C
003f42c9    fd0b (003f42c0)     _xdc_runtime_System_maxAtexitHandlers__C
003f42ca    fd0b (003f42c0)     _xdc_runtime_Text_charCnt__C
003f42cb    fd0b (003f42c0)     _xdc_runtime_Text_isLoaded__C
003f42cc    fd0b (003f42c0)     _xdc_runtime_Text_registryModsLastId__C
003f42cd    fd0b (003f42c0)     _xdc_runtime_Text_unnamedModsLastId__C

003f7ff8    fdff (003f7fc0)     _CsmPwl


GLOBAL SYMBOLS: SORTED ALPHABETICALLY BY Name 

page  address   name                                                      
----  -------   ----                                                      
0     003f0000  .text                                                     
0     003f212b  C$$EXIT                                                   
0     003f0d4a  C$$IO$$                                                   
0     003f225a  I$$DIV                                                    
0     003f226b  I$$MOD                                                    
0     003f205d  L$$DIV                                                    
0     003f206c  L$$MOD                                                    
0     003f077a  LL$$DIV                                                   
0     003f07b6  LL$$MOD                                                   
0     003f207a  UL$$DIV                                                   
[...]
0     003f4130  _hwi1                                                     
0     003f4132  _hwi0                                                     
0     003f4134  _mySwi                                                    
0     003f4136  _lock_Sem                                                 
0     003f4138  _draw_Sem                                                 
0     003f413a  _xdc_runtime_HeapStd_Module__FXNS__C                      
0     003f414e  _ti_sysbios_gates_GateHwi_Module__FXNS__C                 
0     003f4160  _xdc_runtime_LoggerBuf_Object__PARAMS__C                  
0     003f4172  _xdc_runtime_Startup_sfxnTab__A                           
0     003f4184  _ti_sysbios_gates_GateHwi_Object__DESC__C                 
0     003f4194  _xdc_runtime_HeapStd_Object__DESC__C                      
0     003f41a4  _xdc_runtime_LoggerBuf_Object__DESC__C                    
0     003f41b4  _xdc_runtime_HeapStd_Object__PARAMS__C                    
0     003f41c2  _ti_sysbios_gates_GateHwi_Object__PARAMS__C               
0     003f41ce  _ti_sysbios_knl_Swi_hooks__A                              
0     003f41da  _ti_sysbios_knl_Task_hooks__A                             
0     003f41e6  _ti_sysbios_family_c28_Hwi_hooks__A                       
0     003f41f0  _xdc_runtime_Startup_sfxnRts__A                           
0     003f41f9  _ti_sysbios_family_c28_Timer_startupNeeded__C             
0     003f41fa  _ti_sysbios_knl_Idle_funcList__A                          
0     003f4205  _ti_sysbios_hal_Hwi_Module__id__C                         
0     003f4206  _ti_sysbios_family_c28_Hwi_hooks__C                       
0     003f420a  _ti_sysbios_knl_Idle_funcList__C                          
0     003f420e  _ti_sysbios_knl_Swi_hooks__C                              
0     003f4212  _ti_sysbios_knl_Task_hooks__C                             
0     003f4216  _xdc_runtime_Startup_firstFxns__C                         
0     003f421a  _xdc_runtime_Startup_lastFxns__C                          
0     003f421e  _ti_sysbios_family_c28_Hwi_A_badIntNum__C                 
0     003f4220  _ti_sysbios_family_c28_Hwi_A_invalidArg__C                
0     003f4222  _ti_sysbios_family_c28_Hwi_E_unpluggedInterrupt__C        
0     003f4224  _ti_sysbios_family_c28_Hwi_Module__diagsEnabled__C        
0     003f4226  _ti_sysbios_family_c28_Hwi_Module__diagsIncluded__C       
0     003f4228  _ti_sysbios_family_c28_Hwi_Module__diagsMask__C           
0     003f422a  _ti_sysbios_family_c28_TaskSupport_E_invalidStack__C      
0     003f422c  _ti_sysbios_family_c28_Timer_Module__diagsEnabled__C      
0     003f422e  _ti_sysbios_family_c28_Timer_Module__diagsIncluded__C     
0     003f4230  _ti_sysbios_family_c28_Timer_Module__diagsMask__C         
0     003f4232  _ti_sysbios_hal_Hwi_E_stackOverflow__C                    
0     003f4234  _ti_sysbios_knl_Semaphore_A_badContext__C                 
0     003f4236  _ti_sysbios_knl_Semaphore_A_overflow__C                   
0     003f4238  _ti_sysbios_knl_Semaphore_A_pendTaskDisabled__C           
0     003f423a  _ti_sysbios_knl_Semaphore_Instance_State_pendQ__O         
0     003f423c  _ti_sysbios_knl_Semaphore_Module__diagsEnabled__C         
0     003f423e  _ti_sysbios_knl_Semaphore_Module__diagsIncluded__C        
0     003f4240  _ti_sysbios_knl_Semaphore_Module__diagsMask__C            
0     003f4242  _ti_sysbios_knl_Task_E_spOutOfBounds__C                   
0     003f4244  _ti_sysbios_knl_Task_E_stackOverflow__C                   
0     003f4246  _ti_sysbios_knl_Task_Module_State_inactiveQ__O            
0     003f4248  _ti_sysbios_knl_Task_Object__heap__C                      
0     003f424a  _ti_sysbios_knl_Task_allBlockedFunc__C                    
0     003f424c  _ti_sysbios_utils_Load_Module_State_taskList__O           
0     003f424e  _ti_sysbios_utils_Load_Module__diagsEnabled__C            
0     003f4250  _ti_sysbios_utils_Load_Module__diagsIncluded__C           
0     003f4252  _ti_sysbios_utils_Load_Module__diagsMask__C               
0     003f4254  _ti_sysbios_utils_Load_postUpdate__C                      
0     003f4256  _xdc_runtime_Assert_E_assertFailed__C                     
0     003f4258  _xdc_runtime_Core_A_initializedParams__C                  
0     003f425a  _xdc_runtime_Core_Module__diagsEnabled__C                 
0     003f425c  _xdc_runtime_Core_Module__diagsIncluded__C                
0     003f425e  _xdc_runtime_Core_Module__diagsMask__C                    
0     003f4260  _xdc_runtime_Error_E_memory__C                            
0     003f4262  _xdc_runtime_Error_Module__diagsEnabled__C                
0     003f4264  _xdc_runtime_Error_Module__diagsIncluded__C               
0     003f4266  _xdc_runtime_Error_Module__diagsMask__C                   
0     003f4268  _xdc_runtime_Error_Module__loggerFxn8__C                  
0     003f426a  _xdc_runtime_Error_Module__loggerObj__C                   
0     003f426c  _xdc_runtime_Error_policyFxn__C                           
0     003f426e  _xdc_runtime_Error_raiseHook__C                           
0     003f4270  _xdc_runtime_HeapStd_A_align__C                           
0     003f4272  _xdc_runtime_HeapStd_A_invalidTotalFreeSize__C            
0     003f4274  _xdc_runtime_HeapStd_A_zeroSize__C                        
0     003f4276  _xdc_runtime_HeapStd_E_noRTSMemory__C                     
0     003f4278  _xdc_runtime_HeapStd_Module__diagsEnabled__C              
0     003f427a  _xdc_runtime_HeapStd_Module__diagsIncluded__C             
0     003f427c  _xdc_runtime_HeapStd_Module__diagsMask__C                 
0     003f427e  _xdc_runtime_IFilterLogger_Interface__BASE__C             
0     003f4280  _xdc_runtime_IGateProvider_Interface__BASE__C             
0     003f4282  _xdc_runtime_IHeap_Interface__BASE__C                     
0     003f4284  _xdc_runtime_ILogger_Interface__BASE__C                   
0     003f4286  _xdc_runtime_IModule_Interface__BASE__C                   
0     003f4288  _xdc_runtime_Log_L_error__C                               
0     003f428a  _xdc_runtime_LoggerBuf_E_badLevel__C                      
0     003f428c  _xdc_runtime_LoggerBuf_Module__gateObj__C                 
0     003f428e  _xdc_runtime_LoggerBuf_statusLogger__C                    
0     003f4290  _xdc_runtime_Memory_defaultHeapInstance__C                
0     003f4292  _xdc_runtime_Startup_execImpl__C                          
0     003f4294  _xdc_runtime_Startup_firstFxns__A                         
0     003f4296  _xdc_runtime_Startup_lastFxns__A                          
0     003f4298  _xdc_runtime_Startup_sfxnRts__C                           
0     003f429a  _xdc_runtime_Startup_sfxnTab__C                           
0     003f429c  _xdc_runtime_SysMin_bufSize__C                            
0     003f429e  _xdc_runtime_SysMin_outputFunc__C                         
0     003f42a0  _xdc_runtime_System_Module__gateObj__C                    
0     003f42a2  _xdc_runtime_System_abortFxn__C                           
0     003f42a4  _xdc_runtime_System_exitFxn__C                            
0     003f42a6  _xdc_runtime_System_extendFxn__C                          
0     003f42a8  _xdc_runtime_Text_charTab__C                              
0     003f42aa  _xdc_runtime_Text_nameEmpty__C                            
0     003f42ac  _xdc_runtime_Text_nameStatic__C                           
0     003f42ae  _xdc_runtime_Text_nameUnknown__C                          
0     003f42b0  _xdc_runtime_Text_nodeTab__C                              
0     003f42b2  _xdc_runtime_Text_visitRopeFxn__C                         
0     003f42b4  _ti_sysbios_knl_Semaphore_Module__id__C                   
0     003f42b5  _ti_sysbios_knl_Swi_Object__count__C                      
0     003f42b6  _ti_sysbios_knl_Swi_numConstructedSwis__C                 
0     003f42b7  _ti_sysbios_knl_Task_Module__id__C                        
0     003f42b8  _ti_sysbios_knl_Task_Object__count__C                     
0     003f42b9  _ti_sysbios_knl_Task_numConstructedTasks__C               
0     003f42ba  _ti_sysbios_utils_Load_Module__id__C                      
0     003f42bb  _ti_sysbios_utils_Load_autoAddTasks__C                    
0     003f42bc  _ti_sysbios_utils_Load_updateInIdle__C                    
0     003f42bd  _ti_sysbios_utils_Load_windowInMs__C                      
0     003f42be  _xdc_runtime_Core_Module__id__C                           
0     003f42bf  _xdc_runtime_Error_Module__loggerDefined__C               
0     003f42c0  _xdc_runtime_Error_maxDepth__C                            
0     003f42c1  _xdc_runtime_Error_policy__C                              
0     003f42c2  _xdc_runtime_HeapStd_Module__id__C                        
0     003f42c3  _xdc_runtime_LoggerBuf_Module__id__C                      
0     003f42c4  _xdc_runtime_LoggerBuf_Object__count__C                   
0     003f42c5  _xdc_runtime_LoggerBuf_filterByLevel__C                   
0     003f42c6  _xdc_runtime_Memory_Module__id__C                         
0     003f42c7  _xdc_runtime_Startup_maxPasses__C                         
0     003f42c8  _xdc_runtime_SysMin_flushAtExit__C                        
0     003f42c9  _xdc_runtime_System_maxAtexitHandlers__C                  
0     003f42ca  _xdc_runtime_Text_charCnt__C                              
0     003f42cb  _xdc_runtime_Text_isLoaded__C                             
0     003f42cc  _xdc_runtime_Text_registryModsLastId__C                   
0     003f42cd  _xdc_runtime_Text_unnamedModsLastId__C                    
0     003f42ce  ___cinit__                                                
0     003f42ce  cinit                                                     
1     00000000  __stack                                                   
1     00000100  __STACK_END                                               
1     00000880  _DevEmuRegs                                               
1     00000985  _SysPwrCtrlRegs                                           
1     00000a80  _FlashRegs                                                
1     00000ae0  _CsmRegs                                                  
1     00000b00  _AdcResult                                                
1     00000c00  _CpuTimer0Regs                                            
1     00000c08  _CpuTimer1Regs                                            
1     00000c10  _CpuTimer2Regs                                            
1     00000ce0  _PieCtrlRegs                                              
1     00006400  _Comp1Regs                                                
1     00006420  _Comp2Regs                                                
1     00006800  _EPwm1Regs                                                
1     00006840  _EPwm2Regs                                                
1     00006880  _EPwm3Regs                                                
1     000068c0  _EPwm4Regs                                                
1     00006a00  _ECap1Regs                                                
1     00006f80  _GpioCtrlRegs                                             
1     00006fc0  _GpioDataRegs                                             
1     00006fe0  _GpioIntRegs                                              
1     00007010  _SysCtrlRegs                                              
1     00007040  _SpiaRegs                                                 
1     00007050  _SciaRegs                                                 
1     00007060  _NmiIntruptRegs                                           
1     00007070  _XIntruptRegs                                             
1     00007100  _AdcRegs                                                  
1     00007900  _I2caRegs                                                 
1     00008000  _RamfuncsLoadEnd                                          
1     00008000  _RamfuncsLoadStart                                        
1     00008000  _RamfuncsRunStart                                         
1     00008000  _xdc_runtime_Error_Module__state__V                       
1     00008002  _xdc_runtime_HeapStd_Module__state__V                     
1     00008004  ___xdc__init__addr                                        
1     00008006  _xdc_runtime_Memory_Module__state__V                      
1     00008008  _ti_sysbios_knl_Task_Instance_State_3_hookEnv__A          
1     0000800a  _ti_sysbios_family_c28_Hwi_Instance_State_1_hookEnv__A    
1     0000800c  _ti_sysbios_family_c28_Hwi_Instance_State_2_hookEnv__A    
1     0000800e  _ti_sysbios_knl_Task_Instance_State_1_hookEnv__A          
1     00008010  _ti_sysbios_knl_Task_Instance_State_2_hookEnv__A          
1     00008012  _ti_sysbios_knl_Swi_Instance_State_0_hookEnv__A           
1     00008014  _ti_sysbios_knl_Task_Instance_State_0_hookEnv__A          
1     00008016  _ti_sysbios_family_c28_Hwi_Instance_State_0_hookEnv__A    
1     00008018  _ti_sysbios_gates_GateHwi_Object__table__V                
1     0000801a  _ti_sysbios_knl_Task_Module_State_0_idleTask__A           
1     0000801c  _ti_sysbios_utils_Load_Module_State_0_runningTask__A      
1     0000801e  _ti_sysbios_utils_Load_Module_State_0_taskStartTime__A    
1     00008020  _xdc_runtime_LoggerBuf_Module__state__V                   
1     00008024  _xdc_runtime_SysMin_Module__state__V                      
1     00008028  _ti_sysbios_family_c28_Hwi_Module__root__V                
1     0000802c  _xdc_runtime_Startup_Module__state__V                     
1     00008030  _ti_sysbios_knl_Semaphore_Module__root__V                 
1     00008034  _ti_sysbios_hal_Hwi_Module__root__V                       
1     00008038  _ti_sysbios_family_c28_TimestampProvider_Module__state__V 
1     0000803c  _xdc_runtime_Registry_Module__state__V                    
1     00008040  _xdc_runtime_System_Module__state__V                      
1     00008044  _ti_sysbios_family_c28_Timer_Module__root__V              
1     00008048  _ti_sysbios_gates_GateHwi_Module__root__V                 
1     0000804c  _xdc_runtime_GateNull_Module__root__V                     
1     00008050  _ti_sysbios_knl_Task_Module__root__V                      
1     00008054  _ti_sysbios_knl_Queue_Module__root__V                     
1     00008058  _xdc_runtime_Text_Module__state__V                        
1     0000805c  _xdc_runtime_HeapStd_Module__root__V                      
1     00008060  _ti_sysbios_knl_Swi_Module__root__V                       
1     00008064  _xdc_runtime_LoggerBuf_Module__root__V                    
1     00008068  _xdc_runtime_HeapStd_Object__table__V                     
1     0000806e  _xdc_runtime_System_Module_State_0_atexitHandlers__A      
1     00008076  _ti_sysbios_family_c28_Timer_Module__state__V             
1     00008080  _ti_sysbios_knl_Swi_Module__state__V                      
1     0000808c  _ti_sysbios_family_c28_Hwi_Module__state__V               
1     0000809c  _xdc_runtime_Error_IgnoreBlock                            
1     000080ac  _ti_sysbios_BIOS_Module__state__V                         
1     000080c0  _xdc_runtime_LoggerBuf_Object__table__V                   
1     000080d2  _ti_sysbios_knl_Swi_Object__table__V                      
1     000080e6  _ti_sysbios_family_c28_Timer_Object__table__V             
1     00008100  _ti_sysbios_knl_Task_Module__state__V                     
1     00008140  _ti_sysbios_knl_Semaphore_Object__table__V                
1     00008180  _ti_sysbios_family_c28_Hwi_Object__table__V               
1     000081c0  _ti_sysbios_utils_Load_Module_State_0_taskEnv__A          
1     00008200  _ti_sysbios_knl_Task_Module_State_0_readyQ__A             
1     00008240  _ti_sysbios_knl_Swi_Module_State_0_readyQ__A              
1     00008280  _ti_sysbios_utils_Load_Module__state__V                   
1     00008300  _xdc_runtime_SysMin_Module_State_0_outbuf__A              
1     00008380  _ti_sysbios_knl_Task_Object__table__V                     
1     00008440  _ti_sysbios_family_c28_Hwi_Module_State_0_dispatchTable__A
1     00008540  _xdc_runtime_LoggerBuf_Instance_State_0_entryArr__A       
1     00008640  _ti_sysbios_knl_Task_Instance_State_0_stack__A            
1     00008740  _ti_sysbios_knl_Task_Instance_State_3_stack__A            
1     00008840  _ti_sysbios_knl_Task_Instance_State_1_stack__A            
1     00008940  _ti_sysbios_knl_Task_Instance_State_2_stack__A            
1     00008a40  _y_quadrant_corr                                          
1     00008a41  _array_index                                              
1     00008a42  _y_coord                                                  
1     00008a43  _x_quadrant_corr                                          
1     00008a44  _last_array_index                                         
1     00008a45  _draw_index                                               
1     00008a46  _clear_index                                              
1     00008a47  _colors                                                   
1     00008a48  _tickCount                                                
1     00008a49  _test_distance                                            
1     00008a4a  _last_color                                               
1     00008a4b  _distance                                                 
1     00008a4c  _quadrant                                                 
1     00008a4d  _x_coord                                                  
1     00008a4e  _isrFlag                                                  
1     00008a50  _angle                                                    
1     00008a52  _last_points_angle                                        
1     00008a54  _temp_val                                                 
1     00008a56  _ref_ang                                                  
1     00008a58  _CPU_data                                                 
1     00008a5a  _y_                                                       
1     00008a5c  _last_point                                               
1     00008a5e  _x_                                                       
1     00008a80  _points_angle                                             
1     00008b80  _points                                                   
1     00008d4c  _parmbuf                                                  
1     00008d54  ___TI_enable_exit_profile_output                          
1     00008d56  ___TI_cleanup_ptr                                         
1     00008d58  ___TI_dtors_ptr                                           
1     00008d5a  __lock                                                    
1     00008d5c  __unlock                                                  
1     00008d80  __CIOBUF_                                                 
1     003d7fff  _PartIdRegs                                               
1     003f7ff8  _CsmPwl                                                   
abs   00000000  _RamfuncsLoadSize                                         
abs   00000001  _xdc_runtime_Startup__EXECFXN__C                          
abs   00000001  _xdc_runtime_Startup__RESETFXN__C                         
abs   00000100  __STACK_SIZE                                              
abs   ffffffff  ___TI_pprof_out_hndl                                      
abs   ffffffff  ___TI_prof_data_size                                      
abs   ffffffff  ___TI_prof_data_start                                     
abs   ffffffff  ___binit__                                                
abs   ffffffff  ___c_args__                                               
abs   ffffffff  ___pinit__                                                
abs   ffffffff  binit                                                     
abs   ffffffff  pinit                                                     

[589 symbols]
